#
# There is insufficient memory for the Java Runtime Environment to continue.
# Native memory allocation (malloc) failed to allocate 1811232 bytes. Error detail: Chunk::new
# Possible reasons:
#   The system is out of physical RAM or swap space
#   This process is running with CompressedOops enabled, and the Java Heap may be blocking the growth of the native heap
# Possible solutions:
#   Reduce memory load on the system
#   Increase physical memory or swap space
#   Check if swap backing store is full
#   Decrease Java heap size (-Xmx/-Xms)
#   Decrease number of Java threads
#   Decrease Java thread stack sizes (-Xss)
#   Set larger code cache with -XX:ReservedCodeCacheSize=
#   JVM is running with Unscaled Compressed Oops mode in which the Java heap is
#     placed in the first 4GB address space. The Java Heap base address is the
#     maximum limit for the native heap growth. Please use -XX:HeapBaseMinAddress
#     to set the Java Heap base and to place the Java Heap above 4GB virtual address.
# This output file may be truncated or incomplete.
#
#  Out of Memory Error (arena.cpp:168), pid=10720, tid=8296
#
# JRE version: OpenJDK Runtime Environment (21.0.10) (build 21.0.10+-14961533-b1163.108)
# Java VM: OpenJDK 64-Bit Server VM (21.0.10+-14961533-b1163.108, mixed mode, tiered, compressed oops, compressed class ptrs, g1 gc, windows-amd64)
# No core dump will be written. Minidumps are not enabled by default on client versions of Windows
#

---------------  S U M M A R Y ------------

Command Line: org.jetbrains.kotlin.cli.jvm.K2JVMCompiler @C:\Users\ak759\StudioProjects\Smart-Attendance-App\app\build\20260728_4421683694375831989.compiler.options

Host: 11th Gen Intel(R) Core(TM) i3-1115G4 @ 3.00GHz, 4 cores, 7G,  Windows 11 , 64 bit Build 26100 (10.0.26100.8875)
Time: Tue Jul 28 16:24:09 2026 India Standard Time elapsed time: 8.594727 seconds (0d 0h 0m 8s)

---------------  T H R E A D  ---------------

Current thread (0x000002562a75f580):  JavaThread "C2 CompilerThread1" daemon [_thread_in_native, id=8296, stack(0x000000999ae00000,0x000000999af00000) (1024K)]


Current CompileTask:
C2:8594 3924       4       jdk.internal.loader.ClassLoaders$AppClassLoader::loadClass (40 bytes)

Stack: [0x000000999ae00000,0x000000999af00000]
Native frames: (J=compiled Java code, j=interpreted, Vv=VM code, C=native code)
V  [jvm.dll+0x6d78a9]
V  [jvm.dll+0x8665b3]
V  [jvm.dll+0x868bde]
V  [jvm.dll+0x8692c3]
V  [jvm.dll+0x280ee6]
V  [jvm.dll+0xc07cd]
V  [jvm.dll+0xc0d03]
V  [jvm.dll+0x3ba0cb]
V  [jvm.dll+0x1dfe64]
V  [jvm.dll+0x249d24]
V  [jvm.dll+0x2491a1]
V  [jvm.dll+0x1c76e4]
V  [jvm.dll+0x25891e]
V  [jvm.dll+0x256e66]
V  [jvm.dll+0x3f513e]
V  [jvm.dll+0x80fd28]
V  [jvm.dll+0x6d60fd]
C  [ucrtbase.dll+0x2cd30]
C  [KERNEL32.DLL+0x2e957]
C  [ntdll.dll+0xaad6c]


---------------  P R O C E S S  ---------------

Threads class SMR info:
_java_thread_list=0x000002563159e7e0, length=12, elements={
0x000002561146f210, 0x000002562a65ac30, 0x000002562a6a4dc0, 0x000002562a689260,
0x000002562a6b0960, 0x000002562a68dad0, 0x000002562a68f540, 0x000002562a6aabd0,
0x000002562a6aba90, 0x000002562a6ae3b0, 0x000002562a8590a0, 0x000002562a75f580
}

Java Threads: ( => current thread )
  0x000002561146f210 JavaThread "main"                              [_thread_in_Java, id=9472, stack(0x0000009999c00000,0x0000009999d00000) (1024K)]
  0x000002562a65ac30 JavaThread "Common-Cleaner"             daemon [_thread_blocked, id=5744, stack(0x000000999a400000,0x000000999a500000) (1024K)]
  0x000002562a6a4dc0 JavaThread "Reference Handler"          daemon [_thread_blocked, id=10500, stack(0x000000999a500000,0x000000999a600000) (1024K)]
  0x000002562a689260 JavaThread "Finalizer"                  daemon [_thread_blocked, id=2008, stack(0x000000999a600000,0x000000999a700000) (1024K)]
  0x000002562a6b0960 JavaThread "Signal Dispatcher"          daemon [_thread_blocked, id=14364, stack(0x000000999a700000,0x000000999a800000) (1024K)]
  0x000002562a68dad0 JavaThread "Attach Listener"            daemon [_thread_blocked, id=5488, stack(0x000000999a800000,0x000000999a900000) (1024K)]
  0x000002562a68f540 JavaThread "Service Thread"             daemon [_thread_blocked, id=3244, stack(0x000000999a900000,0x000000999aa00000) (1024K)]
  0x000002562a6aabd0 JavaThread "Monitor Deflation Thread"   daemon [_thread_blocked, id=12872, stack(0x000000999aa00000,0x000000999ab00000) (1024K)]
  0x000002562a6aba90 JavaThread "C2 CompilerThread0"         daemon [_thread_in_native, id=3920, stack(0x000000999ab00000,0x000000999ac00000) (1024K)]
  0x000002562a6ae3b0 JavaThread "C1 CompilerThread0"         daemon [_thread_blocked, id=9828, stack(0x000000999ac00000,0x000000999ad00000) (1024K)]
  0x000002562a8590a0 JavaThread "Notification Thread"        daemon [_thread_blocked, id=7276, stack(0x000000999ad00000,0x000000999ae00000) (1024K)]
=>0x000002562a75f580 JavaThread "C2 CompilerThread1"         daemon [_thread_in_native, id=8296, stack(0x000000999ae00000,0x000000999af00000) (1024K)]
Total: 12

Other Threads:
  0x000002562a488db0 VMThread "VM Thread"                           [id=2288, stack(0x000000999a300000,0x000000999a400000) (1024K)]
  0x000002562a467830 WatcherThread "VM Periodic Task Thread"        [id=4832, stack(0x000000999a200000,0x000000999a300000) (1024K)]
  0x00000256137bd8a0 WorkerThread "GC Thread#0"                     [id=9600, stack(0x0000009999d00000,0x0000009999e00000) (1024K)]
  0x000002562f3806b0 WorkerThread "GC Thread#1"                     [id=10220, stack(0x000000999af00000,0x000000999b000000) (1024K)]
  0x000002562f380a60 WorkerThread "GC Thread#2"                     [id=15028, stack(0x000000999b000000,0x000000999b100000) (1024K)]
  0x000002562f3cf5f0 WorkerThread "GC Thread#3"                     [id=6820, stack(0x000000999b100000,0x000000999b200000) (1024K)]
  0x00000256137ce9e0 ConcurrentGCThread "G1 Main Marker"            [id=8256, stack(0x0000009999e00000,0x0000009999f00000) (1024K)]
  0x00000256137cf4f0 WorkerThread "G1 Conc#0"                       [id=8592, stack(0x0000009999f00000,0x000000999a000000) (1024K)]
  0x000002561382e8a0 ConcurrentGCThread "G1 Refine#0"               [id=13576, stack(0x000000999a000000,0x000000999a100000) (1024K)]
  0x000002562a338640 ConcurrentGCThread "G1 Service"                [id=6896, stack(0x000000999a100000,0x000000999a200000) (1024K)]
Total: 10

Threads with active compile tasks:
C2 CompilerThread0  8613 3920       4       java.lang.ClassLoader::loadClass (7 bytes)
C2 CompilerThread1  8613 3924       4       jdk.internal.loader.ClassLoaders$AppClassLoader::loadClass (40 bytes)
Total: 2

VM state: not at safepoint (normal execution)

VM Mutex/Monitor currently owned by a thread: None

Heap address: 0x0000000083600000, size: 1994 MB, Compressed Oops mode: 32-bit

CDS archive(s) not mapped
Compressed class space mapped at: 0x0000000100000000-0x0000000140000000, reserved size: 1073741824
Narrow klass base: 0x0000000000000000, Narrow klass shift: 3, Narrow klass range: 0x140000000

GC Precious Log:
 CardTable entry size: 512
 Card Set container configuration: InlinePtr #cards 5 size 8 Array Of Cards #cards 12 size 40 Howl #buckets 4 coarsen threshold 1843 Howl Bitmap #cards 512 size 80 coarsen threshold 460 Card regions per heap region 1 cards per card region 2048
 CPUs: 4 total, 4 available
 Memory: 7975M
 Large Page Support: Disabled
 NUMA Support: Disabled
 Compressed Oops: Enabled (32-bit)
 Heap Region Size: 1M
 Heap Min Capacity: 8M
 Heap Initial Capacity: 126M
 Heap Max Capacity: 1994M
 Pre-touch: Disabled
 Parallel Workers: 4
 Concurrent Workers: 1
 Concurrent Refinement Workers: 4
 Periodic GC: Disabled

Heap:
 garbage-first heap   total 61440K, used 42954K [0x0000000083600000, 0x0000000100000000)
  region size 1024K, 10 young (10240K), 2 survivors (2048K)
 Metaspace       used 51167K, committed 51904K, reserved 1114112K
  class space    used 6185K, committed 6528K, reserved 1048576K

Heap Regions: E=young(eden), S=young(survivor), O=old, HS=humongous(starts), HC=humongous(continues), CS=collection set, F=free, TAMS=top-at-mark-start, PB=parsable bottom
|   0|0x0000000083600000, 0x0000000083700000, 0x0000000083700000|100%|HS|  |TAMS 0x0000000083600000| PB 0x0000000083600000| Complete 
|   1|0x0000000083700000, 0x0000000083800000, 0x0000000083800000|100%|HC|  |TAMS 0x0000000083700000| PB 0x0000000083700000| Complete 
|   2|0x0000000083800000, 0x0000000083900000, 0x0000000083900000|100%|HC|  |TAMS 0x0000000083800000| PB 0x0000000083800000| Complete 
|   3|0x0000000083900000, 0x0000000083a00000, 0x0000000083a00000|100%| O|  |TAMS 0x0000000083900000| PB 0x0000000083900000| Untracked 
|   4|0x0000000083a00000, 0x0000000083b00000, 0x0000000083b00000|100%| O|  |TAMS 0x0000000083a00000| PB 0x0000000083a00000| Untracked 
|   5|0x0000000083b00000, 0x0000000083c00000, 0x0000000083c00000|100%| O|  |TAMS 0x0000000083b00000| PB 0x0000000083b00000| Untracked 
|   6|0x0000000083c00000, 0x0000000083d00000, 0x0000000083d00000|100%| O|  |TAMS 0x0000000083c00000| PB 0x0000000083c00000| Untracked 
|   7|0x0000000083d00000, 0x0000000083e00000, 0x0000000083e00000|100%| O|  |TAMS 0x0000000083d00000| PB 0x0000000083d00000| Untracked 
|   8|0x0000000083e00000, 0x0000000083f00000, 0x0000000083f00000|100%| O|  |TAMS 0x0000000083e00000| PB 0x0000000083e00000| Untracked 
|   9|0x0000000083f00000, 0x0000000084000000, 0x0000000084000000|100%| O|  |TAMS 0x0000000083f00000| PB 0x0000000083f00000| Untracked 
|  10|0x0000000084000000, 0x0000000084100000, 0x0000000084100000|100%| O|  |TAMS 0x0000000084000000| PB 0x0000000084000000| Untracked 
|  11|0x0000000084100000, 0x0000000084200000, 0x0000000084200000|100%| O|  |TAMS 0x0000000084100000| PB 0x0000000084100000| Untracked 
|  12|0x0000000084200000, 0x0000000084300000, 0x0000000084300000|100%| O|  |TAMS 0x0000000084200000| PB 0x0000000084200000| Untracked 
|  13|0x0000000084300000, 0x0000000084400000, 0x0000000084400000|100%| O|  |TAMS 0x0000000084300000| PB 0x0000000084300000| Untracked 
|  14|0x0000000084400000, 0x0000000084500000, 0x0000000084500000|100%| O|  |TAMS 0x0000000084400000| PB 0x0000000084400000| Untracked 
|  15|0x0000000084500000, 0x0000000084600000, 0x0000000084600000|100%| O|  |TAMS 0x0000000084500000| PB 0x0000000084500000| Untracked 
|  16|0x0000000084600000, 0x0000000084700000, 0x0000000084700000|100%| O|  |TAMS 0x0000000084600000| PB 0x0000000084600000| Untracked 
|  17|0x0000000084700000, 0x0000000084800000, 0x0000000084800000|100%| O|  |TAMS 0x0000000084700000| PB 0x0000000084700000| Untracked 
|  18|0x0000000084800000, 0x0000000084900000, 0x0000000084900000|100%| O|  |TAMS 0x0000000084800000| PB 0x0000000084800000| Untracked 
|  19|0x0000000084900000, 0x0000000084a00000, 0x0000000084a00000|100%| O|  |TAMS 0x0000000084900000| PB 0x0000000084900000| Untracked 
|  20|0x0000000084a00000, 0x0000000084b00000, 0x0000000084b00000|100%| O|  |TAMS 0x0000000084a00000| PB 0x0000000084a00000| Untracked 
|  21|0x0000000084b00000, 0x0000000084c00000, 0x0000000084c00000|100%| O|  |TAMS 0x0000000084b00000| PB 0x0000000084b00000| Untracked 
|  22|0x0000000084c00000, 0x0000000084d00000, 0x0000000084d00000|100%| O|  |TAMS 0x0000000084c00000| PB 0x0000000084c00000| Untracked 
|  23|0x0000000084d00000, 0x0000000084e00000, 0x0000000084e00000|100%| O|  |TAMS 0x0000000084d00000| PB 0x0000000084d00000| Untracked 
|  24|0x0000000084e00000, 0x0000000084f00000, 0x0000000084f00000|100%| O|  |TAMS 0x0000000084e00000| PB 0x0000000084e00000| Untracked 
|  25|0x0000000084f00000, 0x0000000085000000, 0x0000000085000000|100%| O|Cm|TAMS 0x0000000084f00000| PB 0x0000000084f00000| Complete 
|  26|0x0000000085000000, 0x0000000085100000, 0x0000000085100000|100%| O|  |TAMS 0x0000000085000000| PB 0x0000000085000000| Untracked 
|  27|0x0000000085100000, 0x0000000085200000, 0x0000000085200000|100%|HS|  |TAMS 0x0000000085100000| PB 0x0000000085100000| Complete 
|  28|0x0000000085200000, 0x0000000085300000, 0x0000000085300000|100%|HC|  |TAMS 0x0000000085200000| PB 0x0000000085200000| Complete 
|  29|0x0000000085300000, 0x00000000853b0f88, 0x0000000085400000| 69%| O|  |TAMS 0x0000000085300000| PB 0x0000000085300000| Untracked 
|  30|0x0000000085400000, 0x0000000085500000, 0x0000000085500000|100%| O|  |TAMS 0x0000000085400000| PB 0x0000000085400000| Untracked 
|  31|0x0000000085500000, 0x0000000085600000, 0x0000000085600000|100%|HS|  |TAMS 0x0000000085500000| PB 0x0000000085500000| Complete 
|  32|0x0000000085600000, 0x0000000085700000, 0x0000000085700000|100%| O|  |TAMS 0x0000000085600000| PB 0x0000000085600000| Untracked 
|  33|0x0000000085700000, 0x0000000085700000, 0x0000000085800000|  0%| F|  |TAMS 0x0000000085700000| PB 0x0000000085700000| Untracked 
|  34|0x0000000085800000, 0x0000000085800000, 0x0000000085900000|  0%| F|  |TAMS 0x0000000085800000| PB 0x0000000085800000| Untracked 
|  35|0x0000000085900000, 0x0000000085941930, 0x0000000085a00000| 25%| S|CS|TAMS 0x0000000085900000| PB 0x0000000085900000| Complete 
|  36|0x0000000085a00000, 0x0000000085b00000, 0x0000000085b00000|100%| S|CS|TAMS 0x0000000085a00000| PB 0x0000000085a00000| Complete 
|  37|0x0000000085b00000, 0x0000000085b00000, 0x0000000085c00000|  0%| F|  |TAMS 0x0000000085b00000| PB 0x0000000085b00000| Untracked 
|  38|0x0000000085c00000, 0x0000000085c00000, 0x0000000085d00000|  0%| F|  |TAMS 0x0000000085c00000| PB 0x0000000085c00000| Untracked 
|  39|0x0000000085d00000, 0x0000000085d00000, 0x0000000085e00000|  0%| F|  |TAMS 0x0000000085d00000| PB 0x0000000085d00000| Untracked 
|  40|0x0000000085e00000, 0x0000000085e00000, 0x0000000085f00000|  0%| F|  |TAMS 0x0000000085e00000| PB 0x0000000085e00000| Untracked 
|  41|0x0000000085f00000, 0x0000000085f00000, 0x0000000086000000|  0%| F|  |TAMS 0x0000000085f00000| PB 0x0000000085f00000| Untracked 
|  42|0x0000000086000000, 0x0000000086000000, 0x0000000086100000|  0%| F|  |TAMS 0x0000000086000000| PB 0x0000000086000000| Untracked 
|  43|0x0000000086100000, 0x0000000086100000, 0x0000000086200000|  0%| F|  |TAMS 0x0000000086100000| PB 0x0000000086100000| Untracked 
|  44|0x0000000086200000, 0x0000000086200000, 0x0000000086300000|  0%| F|  |TAMS 0x0000000086200000| PB 0x0000000086200000| Untracked 
|  45|0x0000000086300000, 0x0000000086300000, 0x0000000086400000|  0%| F|  |TAMS 0x0000000086300000| PB 0x0000000086300000| Untracked 
|  46|0x0000000086400000, 0x0000000086400000, 0x0000000086500000|  0%| F|  |TAMS 0x0000000086400000| PB 0x0000000086400000| Untracked 
|  47|0x0000000086500000, 0x0000000086500000, 0x0000000086600000|  0%| F|  |TAMS 0x0000000086500000| PB 0x0000000086500000| Untracked 
|  48|0x0000000086600000, 0x0000000086600000, 0x0000000086700000|  0%| F|  |TAMS 0x0000000086600000| PB 0x0000000086600000| Untracked 
|  49|0x0000000086700000, 0x0000000086700000, 0x0000000086800000|  0%| F|  |TAMS 0x0000000086700000| PB 0x0000000086700000| Untracked 
|  50|0x0000000086800000, 0x0000000086800000, 0x0000000086900000|  0%| F|  |TAMS 0x0000000086800000| PB 0x0000000086800000| Untracked 
|  51|0x0000000086900000, 0x0000000086989680, 0x0000000086a00000| 53%| E|  |TAMS 0x0000000086900000| PB 0x0000000086900000| Complete 
|  52|0x0000000086a00000, 0x0000000086b00000, 0x0000000086b00000|100%| E|CS|TAMS 0x0000000086a00000| PB 0x0000000086a00000| Complete 
|  53|0x0000000086b00000, 0x0000000086c00000, 0x0000000086c00000|100%| E|CS|TAMS 0x0000000086b00000| PB 0x0000000086b00000| Complete 
| 111|0x000000008a500000, 0x000000008a600000, 0x000000008a600000|100%| E|CS|TAMS 0x000000008a500000| PB 0x000000008a500000| Complete 
| 112|0x000000008a600000, 0x000000008a700000, 0x000000008a700000|100%| E|CS|TAMS 0x000000008a600000| PB 0x000000008a600000| Complete 
| 113|0x000000008a700000, 0x000000008a800000, 0x000000008a800000|100%| E|CS|TAMS 0x000000008a700000| PB 0x000000008a700000| Complete 
| 125|0x000000008b300000, 0x000000008b400000, 0x000000008b400000|100%| E|CS|TAMS 0x000000008b300000| PB 0x000000008b300000| Complete 
|1992|0x00000000ffe00000, 0x00000000fff00000, 0x00000000fff00000|100%| E|CS|TAMS 0x00000000ffe00000| PB 0x00000000ffe00000| Complete 
|1993|0x00000000fff00000, 0x0000000100000000, 0x0000000100000000|100%| O|  |TAMS 0x00000000fff00000| PB 0x00000000fff00000| Untracked 

Card table byte_map: [0x0000025625cc0000,0x00000256260b0000] _byte_map_base: 0x00000256258a5000

Marking Bits: (CMBitMap*) 0x00000256137be7c0
 Bits: [0x00000256260b0000, 0x0000025627fd8000)

Polling page: 0x0000025611650000

Metaspace:

Usage:
  Non-class:     43.93 MB used.
      Class:      6.04 MB used.
       Both:     49.97 MB used.

Virtual space:
  Non-class space:       64.00 MB reserved,      44.31 MB ( 69%) committed,  1 nodes.
      Class space:        1.00 GB reserved,       6.38 MB ( <1%) committed,  1 nodes.
             Both:        1.06 GB reserved,      50.69 MB (  5%) committed. 

Chunk freelists:
   Non-Class:  3.03 MB
       Class:  9.56 MB
        Both:  12.59 MB

MaxMetaspaceSize: unlimited
CompressedClassSpaceSize: 1.00 GB
Initial GC threshold: 21.00 MB
Current GC threshold: 84.38 MB
CDS: off
 - commit_granule_bytes: 65536.
 - commit_granule_words: 8192.
 - virtual_space_node_default_size: 8388608.
 - enlarge_chunks_in_place: 1.
 - use_allocation_guard: 0.


Internal statistics:

num_allocs_failed_limit: 9.
num_arena_births: 1198.
num_arena_deaths: 0.
num_vsnodes_births: 2.
num_vsnodes_deaths: 0.
num_space_committed: 809.
num_space_uncommitted: 0.
num_chunks_returned_to_freelist: 9.
num_chunks_taken_from_freelist: 2912.
num_chunk_merges: 9.
num_chunk_splits: 2150.
num_chunks_enlarged: 1556.
num_inconsistent_stats: 0.

CodeHeap 'non-profiled nmethods': size=120000Kb used=2056Kb max_used=2080Kb free=117943Kb
 bounds [0x000002561e3a0000, 0x000002561e610000, 0x00000256258d0000]
CodeHeap 'profiled nmethods': size=120000Kb used=6868Kb max_used=7165Kb free=113131Kb
 bounds [0x00000256168d0000, 0x0000025616fd0000, 0x000002561de00000]
CodeHeap 'non-nmethods': size=5760Kb used=1654Kb max_used=1654Kb free=4105Kb
 bounds [0x000002561de00000, 0x000002561e070000, 0x000002561e3a0000]
CodeCache: size=245760Kb, used=10578Kb, max_used=10899Kb, free=235179Kb
 total_blobs=4185, nmethods=3562, adapters=524, full_count=0
Compilation: enabled, stopped_count=0, restarted_count=0

Compilation events (20 events):
Event: 8.563 Thread 0x000002562a6ae3b0 nmethod 4051 0x0000025616974310 code [0x0000025616974500, 0x0000025616974a18]
Event: 8.563 Thread 0x000002562a6ae3b0 4052       3       org.jetbrains.kotlin.metadata.jvm.JvmProtoBuf$JvmMethodSignature$Builder::mergeFrom (7 bytes)
Event: 8.563 Thread 0x000002562a6ae3b0 nmethod 4052 0x0000025616b0a790 code [0x0000025616b0a940, 0x0000025616b0aa78]
Event: 8.564 Thread 0x000002562a6ae3b0 4053       3       org.jetbrains.kotlin.metadata.jvm.JvmProtoBuf$JvmMethodSignature$Builder::mergeFrom (59 bytes)
Event: 8.564 Thread 0x000002562a6ae3b0 nmethod 4053 0x0000025616a63f10 code [0x0000025616a64120, 0x0000025616a64768]
Event: 8.564 Thread 0x000002562a6ae3b0 4054       3       org.jetbrains.kotlin.metadata.jvm.JvmProtoBuf$JvmMethodSignature$Builder::build (5 bytes)
Event: 8.564 Thread 0x000002562a6ae3b0 nmethod 4054 0x0000025616972e10 code [0x0000025616973000, 0x00000256169733e8]
Event: 8.569 Thread 0x000002562a6ae3b0 4055       3       org.jetbrains.kotlin.metadata.jvm.JvmProtoBuf$JvmMethodSignature::<init> (6 bytes)
Event: 8.569 Thread 0x000002562a6ae3b0 nmethod 4055 0x0000025616c6bb10 code [0x0000025616c6bce0, 0x0000025616c6bff0]
Event: 8.569 Thread 0x000002562a6ae3b0 4056       3       org.jetbrains.kotlin.metadata.jvm.JvmProtoBuf$JvmMethodSignature::<init> (24 bytes)
Event: 8.569 Thread 0x000002562a6ae3b0 nmethod 4056 0x0000025616979b10 code [0x0000025616979cc0, 0x0000025616979f70]
Event: 8.573 Thread 0x000002562a6ae3b0 4057       3       org.jetbrains.kotlin.metadata.jvm.JvmProtoBuf$JvmMethodSignature::access$2002 (7 bytes)
Event: 8.573 Thread 0x000002562a6ae3b0 nmethod 4057 0x0000025616bd1810 code [0x0000025616bd19a0, 0x0000025616bd1a98]
Event: 8.573 Thread 0x000002562a6ae3b0 4058       3       org.jetbrains.kotlin.metadata.jvm.JvmProtoBuf$JvmMethodSignature::access$2102 (7 bytes)
Event: 8.573 Thread 0x000002562a6ae3b0 nmethod 4058 0x0000025616bd3190 code [0x0000025616bd3320, 0x0000025616bd3418]
Event: 8.573 Thread 0x000002562a6ae3b0 4059       3       org.jetbrains.kotlin.metadata.jvm.JvmProtoBuf$JvmMethodSignature::access$2202 (7 bytes)
Event: 8.573 Thread 0x000002562a6ae3b0 nmethod 4059 0x0000025616c09410 code [0x0000025616c095a0, 0x0000025616c09698]
Event: 8.574 Thread 0x000002562a6ae3b0 4060       3       org.jetbrains.kotlin.metadata.ProtoBuf$TypeParameter$1::parsePartialFrom (11 bytes)
Event: 8.575 Thread 0x000002562a6ae3b0 nmethod 4060 0x0000025616966b90 code [0x0000025616966d40, 0x0000025616966f40]
Event: 8.575 Thread 0x000002562a6ae3b0 4061   !   3       org.jetbrains.kotlin.metadata.ProtoBuf$TypeParameter::<init> (662 bytes)

GC Heap History (20 events):
Event: 3.262 GC heap before
{Heap before GC invocations=6 (full 0):
 garbage-first heap   total 37888K, used 31744K [0x0000000083600000, 0x0000000100000000)
  region size 1024K, 19 young (19456K), 3 survivors (3072K)
 Metaspace       used 30123K, committed 30272K, reserved 1114112K
  class space    used 3769K, committed 3840K, reserved 1048576K
}
Event: 3.275 GC heap after
{Heap after GC invocations=7 (full 0):
 garbage-first heap   total 38912K, used 19456K [0x0000000083600000, 0x0000000100000000)
  region size 1024K, 3 young (3072K), 3 survivors (3072K)
 Metaspace       used 30123K, committed 30272K, reserved 1114112K
  class space    used 3769K, committed 3840K, reserved 1048576K
}
Event: 3.613 GC heap before
{Heap before GC invocations=7 (full 0):
 garbage-first heap   total 38912K, used 30720K [0x0000000083600000, 0x0000000100000000)
  region size 1024K, 14 young (14336K), 3 survivors (3072K)
 Metaspace       used 33505K, committed 33728K, reserved 1114112K
  class space    used 4146K, committed 4224K, reserved 1048576K
}
Event: 3.622 GC heap after
{Heap after GC invocations=8 (full 0):
 garbage-first heap   total 48128K, used 21458K [0x0000000083600000, 0x0000000100000000)
  region size 1024K, 2 young (2048K), 2 survivors (2048K)
 Metaspace       used 33505K, committed 33728K, reserved 1114112K
  class space    used 4146K, committed 4224K, reserved 1048576K
}
Event: 3.934 GC heap before
{Heap before GC invocations=8 (full 0):
 garbage-first heap   total 48128K, used 38866K [0x0000000083600000, 0x0000000100000000)
  region size 1024K, 18 young (18432K), 2 survivors (2048K)
 Metaspace       used 34846K, committed 35072K, reserved 1114112K
  class space    used 4274K, committed 4416K, reserved 1048576K
}
Event: 3.940 GC heap after
{Heap after GC invocations=9 (full 0):
 garbage-first heap   total 48128K, used 22149K [0x0000000083600000, 0x0000000100000000)
  region size 1024K, 3 young (3072K), 3 survivors (3072K)
 Metaspace       used 34846K, committed 35072K, reserved 1114112K
  class space    used 4274K, committed 4416K, reserved 1048576K
}
Event: 4.047 GC heap before
{Heap before GC invocations=9 (full 0):
 garbage-first heap   total 48128K, used 26245K [0x0000000083600000, 0x0000000100000000)
  region size 1024K, 8 young (8192K), 3 survivors (3072K)
 Metaspace       used 35757K, committed 35968K, reserved 1114112K
  class space    used 4385K, committed 4480K, reserved 1048576K
}
Event: 4.053 GC heap after
{Heap after GC invocations=10 (full 0):
 garbage-first heap   total 48128K, used 23203K [0x0000000083600000, 0x0000000100000000)
  region size 1024K, 1 young (1024K), 1 survivors (1024K)
 Metaspace       used 35757K, committed 35968K, reserved 1114112K
  class space    used 4385K, committed 4480K, reserved 1048576K
}
Event: 4.522 GC heap before
{Heap before GC invocations=11 (full 0):
 garbage-first heap   total 48128K, used 38563K [0x0000000083600000, 0x0000000100000000)
  region size 1024K, 17 young (17408K), 1 survivors (1024K)
 Metaspace       used 39000K, committed 39296K, reserved 1114112K
  class space    used 4670K, committed 4800K, reserved 1048576K
}
Event: 4.527 GC heap after
{Heap after GC invocations=12 (full 0):
 garbage-first heap   total 48128K, used 24669K [0x0000000083600000, 0x0000000100000000)
  region size 1024K, 3 young (3072K), 3 survivors (3072K)
 Metaspace       used 39000K, committed 39296K, reserved 1114112K
  class space    used 4670K, committed 4800K, reserved 1048576K
}
Event: 5.385 GC heap before
{Heap before GC invocations=12 (full 0):
 garbage-first heap   total 48128K, used 40029K [0x0000000083600000, 0x0000000100000000)
  region size 1024K, 18 young (18432K), 3 survivors (3072K)
 Metaspace       used 41581K, committed 42112K, reserved 1114112K
  class space    used 5006K, committed 5248K, reserved 1048576K
}
Event: 5.393 GC heap after
{Heap after GC invocations=13 (full 0):
 garbage-first heap   total 48128K, used 25985K [0x0000000083600000, 0x0000000100000000)
  region size 1024K, 3 young (3072K), 3 survivors (3072K)
 Metaspace       used 41581K, committed 42112K, reserved 1114112K
  class space    used 5006K, committed 5248K, reserved 1048576K
}
Event: 6.015 GC heap before
{Heap before GC invocations=13 (full 0):
 garbage-first heap   total 48128K, used 41345K [0x0000000083600000, 0x0000000100000000)
  region size 1024K, 18 young (18432K), 3 survivors (3072K)
 Metaspace       used 44557K, committed 45248K, reserved 1114112K
  class space    used 5416K, committed 5696K, reserved 1048576K
}
Event: 6.023 GC heap after
{Heap after GC invocations=14 (full 0):
 garbage-first heap   total 48128K, used 27114K [0x0000000083600000, 0x0000000100000000)
  region size 1024K, 1 young (1024K), 1 survivors (1024K)
 Metaspace       used 44557K, committed 45248K, reserved 1114112K
  class space    used 5416K, committed 5696K, reserved 1048576K
}
Event: 7.058 GC heap before
{Heap before GC invocations=15 (full 0):
 garbage-first heap   total 48128K, used 41450K [0x0000000083600000, 0x0000000100000000)
  region size 1024K, 15 young (15360K), 1 survivors (1024K)
 Metaspace       used 47018K, committed 47744K, reserved 1114112K
  class space    used 5675K, committed 6016K, reserved 1048576K
}
Event: 7.066 GC heap after
{Heap after GC invocations=16 (full 0):
 garbage-first heap   total 48128K, used 29940K [0x0000000083600000, 0x0000000100000000)
  region size 1024K, 2 young (2048K), 2 survivors (2048K)
 Metaspace       used 47018K, committed 47744K, reserved 1114112K
  class space    used 5675K, committed 6016K, reserved 1048576K
}
Event: 7.992 GC heap before
{Heap before GC invocations=16 (full 0):
 garbage-first heap   total 48128K, used 43252K [0x0000000083600000, 0x0000000100000000)
  region size 1024K, 13 young (13312K), 2 survivors (2048K)
 Metaspace       used 49028K, committed 49728K, reserved 1114112K
  class space    used 5884K, committed 6208K, reserved 1048576K
}
Event: 8.000 GC heap after
{Heap after GC invocations=17 (full 0):
 garbage-first heap   total 48128K, used 33309K [0x0000000083600000, 0x0000000100000000)
  region size 1024K, 2 young (2048K), 2 survivors (2048K)
 Metaspace       used 49028K, committed 49728K, reserved 1114112K
  class space    used 5884K, committed 6208K, reserved 1048576K
}
Event: 8.258 GC heap before
{Heap before GC invocations=17 (full 0):
 garbage-first heap   total 48128K, used 42525K [0x0000000083600000, 0x0000000100000000)
  region size 1024K, 11 young (11264K), 2 survivors (2048K)
 Metaspace       used 51131K, committed 51840K, reserved 1114112K
  class space    used 6185K, committed 6528K, reserved 1048576K
}
Event: 8.263 GC heap after
{Heap after GC invocations=18 (full 0):
 garbage-first heap   total 48128K, used 34762K [0x0000000083600000, 0x0000000100000000)
  region size 1024K, 2 young (2048K), 2 survivors (2048K)
 Metaspace       used 51131K, committed 51840K, reserved 1114112K
  class space    used 6185K, committed 6528K, reserved 1048576K
}

Dll operation events (3 events):
Event: 0.014 Loaded shared library C:\Program Files\Android\Android Studio\jbr\bin\java.dll
Event: 0.029 Loaded shared library C:\Program Files\Android\Android Studio\jbr\bin\zip.dll
Event: 2.423 Loaded shared library C:\Program Files\Android\Android Studio\jbr\bin\verify.dll

Deoptimization events (20 events):
Event: 7.911 Thread 0x000002561146f210 Uncommon trap: trap_request=0xffffff45 fr.pc=0x000002561e47a2e0 relative=0x00000000000000c0
Event: 7.911 Thread 0x000002561146f210 Uncommon trap: reason=unstable_if action=reinterpret pc=0x000002561e47a2e0 method=java.lang.StringConcatHelper.newString([BJ)Ljava/lang/String; @ 3 c2
Event: 7.911 Thread 0x000002561146f210 DEOPT PACKING pc=0x000002561e47a2e0 sp=0x0000009999cf7ab0
Event: 7.911 Thread 0x000002561146f210 DEOPT UNPACKING pc=0x000002561de57aa2 sp=0x0000009999cf7a38 mode 2
Event: 7.911 Thread 0x000002561146f210 Uncommon trap: trap_request=0xffffff45 fr.pc=0x000002561e4b216c relative=0x0000000000000dcc
Event: 7.911 Thread 0x000002561146f210 Uncommon trap: reason=unstable_if action=reinterpret pc=0x000002561e4b216c method=java.lang.String.getBytesNoRepl1(Ljava/lang/String;Ljava/nio/charset/Charset;)[B @ 18 c2
Event: 7.911 Thread 0x000002561146f210 DEOPT PACKING pc=0x000002561e4b216c sp=0x0000009999cf7920
Event: 7.911 Thread 0x000002561146f210 DEOPT UNPACKING pc=0x000002561de57aa2 sp=0x0000009999cf7658 mode 2
Event: 7.912 Thread 0x000002561146f210 Uncommon trap: trap_request=0xffffff45 fr.pc=0x000002561e52823c relative=0x000000000000033c
Event: 7.912 Thread 0x000002561146f210 Uncommon trap: reason=unstable_if action=reinterpret pc=0x000002561e52823c method=sun.net.www.ParseUtil.firstEncodeIndex(Ljava/lang/String;)I @ 27 c2
Event: 7.912 Thread 0x000002561146f210 DEOPT PACKING pc=0x000002561e52823c sp=0x0000009999cf79d0
Event: 7.912 Thread 0x000002561146f210 DEOPT UNPACKING pc=0x000002561de57aa2 sp=0x0000009999cf7848 mode 2
Event: 7.912 Thread 0x000002561146f210 Uncommon trap: trap_request=0xffffff45 fr.pc=0x000002561e42ab8c relative=0x000000000000024c
Event: 7.912 Thread 0x000002561146f210 Uncommon trap: reason=unstable_if action=reinterpret pc=0x000002561e42ab8c method=java.lang.String.startsWith(Ljava/lang/String;I)Z @ 50 c2
Event: 7.912 Thread 0x000002561146f210 DEOPT PACKING pc=0x000002561e42ab8c sp=0x0000009999cf7700
Event: 7.912 Thread 0x000002561146f210 DEOPT UNPACKING pc=0x000002561de57aa2 sp=0x0000009999cf7688 mode 2
Event: 7.912 Thread 0x000002561146f210 Uncommon trap: trap_request=0xffffff45 fr.pc=0x000002561e4bfc1c relative=0x000000000000071c
Event: 7.912 Thread 0x000002561146f210 Uncommon trap: reason=unstable_if action=reinterpret pc=0x000002561e4bfc1c method=java.lang.String.lastIndexOf(II)I @ 4 c2
Event: 7.912 Thread 0x000002561146f210 DEOPT PACKING pc=0x000002561e4bfc1c sp=0x0000009999cf7760
Event: 7.912 Thread 0x000002561146f210 DEOPT UNPACKING pc=0x000002561de57aa2 sp=0x0000009999cf7660 mode 2

Classes loaded (20 events):
Event: 8.228 Loading class java/util/stream/TerminalSink
Event: 8.228 Loading class java/util/stream/TerminalSink done
Event: 8.228 Loading class java/util/stream/ReduceOps$AccumulatingSink done
Event: 8.228 Loading class java/util/stream/ReduceOps$Box
Event: 8.228 Loading class java/util/stream/ReduceOps$Box done
Event: 8.228 Loading class java/util/stream/ReduceOps$3ReducingSink done
Event: 8.228 Loading class java/util/stream/ReferencePipeline$2$1
Event: 8.228 Loading class java/util/stream/Sink$ChainedReference
Event: 8.228 Loading class java/util/stream/Sink$ChainedReference done
Event: 8.228 Loading class java/util/stream/ReferencePipeline$2$1 done
Event: 8.228 Loading class java/util/stream/IntPipeline$1$1
Event: 8.228 Loading class java/util/stream/Sink$ChainedInt
Event: 8.228 Loading class java/util/stream/Sink$OfInt
Event: 8.228 Loading class java/util/stream/Sink$OfInt done
Event: 8.228 Loading class java/util/stream/Sink$ChainedInt done
Event: 8.228 Loading class java/util/stream/IntPipeline$1$1 done
Event: 8.247 Loading class java/util/AbstractList$RandomAccessSubList
Event: 8.247 Loading class java/util/AbstractList$RandomAccessSubList done
Event: 8.248 Loading class java/util/RegularEnumSet$EnumSetIterator
Event: 8.248 Loading class java/util/RegularEnumSet$EnumSetIterator done

Classes unloaded (0 events):
No events

Classes redefined (0 events):
No events

Internal exceptions (20 events):
Event: 5.622 Thread 0x000002561146f210 Exception <a 'java/lang/NoSuchMethodError'{0x0000000085d67160}: 'java.lang.Object java.lang.invoke.DirectMethodHandle$Holder.invokeSpecial(java.lang.Object, java.lang.Object, java.lang.Object, java.lang.Object, java.lang.Object, java.lang.Object, java.lang.Object, java.lang.Object, java.lang.Object, java.lang.Object, java.lang.Object, java.lang.Object, java.lang.Object, java.lang.Object)'> (0x0000000085d67160) 
thrown [s\src\hotspot\share\interpreter\linkResolver.cpp, line 784]
Event: 5.622 Thread 0x000002561146f210 Exception <a 'java/lang/NoSuchMethodError'{0x0000000085d6b6a0}: 'java.lang.Object java.lang.invoke.DelegatingMethodHandle$Holder.reinvoke_L(java.lang.Object, java.lang.Object, java.lang.Object, java.lang.Object, java.lang.Object, java.lang.Object, java.lang.Object, java.lang.Object, java.lang.Object, java.lang.Object, java.lang.Object, java.lang.Object, java.lang.Object)'> (0x0000000085d6b6a0) 
thrown [s\src\hotspot\share\interpreter\linkResolver.cpp, line 784]
Event: 5.767 Thread 0x000002561146f210 Exception <a 'sun/nio/fs/WindowsException'{0x000000008594acf0}> (0x000000008594acf0) 
thrown [s\src\hotspot\share\prims\jni.cpp, line 537]
Event: 5.767 Thread 0x000002561146f210 Exception <a 'sun/nio/fs/WindowsException'{0x000000008594b328}> (0x000000008594b328) 
thrown [s\src\hotspot\share\prims\jni.cpp, line 537]
Event: 5.927 Thread 0x000002561146f210 Exception <a 'sun/nio/fs/WindowsException'{0x00000000856276e0}> (0x00000000856276e0) 
thrown [s\src\hotspot\share\prims\jni.cpp, line 537]
Event: 5.927 Thread 0x000002561146f210 Exception <a 'sun/nio/fs/WindowsException'{0x00000000856282f0}> (0x00000000856282f0) 
thrown [s\src\hotspot\share\prims\jni.cpp, line 537]
Event: 5.927 Thread 0x000002561146f210 Exception <a 'sun/nio/fs/WindowsException'{0x0000000085628f38}> (0x0000000085628f38) 
thrown [s\src\hotspot\share\prims\jni.cpp, line 537]
Event: 5.927 Thread 0x000002561146f210 Exception <a 'sun/nio/fs/WindowsException'{0x0000000085629af0}> (0x0000000085629af0) 
thrown [s\src\hotspot\share\prims\jni.cpp, line 537]
Event: 5.967 Thread 0x000002561146f210 Exception <a 'sun/nio/fs/WindowsException'{0x000000008562fc88}> (0x000000008562fc88) 
thrown [s\src\hotspot\share\prims\jni.cpp, line 537]
Event: 5.986 Thread 0x000002561146f210 Exception <a 'sun/nio/fs/WindowsException'{0x00000000856cf1d8}> (0x00000000856cf1d8) 
thrown [s\src\hotspot\share\prims\jni.cpp, line 537]
Event: 5.986 Thread 0x000002561146f210 Exception <a 'sun/nio/fs/WindowsException'{0x00000000856d08a0}> (0x00000000856d08a0) 
thrown [s\src\hotspot\share\prims\jni.cpp, line 537]
Event: 6.142 Thread 0x000002561146f210 Exception <a 'java/lang/NoSuchMethodError'{0x000000008a744ac0}: 'java.lang.Object java.lang.invoke.Invokers$Holder.invokeExact_MT(java.lang.Object, java.lang.Object, long, java.lang.Object)'> (0x000000008a744ac0) 
thrown [s\src\hotspot\share\interpreter\linkResolver.cpp, line 784]
Event: 6.422 Thread 0x000002561146f210 Implicit null exception at 0x000002561e42e773 to 0x000002561e42f1e4
Event: 6.844 Thread 0x000002561146f210 Implicit null exception at 0x000002561e541506 to 0x000002561e5417c8
Event: 6.844 Thread 0x000002561146f210 Implicit null exception at 0x000002561e3dffda to 0x000002561e3e00d8
Event: 8.067 Thread 0x000002561146f210 Exception <a 'sun/nio/fs/WindowsException'{0x000000008a774148}> (0x000000008a774148) 
thrown [s\src\hotspot\share\prims\jni.cpp, line 537]
Event: 8.119 Thread 0x000002561146f210 Exception <a 'java/lang/NoSuchMethodError'{0x000000008a57b338}: 'java.lang.Object java.lang.invoke.DirectMethodHandle$Holder.newInvokeSpecial(java.lang.Object, java.lang.Object, java.lang.Object, int)'> (0x000000008a57b338) 
thrown [s\src\hotspot\share\interpreter\linkResolver.cpp, line 784]
Event: 8.119 Thread 0x000002561146f210 Exception <a 'java/lang/NoSuchMethodError'{0x000000008a57f728}: 'java.lang.Object java.lang.invoke.DirectMethodHandle$Holder.invokeSpecial(java.lang.Object, java.lang.Object, java.lang.Object, java.lang.Object, int)'> (0x000000008a57f728) 
thrown [s\src\hotspot\share\interpreter\linkResolver.cpp, line 784]
Event: 8.120 Thread 0x000002561146f210 Exception <a 'java/lang/NoSuchMethodError'{0x000000008a583120}: 'java.lang.Object java.lang.invoke.Invokers$Holder.linkToTargetMethod(java.lang.Object, java.lang.Object, int, java.lang.Object)'> (0x000000008a583120) 
thrown [s\src\hotspot\share\interpreter\linkResolver.cpp, line 784]
Event: 8.240 Thread 0x000002561146f210 Exception <a 'java/lang/NoSuchMethodError'{0x0000000085b95e80}: 'java.lang.Object java.lang.invoke.DirectMethodHandle$Holder.invokeSpecial(java.lang.Object, java.lang.Object, java.lang.Object, java.lang.Object, java.lang.Object, java.lang.Object, int)'> (0x0000000085b95e80) 
thrown [s\src\hotspot\share\interpreter\linkResolver.cpp, line 784]

ZGC Phase Switch (0 events):
No events

VM Operations (20 events):
Event: 7.160 Executing non-safepoint VM operation: HandshakeAllThreads (Deoptimize)
Event: 7.160 Executing non-safepoint VM operation: HandshakeAllThreads (Deoptimize) done
Event: 7.378 Executing non-safepoint VM operation: HandshakeAllThreads (Deoptimize)
Event: 7.378 Executing non-safepoint VM operation: HandshakeAllThreads (Deoptimize) done
Event: 7.929 Executing non-safepoint VM operation: HandshakeAllThreads (Deoptimize)
Event: 7.930 Executing non-safepoint VM operation: HandshakeAllThreads (Deoptimize) done
Event: 7.992 Executing safepoint VM operation: G1CollectForAllocation (G1 Evacuation Pause)
Event: 8.000 Executing safepoint VM operation: G1CollectForAllocation (G1 Evacuation Pause) done
Event: 8.101 Executing non-safepoint VM operation: HandshakeAllThreads (Deoptimize)
Event: 8.101 Executing non-safepoint VM operation: HandshakeAllThreads (Deoptimize) done
Event: 8.150 Executing non-safepoint VM operation: HandshakeAllThreads (Deoptimize)
Event: 8.150 Executing non-safepoint VM operation: HandshakeAllThreads (Deoptimize) done
Event: 8.177 Executing non-safepoint VM operation: HandshakeAllThreads (Deoptimize)
Event: 8.177 Executing non-safepoint VM operation: HandshakeAllThreads (Deoptimize) done
Event: 8.258 Executing safepoint VM operation: G1CollectForAllocation (G1 Evacuation Pause)
Event: 8.263 Executing safepoint VM operation: G1CollectForAllocation (G1 Evacuation Pause) done
Event: 8.331 Executing safepoint VM operation: G1PauseRemark
Event: 8.336 Executing safepoint VM operation: G1PauseRemark done
Event: 8.361 Executing safepoint VM operation: G1PauseCleanup
Event: 8.361 Executing safepoint VM operation: G1PauseCleanup done

Memory protections (0 events):
No events

Nmethod flushes (20 events):
Event: 8.336 Thread 0x000002562a488db0 flushing  nmethod 0x0000025616af4510
Event: 8.336 Thread 0x000002562a488db0 flushing  nmethod 0x0000025616b0a790
Event: 8.336 Thread 0x000002562a488db0 flushing  nmethod 0x0000025616b0d810
Event: 8.336 Thread 0x000002562a488db0 flushing  nmethod 0x0000025616bd0a10
Event: 8.336 Thread 0x000002562a488db0 flushing  nmethod 0x0000025616bd0d90
Event: 8.336 Thread 0x000002562a488db0 flushing  nmethod 0x0000025616bd1810
Event: 8.336 Thread 0x000002562a488db0 flushing  nmethod 0x0000025616bd2390
Event: 8.336 Thread 0x000002562a488db0 flushing  nmethod 0x0000025616bd2790
Event: 8.336 Thread 0x000002562a488db0 flushing  nmethod 0x0000025616bd3190
Event: 8.336 Thread 0x000002562a488db0 flushing  nmethod 0x0000025616be3010
Event: 8.336 Thread 0x000002562a488db0 flushing  nmethod 0x0000025616c65d10
Event: 8.336 Thread 0x000002562a488db0 flushing  nmethod 0x0000025616c90310
Event: 8.336 Thread 0x000002562a488db0 flushing  nmethod 0x0000025616cc6210
Event: 8.336 Thread 0x000002562a488db0 flushing  nmethod 0x0000025616cc7b10
Event: 8.336 Thread 0x000002562a488db0 flushing  nmethod 0x0000025616cc8010
Event: 8.336 Thread 0x000002562a488db0 flushing  nmethod 0x0000025616cfed10
Event: 8.336 Thread 0x000002562a488db0 flushing  nmethod 0x0000025616d08410
Event: 8.336 Thread 0x000002562a488db0 flushing  nmethod 0x0000025616d09510
Event: 8.336 Thread 0x000002562a488db0 flushing  nmethod 0x0000025616d5b890
Event: 8.336 Thread 0x000002562a488db0 flushing  nmethod 0x0000025616e0ae90

Events (20 events):
Event: 0.166 Thread 0x000002561146f210 Thread added: 0x000002562a8590a0
Event: 0.184 Loaded shared library C:\Program Files\Android\Android Studio\jbr\bin\net.dll
Event: 0.189 Loaded shared library C:\Program Files\Android\Android Studio\jbr\bin\nio.dll
Event: 0.217 Thread 0x000002562a6aba90 Thread added: 0x000002562a75f580
Event: 0.235 Loaded shared library C:\Program Files\Android\Android Studio\jbr\bin\zip.dll
Event: 0.290 Loaded shared library C:\Program Files\Android\Android Studio\jbr\bin\jimage.dll
Event: 2.193 Thread 0x000002562a75f580 Thread exited: 0x000002562a75f580
Event: 2.391 Thread 0x000002562a6ae3b0 Thread added: 0x000002562a7609f0
Event: 3.170 Thread 0x000002562a7609f0 Thread exited: 0x000002562a7609f0
Event: 3.491 Thread 0x000002562a6ae3b0 Thread added: 0x000002562a75eeb0
Event: 4.336 Thread 0x000002562a75eeb0 Thread exited: 0x000002562a75eeb0
Event: 5.000 Thread 0x000002562a6ae3b0 Thread added: 0x000002562a7610c0
Event: 5.305 Thread 0x000002562a7610c0 Thread exited: 0x000002562a7610c0
Event: 5.354 Thread 0x000002562a6aba90 Thread added: 0x000002562a7610c0
Event: 5.895 Thread 0x000002562a7610c0 Thread exited: 0x000002562a7610c0
Event: 6.122 Thread 0x000002562a6ae3b0 Thread added: 0x000002562a7610c0
Event: 6.261 Thread 0x000002562a7610c0 Thread exited: 0x000002562a7610c0
Event: 7.173 Thread 0x000002562a6ae3b0 Thread added: 0x000002562a7610c0
Event: 7.672 Thread 0x000002562a7610c0 Thread exited: 0x000002562a7610c0
Event: 8.282 Thread 0x000002562a6ae3b0 Thread added: 0x000002562a75f580


Dynamic libraries:
0x00007ff79d980000 - 0x00007ff79d98a000 	C:\Program Files\Android\Android Studio\jbr\bin\java.exe
0x00007ffc5e3c0000 - 0x00007ffc5e626000 	C:\Windows\SYSTEM32\ntdll.dll
0x00007ffc5dc50000 - 0x00007ffc5dd19000 	C:\Windows\System32\KERNEL32.DLL
0x00007ffc5bae0000 - 0x00007ffc5bede000 	C:\Windows\System32\KERNELBASE.dll
0x00007ffc5b5e0000 - 0x00007ffc5b72c000 	C:\Windows\System32\ucrtbase.dll
0x00007ffc4c8e0000 - 0x00007ffc4c8f8000 	C:\Program Files\Android\Android Studio\jbr\bin\jli.dll
0x00007ffc5d890000 - 0x00007ffc5da57000 	C:\Windows\System32\USER32.dll
0x00007ffc5b740000 - 0x00007ffc5b767000 	C:\Windows\System32\win32u.dll
0x00007ffc5c900000 - 0x00007ffc5c92b000 	C:\Windows\System32\GDI32.dll
0x00007ffc5b770000 - 0x00007ffc5b89a000 	C:\Windows\System32\gdi32full.dll
0x00007ffc5c040000 - 0x00007ffc5c0e3000 	C:\Windows\System32\msvcp_win.dll
0x00007ffc55940000 - 0x00007ffc5595b000 	C:\Program Files\Android\Android Studio\jbr\bin\VCRUNTIME140.dll
0x00007ffc41810000 - 0x00007ffc41aa2000 	C:\Windows\WinSxS\amd64_microsoft.windows.common-controls_6595b64144ccf1df_6.0.26100.8875_none_3e0d5d42e32fe9dd\COMCTL32.dll
0x00007ffc5d5e0000 - 0x00007ffc5d689000 	C:\Windows\System32\msvcrt.dll
0x00007ffc5d570000 - 0x00007ffc5d5a2000 	C:\Windows\System32\IMM32.DLL
0x00007ffc558f0000 - 0x00007ffc558fc000 	C:\Program Files\Android\Android Studio\jbr\bin\vcruntime140_1.dll
0x00007ffc479c0000 - 0x00007ffc47a4d000 	C:\Program Files\Android\Android Studio\jbr\bin\msvcp140.dll
0x00007ffbd6eb0000 - 0x00007ffbd7b46000 	C:\Program Files\Android\Android Studio\jbr\bin\server\jvm.dll
0x00007ffc5d740000 - 0x00007ffc5d7f7000 	C:\Windows\System32\ADVAPI32.dll
0x00007ffc5d690000 - 0x00007ffc5d73a000 	C:\Windows\System32\sechost.dll
0x00007ffc5e030000 - 0x00007ffc5e148000 	C:\Windows\System32\RPCRT4.dll
0x00007ffc5e2f0000 - 0x00007ffc5e370000 	C:\Windows\System32\WS2_32.dll
0x00007ffc5b440000 - 0x00007ffc5b49e000 	C:\Windows\SYSTEM32\POWRPROF.dll
0x00007ffc55c10000 - 0x00007ffc55c46000 	C:\Windows\SYSTEM32\WINMM.dll
0x00007ffc4da30000 - 0x00007ffc4da3b000 	C:\Windows\SYSTEM32\VERSION.dll
0x00007ffc5b420000 - 0x00007ffc5b434000 	C:\Windows\SYSTEM32\UMPDC.dll
0x00007ffc5a2a0000 - 0x00007ffc5a2bb000 	C:\Windows\SYSTEM32\kernel.appcore.dll
0x00007ffc558e0000 - 0x00007ffc558ea000 	C:\Program Files\Android\Android Studio\jbr\bin\jimage.dll
0x00007ffc58a80000 - 0x00007ffc58cc2000 	C:\Windows\SYSTEM32\DBGHELP.DLL
0x00007ffc5d120000 - 0x00007ffc5d4a3000 	C:\Windows\System32\combase.dll
0x00007ffc5da60000 - 0x00007ffc5db39000 	C:\Windows\System32\OLEAUT32.dll
0x00007ffc55bd0000 - 0x00007ffc55c0b000 	C:\Windows\SYSTEM32\dbgcore.DLL
0x00007ffc5bef0000 - 0x00007ffc5bf9c000 	C:\Windows\System32\bcryptPrimitives.dll
0x00007ffc4dea0000 - 0x00007ffc4dec0000 	C:\Program Files\Android\Android Studio\jbr\bin\java.dll
0x00007ffc4de80000 - 0x00007ffc4de98000 	C:\Program Files\Android\Android Studio\jbr\bin\zip.dll
0x00007ffc5c930000 - 0x00007ffc5d0c2000 	C:\Windows\System32\SHELL32.dll
0x00007ffc59050000 - 0x00007ffc598e2000 	C:\Windows\SYSTEM32\windows.storage.dll
0x00007ffc5dd50000 - 0x00007ffc5de47000 	C:\Windows\System32\SHCORE.dll
0x00007ffc5c890000 - 0x00007ffc5c8f7000 	C:\Windows\System32\shlwapi.dll
0x00007ffc5b500000 - 0x00007ffc5b529000 	C:\Windows\SYSTEM32\profapi.dll
0x00007ffc558d0000 - 0x00007ffc558e0000 	C:\Program Files\Android\Android Studio\jbr\bin\net.dll
0x00007ffc4c620000 - 0x00007ffc4c747000 	C:\Windows\SYSTEM32\WINHTTP.dll
0x00007ffc5a870000 - 0x00007ffc5a8dc000 	C:\Windows\system32\mswsock.dll
0x00007ffc4de60000 - 0x00007ffc4de76000 	C:\Program Files\Android\Android Studio\jbr\bin\nio.dll
0x00007ffc4c970000 - 0x00007ffc4c980000 	C:\Program Files\Android\Android Studio\jbr\bin\verify.dll

JVMTI agents: none

dbghelp: loaded successfully - version: 4.0.5 - missing functions: none
symbol engine: initialized successfully - sym options: 0x614 - pdb path: .;C:\Program Files\Android\Android Studio\jbr\bin;C:\Windows\SYSTEM32;C:\Windows\WinSxS\amd64_microsoft.windows.common-controls_6595b64144ccf1df_6.0.26100.8875_none_3e0d5d42e32fe9dd;C:\Program Files\Android\Android Studio\jbr\bin\server

VM Arguments:
java_command: org.jetbrains.kotlin.cli.jvm.K2JVMCompiler @C:\Users\ak759\StudioProjects\Smart-Attendance-App\app\build\20260728_4421683694375831989.compiler.options
java_class_path (initial): C:\Users\ak759\.gradle\caches\modules-2\files-2.1\org.jetbrains.kotlin\kotlin-compiler-embeddable\2.0.21\79346ed53db48b18312a472602eb5c057070c54d\kotlin-compiler-embeddable-2.0.21.jar;C:\Users\ak759\.gradle\caches\modules-2\files-2.1\org.jetbrains.kotlin\kotlin-stdlib\2.0.21\618b539767b4899b4660a83006e052b63f1db551\kotlin-stdlib-2.0.21.jar;C:\Users\ak759\.gradle\caches\modules-2\files-2.1\org.jetbrains.kotlin\kotlin-script-runtime\2.0.21\c9b044380ad41f89aa89aa896c2d32a8c0b2129d\kotlin-script-runtime-2.0.21.jar;C:\Users\ak759\.gradle\caches\modules-2\files-2.1\org.jetbrains.kotlin\kotlin-reflect\1.6.10\1cbe9c92c12a94eea200d23c2bbaedaf3daf5132\kotlin-reflect-1.6.10.jar;C:\Users\ak759\.gradle\caches\modules-2\files-2.1\org.jetbrains.kotlin\kotlin-daemon-embeddable\2.0.21\c9e933b23287de9b5a17e2116b4657bb91aea72c\kotlin-daemon-embeddable-2.0.21.jar;C:\Users\ak759\.gradle\caches\modules-2\files-2.1\org.jetbrains.intellij.deps\trove4j\1.0.20200330\3afb14d5f9ceb459d724e907a21145e8ff394f02\trove4j-1.0.20200330.jar;C:\Users\ak759\.gradle\caches\modules-2\files-2.1\org.jetbrains.kotlinx\kotlinx-coroutines-core-jvm\1.6.4\2c997cd1c0ef33f3e751d3831929aeff1390cb30\kotlinx-coroutines-core-jvm-1.6.4.jar;C:\Users\ak759\.gradle\caches\modules-2\files-2.1\org.jetbrains\annotations\13.0\919f0dfe192fb4e063e7dacadee7f8bb9a2672a9\annotations-13.0.jar
Launcher Type: SUN_STANDARD

[Global flags]
     intx CICompilerCount                          = 3                                         {product} {ergonomic}
     uint ConcGCThreads                            = 1                                         {product} {ergonomic}
     uint G1ConcRefinementThreads                  = 4                                         {product} {ergonomic}
   size_t G1HeapRegionSize                         = 1048576                                   {product} {ergonomic}
    uintx GCDrainStackTargetSize                   = 64                                        {product} {ergonomic}
   size_t InitialHeapSize                          = 132120576                                 {product} {ergonomic}
   size_t MarkStackSize                            = 4194304                                   {product} {ergonomic}
   size_t MaxHeapSize                              = 2090860544                                {product} {ergonomic}
   size_t MaxNewSize                               = 1254096896                                {product} {ergonomic}
   size_t MinHeapDeltaBytes                        = 1048576                                   {product} {ergonomic}
   size_t MinHeapSize                              = 8388608                                   {product} {ergonomic}
    uintx NonNMethodCodeHeapSize                   = 5832780                                {pd product} {ergonomic}
    uintx NonProfiledCodeHeapSize                  = 122912730                              {pd product} {ergonomic}
    uintx ProfiledCodeHeapSize                     = 122912730                              {pd product} {ergonomic}
    uintx ReservedCodeCacheSize                    = 251658240                              {pd product} {ergonomic}
     bool SegmentedCodeCache                       = true                                      {product} {ergonomic}
   size_t SoftMaxHeapSize                          = 2090860544                             {manageable} {ergonomic}
     bool UseCompressedOops                        = true                           {product lp64_product} {ergonomic}
     bool UseG1GC                                  = true                                      {product} {ergonomic}
     bool UseLargePagesIndividualAllocation        = false                                  {pd product} {ergonomic}

Logging:
Log output configuration:
 #0: stdout all=warning uptime,level,tags foldmultilines=false
 #1: stderr all=off uptime,level,tags foldmultilines=false

Release file:
JAVA_VERSION="21.0.10" 
MODULES="java.base java.compiler java.datatransfer java.xml java.prefs java.desktop java.instrument java.logging java.management java.security.sasl java.naming java.rmi java.management.rmi java.net.http java.scripting java.security.jgss java.transaction.xa java.sql java.sql.rowset java.xml.crypto java.se java.smartcardio jdk.accessibility jdk.internal.jvmstat jdk.attach jdk.charsets jdk.internal.opt jdk.zipfs jdk.compiler jdk.crypto.ec jdk.crypto.cryptoki jdk.dynalink jdk.hotspot.agent jdk.httpserver jdk.internal.ed jdk.internal.le jdk.internal.vm.ci jdk.jartool jdk.javadoc jdk.jcmd jdk.jdeps jdk.jdwp.agent jdk.jdi jdk.jfr jdk.jlink jdk.jsobject jdk.localedata jdk.management jdk.management.agent jdk.management.jfr jdk.naming.dns jdk.naming.rmi jdk.net jdk.sctp jdk.security.auth jdk.security.jgss jdk.unsupported jdk.unsupported.desktop jdk.xml.dom" 
IMPLEMENTOR="JetBrains s.r.o." 
JAVA_RUNTIME_VERSION="21.0.10+-14961533-b1163.108" 
LIBC="default" 
OS_ARCH="x86_64" 
OS_NAME="Windows" 
SOURCE=".:git:1351622c2ff2" 

Environment Variables:
PATH=C:\Windows\system32;C:\Windows;C:\Windows\System32\Wbem;C:\Windows\System32\WindowsPowerShell\v1.0\;C:\Windows\System32\OpenSSH\;C:\Program Files\Git\cmd;C:\MinGW\bin;C:\Users\ak759\AppData\Local\Microsoft\WindowsApps;C:\Users\ak759\AppData\Local\Programs\Microsoft VS Code\bin;D:\Downloads\winlibs-x86_64-posix-seh-gcc-16.1.0-mingw-w64ucrt-14.0.0-r3\mingw64\bin;
USERNAME=ak759
OS=Windows_NT
PROCESSOR_IDENTIFIER=Intel64 Family 6 Model 140 Stepping 1, GenuineIntel
TMP=C:\Users\ak759\AppData\Local\Temp
TEMP=C:\Users\ak759\AppData\Local\Temp




Periodic native trim disabled

JNI global refs:
JNI global refs: 8, weak refs: 4

JNI global refs memory usage: 835, weak refs: 833

Process memory usage:
Resident Set Size: 220732K (2% of 8166712K total physical memory with 512552K free physical memory)

OOME stack traces (most recent first):
Classloader memory used:
Loader jdk.internal.loader.ClassLoaders$AppClassLoader                                 : 36822K
Loader bootstrap                                                                       : 12613K
Loader java.net.URLClassLoader                                                         : 1732K

---------------  S Y S T E M  ---------------

OS:
 Windows 11 , 64 bit Build 26100 (10.0.26100.8875)
OS uptime: 0 days 3:34 hours
Hyper-V role detected

CPU: total 4 (initial active 4) (2 cores per cpu, 2 threads per core) family 6 model 140 stepping 1 microcode 0x8a, cx8, cmov, fxsr, ht, mmx, 3dnowpref, sse, sse2, sse3, ssse3, sse4.1, sse4.2, popcnt, lzcnt, tsc, tscinvbit, avx, avx2, aes, erms, clmul, bmi1, bmi2, adx, avx512f, avx512dq, avx512cd, avx512bw, avx512vl, sha, fma, vzeroupper, avx512_vpopcntdq, avx512_vpclmulqdq, avx512_vaes, avx512_vnni, clflush, clflushopt, clwb, avx512_vbmi2, avx512_vbmi, hv, rdtscp, rdpid, fsrm, gfni, avx512_bitalg, f16c, cet_ibt, cet_ss, avx512_ifma
Processor Information for the first 4 processors :
  Max Mhz: 2995, Current Mhz: 2995, Mhz Limit: 2995

Memory: 4k page, system-wide physical 7975M (503M free)
TotalPageFile size 10813M (AvailPageFile size 16M)
current process WorkingSet (physical memory assigned to process): 212M, peak: 218M
current process commit charge ("private bytes"): 246M, peak: 258M

vm_info: OpenJDK 64-Bit Server VM (21.0.10+-14961533-b1163.108) for windows-amd64 JRE (21.0.10+-14961533-b1163.108), built on 2026-03-02T19:58:50Z by "builder" with MS VC++ 16.10 / 16.11 (VS2019)

END.
