#
# There is insufficient memory for the Java Runtime Environment to continue.
# Native memory allocation (malloc) failed to allocate 1088576 bytes. Error detail: Chunk::new
# Possible reasons:
#   The system is out of physical RAM or swap space
#   This process is running with CompressedOops enabled, and the Java Heap may be blocking the growth of the native heap
# Possible solutions:
#   Reduce memory load on the system
#   Increase physical memory or swap space
#   Check if swap backing store is full
#   Decrease Java heap size (-Xmx/-Xms)
#   Decrease number of Java threads
#   Decrease Java thread stack sizes (-Xss)
#   Set larger code cache with -XX:ReservedCodeCacheSize=
#   JVM is running with Unscaled Compressed Oops mode in which the Java heap is
#     placed in the first 4GB address space. The Java Heap base address is the
#     maximum limit for the native heap growth. Please use -XX:HeapBaseMinAddress
#     to set the Java Heap base and to place the Java Heap above 4GB virtual address.
# This output file may be truncated or incomplete.
#
#  Out of Memory Error (arena.cpp:168), pid=3820, tid=4900
#
# JRE version: OpenJDK Runtime Environment (21.0.10) (build 21.0.10+-14961533-b1163.108)
# Java VM: OpenJDK 64-Bit Server VM (21.0.10+-14961533-b1163.108, mixed mode, tiered, compressed oops, compressed class ptrs, g1 gc, windows-amd64)
# No core dump will be written. Minidumps are not enabled by default on client versions of Windows
#

---------------  S U M M A R Y ------------

Command Line: org.jetbrains.kotlin.cli.jvm.K2JVMCompiler @C:\Users\ak759\StudioProjects\Smart-Attendance-App\app\build\20260728_13769710360286520541.compiler.options

Host: 11th Gen Intel(R) Core(TM) i3-1115G4 @ 3.00GHz, 4 cores, 7G,  Windows 11 , 64 bit Build 26100 (10.0.26100.8875)
Time: Tue Jul 28 16:27:05 2026 India Standard Time elapsed time: 18.133148 seconds (0d 0h 0m 18s)

---------------  T H R E A D  ---------------

Current thread (0x0000020e3e072ae0):  JavaThread "C2 CompilerThread0" daemon [_thread_in_native, id=4900, stack(0x000000f064600000,0x000000f064700000) (1024K)]


Current CompileTask:
C2:18133 7033       4       androidx.room.jarjarred.org.antlr.v4.runtime.atn.ParserATNSimulator::closure_ (312 bytes)

Stack: [0x000000f064600000,0x000000f064700000]
Native frames: (J=compiled Java code, j=interpreted, Vv=VM code, C=native code)
V  [jvm.dll+0x6d78a9]
V  [jvm.dll+0x8665b3]
V  [jvm.dll+0x868bde]
V  [jvm.dll+0x8692c3]
V  [jvm.dll+0x280ee6]
V  [jvm.dll+0xc07cd]
V  [jvm.dll+0xc0d03]
V  [jvm.dll+0x3ba0cb]
V  [jvm.dll+0x1dfce4]
V  [jvm.dll+0x249d24]
V  [jvm.dll+0x2491a1]
V  [jvm.dll+0x1c76e4]
V  [jvm.dll+0x25891e]
V  [jvm.dll+0x256e66]
V  [jvm.dll+0x3f513e]
V  [jvm.dll+0x80fd28]
V  [jvm.dll+0x6d60fd]
C  [ucrtbase.dll+0x2cd30]
C  [KERNEL32.DLL+0x2e957]
C  [ntdll.dll+0xaad6c]


---------------  P R O C E S S  ---------------

Threads class SMR info:
_java_thread_list=0x0000020e3f4f54e0, length=12, elements={
0x0000020e20dcd550, 0x0000020e3e036440, 0x0000020e3e04db00, 0x0000020e3e060480,
0x0000020e3e06da10, 0x0000020e3e06f480, 0x0000020e3e0712f0, 0x0000020e3e071d50,
0x0000020e3e072ae0, 0x0000020e3e077e80, 0x0000020e3e1723f0, 0x0000020e3f658c70
}

Java Threads: ( => current thread )
  0x0000020e20dcd550 JavaThread "main"                              [_thread_in_Java, id=11080, stack(0x000000f063700000,0x000000f063800000) (1024K)]
  0x0000020e3e036440 JavaThread "Common-Cleaner"             daemon [_thread_blocked, id=13960, stack(0x000000f063f00000,0x000000f064000000) (1024K)]
  0x0000020e3e04db00 JavaThread "Reference Handler"          daemon [_thread_blocked, id=12772, stack(0x000000f064000000,0x000000f064100000) (1024K)]
  0x0000020e3e060480 JavaThread "Finalizer"                  daemon [_thread_blocked, id=11588, stack(0x000000f064100000,0x000000f064200000) (1024K)]
  0x0000020e3e06da10 JavaThread "Signal Dispatcher"          daemon [_thread_blocked, id=7912, stack(0x000000f064200000,0x000000f064300000) (1024K)]
  0x0000020e3e06f480 JavaThread "Attach Listener"            daemon [_thread_blocked, id=6564, stack(0x000000f064300000,0x000000f064400000) (1024K)]
  0x0000020e3e0712f0 JavaThread "Service Thread"             daemon [_thread_blocked, id=3412, stack(0x000000f064400000,0x000000f064500000) (1024K)]
  0x0000020e3e071d50 JavaThread "Monitor Deflation Thread"   daemon [_thread_blocked, id=4220, stack(0x000000f064500000,0x000000f064600000) (1024K)]
=>0x0000020e3e072ae0 JavaThread "C2 CompilerThread0"         daemon [_thread_in_native, id=4900, stack(0x000000f064600000,0x000000f064700000) (1024K)]
  0x0000020e3e077e80 JavaThread "C1 CompilerThread0"         daemon [_thread_blocked, id=12432, stack(0x000000f064700000,0x000000f064800000) (1024K)]
  0x0000020e3e1723f0 JavaThread "Notification Thread"        daemon [_thread_blocked, id=7448, stack(0x000000f064800000,0x000000f064900000) (1024K)]
  0x0000020e3f658c70 JavaThread "C2 CompilerThread1"         daemon [_thread_in_native, id=11520, stack(0x000000f064c00000,0x000000f064d00000) (1024K)]
Total: 12

Other Threads:
  0x0000020e39ce3e50 VMThread "VM Thread"                           [id=1052, stack(0x000000f063e00000,0x000000f063f00000) (1024K)]
  0x0000020e39c9c260 WatcherThread "VM Periodic Task Thread"        [id=6112, stack(0x000000f063d00000,0x000000f063e00000) (1024K)]
  0x0000020e20f8ba20 WorkerThread "GC Thread#0"                     [id=14784, stack(0x000000f063800000,0x000000f063900000) (1024K)]
  0x0000020e3e4188f0 WorkerThread "GC Thread#1"                     [id=7840, stack(0x000000f064900000,0x000000f064a00000) (1024K)]
  0x0000020e3e475ee0 WorkerThread "GC Thread#2"                     [id=8272, stack(0x000000f064a00000,0x000000f064b00000) (1024K)]
  0x0000020e3e7c5460 WorkerThread "GC Thread#3"                     [id=10864, stack(0x000000f064b00000,0x000000f064c00000) (1024K)]
  0x0000020e20f9cb60 ConcurrentGCThread "G1 Main Marker"            [id=9748, stack(0x000000f063900000,0x000000f063a00000) (1024K)]
  0x0000020e20f9e4b0 WorkerThread "G1 Conc#0"                       [id=12400, stack(0x000000f063a00000,0x000000f063b00000) (1024K)]
  0x0000020e20ffe1c0 ConcurrentGCThread "G1 Refine#0"               [id=1516, stack(0x000000f063b00000,0x000000f063c00000) (1024K)]
  0x0000020e39b670f0 ConcurrentGCThread "G1 Service"                [id=10552, stack(0x000000f063c00000,0x000000f063d00000) (1024K)]
Total: 10

Threads with active compile tasks:
C2 CompilerThread0  18161 7033       4       androidx.room.jarjarred.org.antlr.v4.runtime.atn.ParserATNSimulator::closure_ (312 bytes)
C2 CompilerThread1  18161 7032       4       androidx.room.jarjarred.org.antlr.v4.runtime.atn.ParserATNSimulator::closureCheckingStopState (246 bytes)
Total: 2

VM state: not at safepoint (normal execution)

VM Mutex/Monitor currently owned by a thread: None

Heap address: 0x0000000083600000, size: 1994 MB, Compressed Oops mode: 32-bit

CDS archive(s) not mapped
Compressed class space mapped at: 0x0000000100000000-0x0000000140000000, reserved size: 1073741824
Narrow klass base: 0x0000000000000000, Narrow klass shift: 3, Narrow klass range: 0x140000000

GC Precious Log:
 CardTable entry size: 512
 Card Set container configuration: InlinePtr #cards 5 size 8 Array Of Cards #cards 12 size 40 Howl #buckets 4 coarsen threshold 1843 Howl Bitmap #cards 512 size 80 coarsen threshold 460 Card regions per heap region 1 cards per card region 2048
 CPUs: 4 total, 4 available
 Memory: 7975M
 Large Page Support: Disabled
 NUMA Support: Disabled
 Compressed Oops: Enabled (32-bit)
 Heap Region Size: 1M
 Heap Min Capacity: 8M
 Heap Initial Capacity: 126M
 Heap Max Capacity: 1994M
 Pre-touch: Disabled
 Parallel Workers: 4
 Concurrent Workers: 1
 Concurrent Refinement Workers: 4
 Periodic GC: Disabled

Heap:
 garbage-first heap   total 75776K, used 62801K [0x0000000083600000, 0x0000000100000000)
  region size 1024K, 18 young (18432K), 3 survivors (3072K)
 Metaspace       used 68274K, committed 69120K, reserved 1114112K
  class space    used 8239K, committed 8640K, reserved 1048576K

Heap Regions: E=young(eden), S=young(survivor), O=old, HS=humongous(starts), HC=humongous(continues), CS=collection set, F=free, TAMS=top-at-mark-start, PB=parsable bottom
|   0|0x0000000083600000, 0x0000000083700000, 0x0000000083700000|100%|HS|  |TAMS 0x0000000083600000| PB 0x0000000083600000| Complete 
|   1|0x0000000083700000, 0x0000000083800000, 0x0000000083800000|100%|HC|  |TAMS 0x0000000083700000| PB 0x0000000083700000| Complete 
|   2|0x0000000083800000, 0x0000000083900000, 0x0000000083900000|100%|HC|  |TAMS 0x0000000083800000| PB 0x0000000083800000| Complete 
|   3|0x0000000083900000, 0x0000000083a00000, 0x0000000083a00000|100%| O|  |TAMS 0x0000000083900000| PB 0x0000000083900000| Untracked 
|   4|0x0000000083a00000, 0x0000000083b00000, 0x0000000083b00000|100%| O|  |TAMS 0x0000000083a00000| PB 0x0000000083a00000| Untracked 
|   5|0x0000000083b00000, 0x0000000083c00000, 0x0000000083c00000|100%| O|  |TAMS 0x0000000083b00000| PB 0x0000000083b00000| Untracked 
|   6|0x0000000083c00000, 0x0000000083d00000, 0x0000000083d00000|100%| O|  |TAMS 0x0000000083c00000| PB 0x0000000083c00000| Untracked 
|   7|0x0000000083d00000, 0x0000000083e00000, 0x0000000083e00000|100%| O|  |TAMS 0x0000000083d00000| PB 0x0000000083d00000| Untracked 
|   8|0x0000000083e00000, 0x0000000083f00000, 0x0000000083f00000|100%| O|  |TAMS 0x0000000083e00000| PB 0x0000000083e00000| Untracked 
|   9|0x0000000083f00000, 0x0000000084000000, 0x0000000084000000|100%| O|  |TAMS 0x0000000083f00000| PB 0x0000000083f00000| Untracked 
|  10|0x0000000084000000, 0x0000000084100000, 0x0000000084100000|100%| O|  |TAMS 0x0000000084000000| PB 0x0000000084000000| Untracked 
|  11|0x0000000084100000, 0x0000000084200000, 0x0000000084200000|100%| O|  |TAMS 0x0000000084100000| PB 0x0000000084100000| Untracked 
|  12|0x0000000084200000, 0x0000000084300000, 0x0000000084300000|100%| O|  |TAMS 0x0000000084200000| PB 0x0000000084200000| Untracked 
|  13|0x0000000084300000, 0x0000000084400000, 0x0000000084400000|100%| O|  |TAMS 0x0000000084300000| PB 0x0000000084300000| Untracked 
|  14|0x0000000084400000, 0x0000000084500000, 0x0000000084500000|100%| O|  |TAMS 0x0000000084400000| PB 0x0000000084400000| Untracked 
|  15|0x0000000084500000, 0x0000000084600000, 0x0000000084600000|100%| O|  |TAMS 0x0000000084500000| PB 0x0000000084500000| Untracked 
|  16|0x0000000084600000, 0x0000000084700000, 0x0000000084700000|100%| O|  |TAMS 0x0000000084600000| PB 0x0000000084600000| Untracked 
|  17|0x0000000084700000, 0x0000000084800000, 0x0000000084800000|100%| O|  |TAMS 0x0000000084700000| PB 0x0000000084700000| Untracked 
|  18|0x0000000084800000, 0x0000000084900000, 0x0000000084900000|100%| O|  |TAMS 0x0000000084800000| PB 0x0000000084800000| Untracked 
|  19|0x0000000084900000, 0x0000000084a00000, 0x0000000084a00000|100%| O|  |TAMS 0x0000000084900000| PB 0x0000000084900000| Untracked 
|  20|0x0000000084a00000, 0x0000000084b00000, 0x0000000084b00000|100%| O|  |TAMS 0x0000000084a00000| PB 0x0000000084a00000| Untracked 
|  21|0x0000000084b00000, 0x0000000084c00000, 0x0000000084c00000|100%| O|  |TAMS 0x0000000084b00000| PB 0x0000000084b00000| Untracked 
|  22|0x0000000084c00000, 0x0000000084d00000, 0x0000000084d00000|100%| O|  |TAMS 0x0000000084c00000| PB 0x0000000084c00000| Untracked 
|  23|0x0000000084d00000, 0x0000000084e00000, 0x0000000084e00000|100%| O|  |TAMS 0x0000000084d00000| PB 0x0000000084d00000| Untracked 
|  24|0x0000000084e00000, 0x0000000084f00000, 0x0000000084f00000|100%| O|  |TAMS 0x0000000084e00000| PB 0x0000000084e00000| Untracked 
|  25|0x0000000084f00000, 0x0000000084f00000, 0x0000000085000000|  0%| F|  |TAMS 0x0000000084f00000| PB 0x0000000084f00000| Untracked 
|  26|0x0000000085000000, 0x0000000085100000, 0x0000000085100000|100%| O|  |TAMS 0x0000000085000000| PB 0x0000000085000000| Untracked 
|  27|0x0000000085100000, 0x0000000085200000, 0x0000000085200000|100%| O|  |TAMS 0x0000000085100000| PB 0x0000000085100000| Untracked 
|  28|0x0000000085200000, 0x0000000085300000, 0x0000000085300000|100%| O|  |TAMS 0x0000000085200000| PB 0x0000000085200000| Untracked 
|  29|0x0000000085300000, 0x0000000085400000, 0x0000000085400000|100%| O|  |TAMS 0x0000000085300000| PB 0x0000000085300000| Untracked 
|  30|0x0000000085400000, 0x0000000085500000, 0x0000000085500000|100%|HS|  |TAMS 0x0000000085400000| PB 0x0000000085400000| Complete 
|  31|0x0000000085500000, 0x0000000085600000, 0x0000000085600000|100%|HC|  |TAMS 0x0000000085500000| PB 0x0000000085500000| Complete 
|  32|0x0000000085600000, 0x0000000085700000, 0x0000000085700000|100%| O|  |TAMS 0x0000000085600000| PB 0x0000000085600000| Untracked 
|  33|0x0000000085700000, 0x0000000085700000, 0x0000000085800000|  0%| F|  |TAMS 0x0000000085700000| PB 0x0000000085700000| Untracked 
|  34|0x0000000085800000, 0x0000000085900000, 0x0000000085900000|100%| O|  |TAMS 0x0000000085800000| PB 0x0000000085800000| Untracked 
|  35|0x0000000085900000, 0x0000000085a00000, 0x0000000085a00000|100%| O|  |TAMS 0x0000000085900000| PB 0x0000000085900000| Untracked 
|  36|0x0000000085a00000, 0x0000000085b00000, 0x0000000085b00000|100%| O|  |TAMS 0x0000000085a00000| PB 0x0000000085a00000| Untracked 
|  37|0x0000000085b00000, 0x0000000085c00000, 0x0000000085c00000|100%| O|  |TAMS 0x0000000085b00000| PB 0x0000000085b00000| Untracked 
|  38|0x0000000085c00000, 0x0000000085d00000, 0x0000000085d00000|100%| O|  |TAMS 0x0000000085c00000| PB 0x0000000085c00000| Untracked 
|  39|0x0000000085d00000, 0x0000000085e00000, 0x0000000085e00000|100%| O|  |TAMS 0x0000000085d00000| PB 0x0000000085d00000| Untracked 
|  40|0x0000000085e00000, 0x0000000085f00000, 0x0000000085f00000|100%| O|  |TAMS 0x0000000085e00000| PB 0x0000000085e00000| Untracked 
|  41|0x0000000085f00000, 0x0000000086000000, 0x0000000086000000|100%| O|  |TAMS 0x0000000085f00000| PB 0x0000000085f00000| Untracked 
|  42|0x0000000086000000, 0x0000000086100000, 0x0000000086100000|100%| O|  |TAMS 0x0000000086000000| PB 0x0000000086000000| Untracked 
|  43|0x0000000086100000, 0x0000000086187108, 0x0000000086200000| 52%| O|  |TAMS 0x0000000086100000| PB 0x0000000086100000| Untracked 
|  44|0x0000000086200000, 0x0000000086200000, 0x0000000086300000|  0%| F|  |TAMS 0x0000000086200000| PB 0x0000000086200000| Untracked 
|  45|0x0000000086300000, 0x0000000086300000, 0x0000000086400000|  0%| F|  |TAMS 0x0000000086300000| PB 0x0000000086300000| Untracked 
|  46|0x0000000086400000, 0x00000000864cd680, 0x0000000086500000| 80%| S|CS|TAMS 0x0000000086400000| PB 0x0000000086400000| Complete 
|  47|0x0000000086500000, 0x0000000086600000, 0x0000000086600000|100%| S|CS|TAMS 0x0000000086500000| PB 0x0000000086500000| Complete 
|  48|0x0000000086600000, 0x0000000086700000, 0x0000000086700000|100%| S|CS|TAMS 0x0000000086600000| PB 0x0000000086600000| Complete 
|  49|0x0000000086700000, 0x0000000086700000, 0x0000000086800000|  0%| F|  |TAMS 0x0000000086700000| PB 0x0000000086700000| Untracked 
|  50|0x0000000086800000, 0x0000000086800000, 0x0000000086900000|  0%| F|  |TAMS 0x0000000086800000| PB 0x0000000086800000| Untracked 
|  51|0x0000000086900000, 0x0000000086900000, 0x0000000086a00000|  0%| F|  |TAMS 0x0000000086900000| PB 0x0000000086900000| Untracked 
|  52|0x0000000086a00000, 0x0000000086a00000, 0x0000000086b00000|  0%| F|  |TAMS 0x0000000086a00000| PB 0x0000000086a00000| Untracked 
|  53|0x0000000086b00000, 0x0000000086b00000, 0x0000000086c00000|  0%| F|  |TAMS 0x0000000086b00000| PB 0x0000000086b00000| Untracked 
|  54|0x0000000086c00000, 0x0000000086c00000, 0x0000000086d00000|  0%| F|  |TAMS 0x0000000086c00000| PB 0x0000000086c00000| Untracked 
|  55|0x0000000086d00000, 0x0000000086d00000, 0x0000000086e00000|  0%| F|  |TAMS 0x0000000086d00000| PB 0x0000000086d00000| Untracked 
|  56|0x0000000086e00000, 0x0000000086f00000, 0x0000000086f00000|100%| E|  |TAMS 0x0000000086e00000| PB 0x0000000086e00000| Complete 
|  57|0x0000000086f00000, 0x0000000087000000, 0x0000000087000000|100%| E|CS|TAMS 0x0000000086f00000| PB 0x0000000086f00000| Complete 
|  58|0x0000000087000000, 0x0000000087100000, 0x0000000087100000|100%| E|CS|TAMS 0x0000000087000000| PB 0x0000000087000000| Complete 
|  59|0x0000000087100000, 0x0000000087200000, 0x0000000087200000|100%| E|CS|TAMS 0x0000000087100000| PB 0x0000000087100000| Complete 
|  60|0x0000000087200000, 0x0000000087300000, 0x0000000087300000|100%| E|CS|TAMS 0x0000000087200000| PB 0x0000000087200000| Complete 
|  61|0x0000000087300000, 0x0000000087400000, 0x0000000087400000|100%| E|CS|TAMS 0x0000000087300000| PB 0x0000000087300000| Complete 
|  62|0x0000000087400000, 0x0000000087500000, 0x0000000087500000|100%| E|CS|TAMS 0x0000000087400000| PB 0x0000000087400000| Complete 
|  63|0x0000000087500000, 0x0000000087600000, 0x0000000087600000|100%| E|CS|TAMS 0x0000000087500000| PB 0x0000000087500000| Complete 
|  64|0x0000000087600000, 0x0000000087700000, 0x0000000087700000|100%| E|CS|TAMS 0x0000000087600000| PB 0x0000000087600000| Complete 
|  65|0x0000000087700000, 0x0000000087800000, 0x0000000087800000|100%| E|CS|TAMS 0x0000000087700000| PB 0x0000000087700000| Complete 
| 112|0x000000008a600000, 0x000000008a700000, 0x000000008a700000|100%| E|CS|TAMS 0x000000008a600000| PB 0x000000008a600000| Complete 
| 113|0x000000008a700000, 0x000000008a800000, 0x000000008a800000|100%| E|CS|TAMS 0x000000008a700000| PB 0x000000008a700000| Complete 
| 125|0x000000008b300000, 0x000000008b400000, 0x000000008b400000|100%| E|CS|TAMS 0x000000008b300000| PB 0x000000008b300000| Complete 
|1989|0x00000000ffb00000, 0x00000000ffc00000, 0x00000000ffc00000|100%| E|CS|TAMS 0x00000000ffb00000| PB 0x00000000ffb00000| Complete 
|1990|0x00000000ffc00000, 0x00000000ffd00000, 0x00000000ffd00000|100%| E|CS|TAMS 0x00000000ffc00000| PB 0x00000000ffc00000| Complete 
|1991|0x00000000ffd00000, 0x00000000ffe00000, 0x00000000ffe00000|100%| O|  |TAMS 0x00000000ffd00000| PB 0x00000000ffd00000| Untracked 
|1992|0x00000000ffe00000, 0x00000000fff00000, 0x00000000fff00000|100%| O|  |TAMS 0x00000000ffe00000| PB 0x00000000ffe00000| Untracked 
|1993|0x00000000fff00000, 0x0000000100000000, 0x0000000100000000|100%| O|  |TAMS 0x00000000fff00000| PB 0x00000000fff00000| Untracked 

Card table byte_map: [0x0000020e35390000,0x0000020e35780000] _byte_map_base: 0x0000020e34f75000

Marking Bits: (CMBitMap*) 0x0000020e20f8c940
 Bits: [0x0000020e35780000, 0x0000020e376a8000)

Polling page: 0x0000020e20eb0000

Metaspace:

Usage:
  Non-class:     58.63 MB used.
      Class:      8.05 MB used.
       Both:     66.68 MB used.

Virtual space:
  Non-class space:       64.00 MB reserved,      59.06 MB ( 92%) committed,  1 nodes.
      Class space:        1.00 GB reserved,       8.44 MB ( <1%) committed,  1 nodes.
             Both:        1.06 GB reserved,      67.50 MB (  6%) committed. 

Chunk freelists:
   Non-Class:  4.97 MB
       Class:  7.58 MB
        Both:  12.55 MB

MaxMetaspaceSize: unlimited
CompressedClassSpaceSize: 1.00 GB
Initial GC threshold: 21.00 MB
Current GC threshold: 99.81 MB
CDS: off
 - commit_granule_bytes: 65536.
 - commit_granule_words: 8192.
 - virtual_space_node_default_size: 8388608.
 - enlarge_chunks_in_place: 1.
 - use_allocation_guard: 0.


Internal statistics:

num_allocs_failed_limit: 3.
num_arena_births: 1388.
num_arena_deaths: 0.
num_vsnodes_births: 2.
num_vsnodes_deaths: 0.
num_space_committed: 1078.
num_space_uncommitted: 0.
num_chunks_returned_to_freelist: 3.
num_chunks_taken_from_freelist: 3763.
num_chunk_merges: 3.
num_chunk_splits: 2735.
num_chunks_enlarged: 1995.
num_inconsistent_stats: 0.

CodeHeap 'non-profiled nmethods': size=120000Kb used=4242Kb max_used=4242Kb free=115757Kb
 bounds [0x0000020e2d430000, 0x0000020e2d860000, 0x0000020e34960000]
CodeHeap 'profiled nmethods': size=120000Kb used=14941Kb max_used=14941Kb free=105058Kb
 bounds [0x0000020e25960000, 0x0000020e26800000, 0x0000020e2ce90000]
CodeHeap 'non-nmethods': size=5760Kb used=1691Kb max_used=1756Kb free=4068Kb
 bounds [0x0000020e2ce90000, 0x0000020e2d100000, 0x0000020e2d430000]
CodeCache: size=245760Kb, used=20874Kb, max_used=20939Kb, free=224883Kb
 total_blobs=7203, nmethods=6513, adapters=591, full_count=0
Compilation: enabled, stopped_count=0, restarted_count=0

Compilation events (20 events):
Event: 18.076 Thread 0x0000020e3e077e80 7195       3       org.jetbrains.kotlin.types.AbstractTypeChecker::collectAndFilter (13 bytes)
Event: 18.077 Thread 0x0000020e3e077e80 nmethod 7195 0x0000020e267d1610 code [0x0000020e267d17c0, 0x0000020e267d1958]
Event: 18.077 Thread 0x0000020e3e077e80 7201   !   3       java.util.regex.Pattern::RemoveQEQuoting (370 bytes)
Event: 18.078 Thread 0x0000020e3e077e80 nmethod 7201 0x0000020e267d1a10 code [0x0000020e267d1ce0, 0x0000020e267d2dc8]
Event: 18.080 Thread 0x0000020e3e077e80 7202       1       androidx.room.processor.MethodProcessorDelegate::getContext (5 bytes)
Event: 18.080 Thread 0x0000020e3e077e80 nmethod 7202 0x0000020e2d852010 code [0x0000020e2d8521a0, 0x0000020e2d852268]
Event: 18.080 Thread 0x0000020e3e077e80 7203       1       androidx.room.compiler.processing.ksp.KspRawType::access$getOriginal$p (5 bytes)
Event: 18.080 Thread 0x0000020e3e077e80 nmethod 7203 0x0000020e2d852310 code [0x0000020e2d8524a0, 0x0000020e2d852550]
Event: 18.080 Thread 0x0000020e3e077e80 7204       3       org.jetbrains.kotlin.types.StarProjectionImpl::getProjectionKind (4 bytes)
Event: 18.080 Thread 0x0000020e3e077e80 nmethod 7204 0x0000020e267d3490 code [0x0000020e267d3620, 0x0000020e267d3738]
Event: 18.081 Thread 0x0000020e3e077e80 7205       3       java.util.regex.Pattern::compile (537 bytes)
Event: 18.083 Thread 0x0000020e3e077e80 nmethod 7205 0x0000020e267d3810 code [0x0000020e267d3d00, 0x0000020e267d6948]
Event: 18.083 Thread 0x0000020e3e077e80 7206       3       androidx.room.jarjarred.org.antlr.v4.runtime.CodePointCharStream::release (1 bytes)
Event: 18.083 Thread 0x0000020e3e077e80 nmethod 7206 0x0000020e267d7410 code [0x0000020e267d75a0, 0x0000020e267d76a8]
Event: 18.083 Thread 0x0000020e3e077e80 7207       1       androidx.room.jarjarred.org.antlr.v4.runtime.CodePointCharStream::seek (6 bytes)
Event: 18.083 Thread 0x0000020e3e077e80 nmethod 7207 0x0000020e2d852610 code [0x0000020e2d8527a0, 0x0000020e2d852868]
Event: 18.085 Thread 0x0000020e3e077e80 7208       3       java.util.BitSet::nextSetBit (102 bytes)
Event: 18.085 Thread 0x0000020e3e077e80 nmethod 7208 0x0000020e267d7710 code [0x0000020e267d79a0, 0x0000020e267d8268]
Event: 18.086 Thread 0x0000020e3e077e80 7209       1       androidx.room.jarjarred.org.antlr.v4.runtime.BufferedTokenStream::mark (2 bytes)
Event: 18.086 Thread 0x0000020e3e077e80 nmethod 7209 0x0000020e2d852910 code [0x0000020e2d852aa0, 0x0000020e2d852b68]

GC Heap History (20 events):
Event: 12.141 GC heap before
{Heap before GC invocations=15 (full 0):
 garbage-first heap   total 48128K, used 41229K [0x0000000083600000, 0x0000000100000000)
  region size 1024K, 14 young (14336K), 1 survivors (1024K)
 Metaspace       used 46732K, committed 47360K, reserved 1114112K
  class space    used 5635K, committed 5952K, reserved 1048576K
}
Event: 12.149 GC heap after
{Heap after GC invocations=16 (full 0):
 garbage-first heap   total 48128K, used 28561K [0x0000000083600000, 0x0000000100000000)
  region size 1024K, 2 young (2048K), 2 survivors (2048K)
 Metaspace       used 46732K, committed 47360K, reserved 1114112K
  class space    used 5635K, committed 5952K, reserved 1048576K
}
Event: 12.646 GC heap before
{Heap before GC invocations=16 (full 0):
 garbage-first heap   total 48128K, used 40849K [0x0000000083600000, 0x0000000100000000)
  region size 1024K, 15 young (15360K), 2 survivors (2048K)
 Metaspace       used 48471K, committed 49152K, reserved 1114112K
  class space    used 5813K, committed 6144K, reserved 1048576K
}
Event: 12.654 GC heap after
{Heap after GC invocations=17 (full 0):
 garbage-first heap   total 48128K, used 31262K [0x0000000083600000, 0x0000000100000000)
  region size 1024K, 2 young (2048K), 2 survivors (2048K)
 Metaspace       used 48471K, committed 49152K, reserved 1114112K
  class space    used 5813K, committed 6144K, reserved 1048576K
}
Event: 13.045 GC heap before
{Heap before GC invocations=18 (full 0):
 garbage-first heap   total 56320K, used 43550K [0x0000000083600000, 0x0000000100000000)
  region size 1024K, 13 young (13312K), 2 survivors (2048K)
 Metaspace       used 50699K, committed 51392K, reserved 1114112K
  class space    used 6116K, committed 6400K, reserved 1048576K
}
Event: 13.052 GC heap after
{Heap after GC invocations=19 (full 0):
 garbage-first heap   total 56320K, used 35300K [0x0000000083600000, 0x0000000100000000)
  region size 1024K, 2 young (2048K), 2 survivors (2048K)
 Metaspace       used 50699K, committed 51392K, reserved 1114112K
  class space    used 6116K, committed 6400K, reserved 1048576K
}
Event: 13.294 GC heap before
{Heap before GC invocations=19 (full 0):
 garbage-first heap   total 56320K, used 49636K [0x0000000083600000, 0x0000000100000000)
  region size 1024K, 15 young (15360K), 2 survivors (2048K)
 Metaspace       used 51200K, committed 51904K, reserved 1114112K
  class space    used 6181K, committed 6528K, reserved 1048576K
}
Event: 13.303 GC heap after
{Heap after GC invocations=20 (full 0):
 garbage-first heap   total 57344K, used 38689K [0x0000000083600000, 0x0000000100000000)
  region size 1024K, 2 young (2048K), 2 survivors (2048K)
 Metaspace       used 51200K, committed 51904K, reserved 1114112K
  class space    used 6181K, committed 6528K, reserved 1048576K
}
Event: 13.441 GC heap before
{Heap before GC invocations=20 (full 0):
 garbage-first heap   total 57344K, used 49953K [0x0000000083600000, 0x0000000100000000)
  region size 1024K, 13 young (13312K), 2 survivors (2048K)
 Metaspace       used 51246K, committed 51968K, reserved 1114112K
  class space    used 6181K, committed 6528K, reserved 1048576K
}
Event: 13.445 GC heap after
{Heap after GC invocations=21 (full 0):
 garbage-first heap   total 69632K, used 38273K [0x0000000083600000, 0x0000000100000000)
  region size 1024K, 1 young (1024K), 1 survivors (1024K)
 Metaspace       used 51246K, committed 51968K, reserved 1114112K
  class space    used 6181K, committed 6528K, reserved 1048576K
}
Event: 14.182 GC heap before
{Heap before GC invocations=22 (full 0):
 garbage-first heap   total 69632K, used 57729K [0x0000000083600000, 0x0000000100000000)
  region size 1024K, 21 young (21504K), 1 survivors (1024K)
 Metaspace       used 53706K, committed 54464K, reserved 1114112K
  class space    used 6509K, committed 6848K, reserved 1048576K
}
Event: 14.189 GC heap after
{Heap after GC invocations=23 (full 0):
 garbage-first heap   total 69632K, used 40132K [0x0000000083600000, 0x0000000100000000)
  region size 1024K, 3 young (3072K), 3 survivors (3072K)
 Metaspace       used 53706K, committed 54464K, reserved 1114112K
  class space    used 6509K, committed 6848K, reserved 1048576K
}
Event: 14.891 GC heap before
{Heap before GC invocations=23 (full 0):
 garbage-first heap   total 69632K, used 59588K [0x0000000083600000, 0x0000000100000000)
  region size 1024K, 22 young (22528K), 3 survivors (3072K)
 Metaspace       used 56556K, committed 57408K, reserved 1114112K
  class space    used 6835K, committed 7232K, reserved 1048576K
}
Event: 14.902 GC heap after
{Heap after GC invocations=24 (full 0):
 garbage-first heap   total 69632K, used 41248K [0x0000000083600000, 0x0000000100000000)
  region size 1024K, 3 young (3072K), 3 survivors (3072K)
 Metaspace       used 56556K, committed 57408K, reserved 1114112K
  class space    used 6835K, committed 7232K, reserved 1048576K
}
Event: 15.526 GC heap before
{Heap before GC invocations=24 (full 0):
 garbage-first heap   total 69632K, used 59680K [0x0000000083600000, 0x0000000100000000)
  region size 1024K, 21 young (21504K), 3 survivors (3072K)
 Metaspace       used 60414K, committed 61184K, reserved 1114112K
  class space    used 7341K, committed 7744K, reserved 1048576K
}
Event: 15.537 GC heap after
{Heap after GC invocations=25 (full 0):
 garbage-first heap   total 69632K, used 44190K [0x0000000083600000, 0x0000000100000000)
  region size 1024K, 3 young (3072K), 3 survivors (3072K)
 Metaspace       used 60414K, committed 61184K, reserved 1114112K
  class space    used 7341K, committed 7744K, reserved 1048576K
}
Event: 16.615 GC heap before
{Heap before GC invocations=26 (full 0):
 garbage-first heap   total 75776K, used 60574K [0x0000000083600000, 0x0000000100000000)
  region size 1024K, 19 young (19456K), 3 survivors (3072K)
 Metaspace       used 64502K, committed 65280K, reserved 1114112K
  class space    used 7818K, committed 8192K, reserved 1048576K
}
Event: 16.623 GC heap after
{Heap after GC invocations=27 (full 0):
 garbage-first heap   total 75776K, used 46546K [0x0000000083600000, 0x0000000100000000)
  region size 1024K, 3 young (3072K), 3 survivors (3072K)
 Metaspace       used 64502K, committed 65280K, reserved 1114112K
  class space    used 7818K, committed 8192K, reserved 1048576K
}
Event: 17.470 GC heap before
{Heap before GC invocations=27 (full 0):
 garbage-first heap   total 75776K, used 64978K [0x0000000083600000, 0x0000000100000000)
  region size 1024K, 22 young (22528K), 3 survivors (3072K)
 Metaspace       used 67539K, committed 68480K, reserved 1114112K
  class space    used 8192K, committed 8640K, reserved 1048576K
}
Event: 17.482 GC heap after
{Heap after GC invocations=28 (full 0):
 garbage-first heap   total 75776K, used 48465K [0x0000000083600000, 0x0000000100000000)
  region size 1024K, 3 young (3072K), 3 survivors (3072K)
 Metaspace       used 67539K, committed 68480K, reserved 1114112K
  class space    used 8192K, committed 8640K, reserved 1048576K
}

Dll operation events (3 events):
Event: 0.012 Loaded shared library C:\Program Files\Android\Android Studio\jbr\bin\java.dll
Event: 0.019 Loaded shared library C:\Program Files\Android\Android Studio\jbr\bin\zip.dll
Event: 3.708 Loaded shared library C:\Program Files\Android\Android Studio\jbr\bin\verify.dll

Deoptimization events (20 events):
Event: 17.863 Thread 0x0000020e20dcd550 Uncommon trap: trap_request=0xffffffd6 fr.pc=0x0000020e2d8184f0 relative=0x0000000000005b70
Event: 17.863 Thread 0x0000020e20dcd550 Uncommon trap: reason=array_check action=maybe_recompile pc=0x0000020e2d8184f0 method=androidx.room.jarjarred.org.antlr.v4.runtime.misc.Array2DHashSet.getOrAddImpl(Ljava/lang/Object;)Ljava/lang/Object; @ 36 c2
Event: 17.863 Thread 0x0000020e20dcd550 DEOPT PACKING pc=0x0000020e2d8184f0 sp=0x000000f0637fd0e0
Event: 17.863 Thread 0x0000020e20dcd550 DEOPT UNPACKING pc=0x0000020e2cee7aa2 sp=0x000000f0637fcf18 mode 2
Event: 17.863 Thread 0x0000020e20dcd550 Uncommon trap: trap_request=0xffffffd6 fr.pc=0x0000020e2d8184f0 relative=0x0000000000005b70
Event: 17.863 Thread 0x0000020e20dcd550 Uncommon trap: reason=array_check action=maybe_recompile pc=0x0000020e2d8184f0 method=androidx.room.jarjarred.org.antlr.v4.runtime.misc.Array2DHashSet.getOrAddImpl(Ljava/lang/Object;)Ljava/lang/Object; @ 36 c2
Event: 17.863 Thread 0x0000020e20dcd550 DEOPT PACKING pc=0x0000020e2d8184f0 sp=0x000000f0637fcbe0
Event: 17.863 Thread 0x0000020e20dcd550 DEOPT UNPACKING pc=0x0000020e2cee7aa2 sp=0x000000f0637fc9d8 mode 2
Event: 17.863 Thread 0x0000020e20dcd550 Uncommon trap: trap_request=0xffffffd6 fr.pc=0x0000020e2d8184f0 relative=0x0000000000005b70
Event: 17.863 Thread 0x0000020e20dcd550 Uncommon trap: reason=array_check action=maybe_recompile pc=0x0000020e2d8184f0 method=androidx.room.jarjarred.org.antlr.v4.runtime.misc.Array2DHashSet.getOrAddImpl(Ljava/lang/Object;)Ljava/lang/Object; @ 36 c2
Event: 17.863 Thread 0x0000020e20dcd550 DEOPT PACKING pc=0x0000020e2d8184f0 sp=0x000000f0637fcaa0
Event: 17.863 Thread 0x0000020e20dcd550 DEOPT UNPACKING pc=0x0000020e2cee7aa2 sp=0x000000f0637fc898 mode 2
Event: 17.863 Thread 0x0000020e20dcd550 Uncommon trap: trap_request=0xffffffd6 fr.pc=0x0000020e2d8295a4 relative=0x00000000000058a4
Event: 17.863 Thread 0x0000020e20dcd550 Uncommon trap: reason=array_check action=maybe_recompile pc=0x0000020e2d8295a4 method=androidx.room.jarjarred.org.antlr.v4.runtime.misc.Array2DHashSet.getOrAddImpl(Ljava/lang/Object;)Ljava/lang/Object; @ 36 c2
Event: 17.863 Thread 0x0000020e20dcd550 DEOPT PACKING pc=0x0000020e2d8295a4 sp=0x000000f0637fcad0
Event: 17.863 Thread 0x0000020e20dcd550 DEOPT UNPACKING pc=0x0000020e2cee7aa2 sp=0x000000f0637fc9c0 mode 2
Event: 18.004 Thread 0x0000020e20dcd550 Uncommon trap: trap_request=0xffffff45 fr.pc=0x0000020e2d7e0258 relative=0x0000000000000f38
Event: 18.004 Thread 0x0000020e20dcd550 Uncommon trap: reason=unstable_if action=reinterpret pc=0x0000020e2d7e0258 method=java.util.concurrent.ConcurrentHashMap.putVal(Ljava/lang/Object;Ljava/lang/Object;Z)Ljava/lang/Object; @ 401 c2
Event: 18.004 Thread 0x0000020e20dcd550 DEOPT PACKING pc=0x0000020e2d7e0258 sp=0x000000f0637fd350
Event: 18.004 Thread 0x0000020e20dcd550 DEOPT UNPACKING pc=0x0000020e2cee7aa2 sp=0x000000f0637fd2d0 mode 2

Classes loaded (20 events):
Event: 16.609 Loading class sun/util/locale/provider/LocaleResources
Event: 16.610 Loading class sun/util/locale/provider/LocaleResources done
Event: 16.611 Loading class sun/util/resources/cldr/CalendarData
Event: 16.611 Loading class sun/util/resources/cldr/CalendarData done
Event: 16.611 Loading class sun/util/locale/provider/LocaleResources$ResourceReference
Event: 16.611 Loading class sun/util/locale/provider/LocaleResources$ResourceReference done
Event: 16.612 Loading class sun/util/calendar/Gregorian$Date
Event: 16.612 Loading class sun/util/calendar/BaseCalendar$Date
Event: 16.612 Loading class sun/util/calendar/CalendarDate
Event: 16.612 Loading class sun/util/calendar/CalendarDate done
Event: 16.612 Loading class sun/util/calendar/BaseCalendar$Date done
Event: 16.612 Loading class sun/util/calendar/Gregorian$Date done
Event: 16.612 Loading class sun/util/calendar/CalendarUtils
Event: 16.612 Loading class sun/util/calendar/CalendarUtils done
Event: 16.630 Loading class java/util/concurrent/ConcurrentHashMap$KeyIterator
Event: 16.630 Loading class java/util/concurrent/ConcurrentHashMap$KeyIterator done
Event: 16.636 Loading class java/lang/invoke/BoundMethodHandle$Species_LLLJ
Event: 16.636 Loading class java/lang/invoke/BoundMethodHandle$Species_LLLJ done
Event: 17.160 Loading class java/io/InvalidClassException
Event: 17.160 Loading class java/io/InvalidClassException done

Classes unloaded (0 events):
No events

Classes redefined (0 events):
No events

Internal exceptions (20 events):
Event: 13.110 Thread 0x0000020e20dcd550 Exception <a 'java/lang/NoSuchMethodError'{0x00000000ffce4878}: 'java.lang.Object java.lang.invoke.DirectMethodHandle$Holder.invokeSpecial(java.lang.Object, java.lang.Object, java.lang.Object, java.lang.Object, java.lang.Object, java.lang.Object, int)'> (0x00000000ffce4878) 
thrown [s\src\hotspot\share\interpreter\linkResolver.cpp, line 784]
Event: 13.758 Thread 0x0000020e20dcd550 Exception <a 'java/lang/NoSuchMethodError'{0x0000000086c4f0e0}: 'java.lang.Object java.lang.invoke.DirectMethodHandle$Holder.newInvokeSpecial(java.lang.Object, java.lang.Object, java.lang.Object, java.lang.Object, int)'> (0x0000000086c4f0e0) 
thrown [s\src\hotspot\share\interpreter\linkResolver.cpp, line 784]
Event: 13.758 Thread 0x0000020e20dcd550 Exception <a 'java/lang/NoSuchMethodError'{0x0000000086c53b60}: 'java.lang.Object java.lang.invoke.DirectMethodHandle$Holder.invokeSpecial(java.lang.Object, java.lang.Object, java.lang.Object, java.lang.Object, java.lang.Object, int)'> (0x0000000086c53b60) 
thrown [s\src\hotspot\share\interpreter\linkResolver.cpp, line 784]
Event: 13.758 Thread 0x0000020e20dcd550 Exception <a 'java/lang/NoSuchMethodError'{0x0000000086c580a0}: 'java.lang.Object java.lang.invoke.Invokers$Holder.linkToTargetMethod(java.lang.Object, java.lang.Object, java.lang.Object, int, java.lang.Object)'> (0x0000000086c580a0) 
thrown [s\src\hotspot\share\interpreter\linkResolver.cpp, line 784]
Event: 13.956 Thread 0x0000020e20dcd550 Exception <a 'java/lang/NoSuchMethodError'{0x00000000869b8530}: 'java.lang.Object java.lang.invoke.DirectMethodHandle$Holder.newInvokeSpecial(java.lang.Object, java.lang.Object, java.lang.Object, java.lang.Object, int, java.lang.Object)'> (0x00000000869b8530) 
thrown [s\src\hotspot\share\interpreter\linkResolver.cpp, line 784]
Event: 13.960 Thread 0x0000020e20dcd550 Exception <a 'java/lang/NoSuchMethodError'{0x00000000869d6878}: 'java.lang.Object java.lang.invoke.DirectMethodHandle$Holder.invokeStatic(java.lang.Object, java.lang.Object, int, java.lang.Object)'> (0x00000000869d6878) 
thrown [s\src\hotspot\share\interpreter\linkResolver.cpp, line 784]
Event: 13.960 Thread 0x0000020e20dcd550 Exception <a 'java/lang/NoSuchMethodError'{0x00000000869ddbb8}: 'java.lang.Object java.lang.invoke.DirectMethodHandle$Holder.newInvokeSpecial(java.lang.Object, java.lang.Object, int, java.lang.Object)'> (0x00000000869ddbb8) 
thrown [s\src\hotspot\share\interpreter\linkResolver.cpp, line 784]
Event: 13.961 Thread 0x0000020e20dcd550 Exception <a 'java/lang/NoSuchMethodError'{0x00000000869e1fa8}: 'java.lang.Object java.lang.invoke.DirectMethodHandle$Holder.invokeSpecial(java.lang.Object, java.lang.Object, java.lang.Object, int, java.lang.Object)'> (0x00000000869e1fa8) 
thrown [s\src\hotspot\share\interpreter\linkResolver.cpp, line 784]
Event: 14.179 Thread 0x0000020e20dcd550 Exception <a 'java/lang/NoSuchMethodError'{0x00000000862cfdb0}: 'int java.lang.invoke.DirectMethodHandle$Holder.invokeInterface(java.lang.Object, java.lang.Object)'> (0x00000000862cfdb0) 
thrown [s\src\hotspot\share\interpreter\linkResolver.cpp, line 784]
Event: 14.257 Thread 0x0000020e20dcd550 Exception <a 'java/lang/NoSuchMethodError'{0x000000008b3f0638}: 'java.lang.Object java.lang.invoke.DirectMethodHandle$Holder.invokeStatic(java.lang.Object, int, java.lang.Object, java.lang.Object)'> (0x000000008b3f0638) 
thrown [s\src\hotspot\share\interpreter\linkResolver.cpp, line 784]
Event: 14.258 Thread 0x0000020e20dcd550 Exception <a 'java/lang/NoSuchMethodError'{0x000000008b3f7f88}: 'java.lang.Object java.lang.invoke.DirectMethodHandle$Holder.newInvokeSpecial(java.lang.Object, int, java.lang.Object)'> (0x000000008b3f7f88) 
thrown [s\src\hotspot\share\interpreter\linkResolver.cpp, line 784]
Event: 14.260 Thread 0x0000020e20dcd550 Implicit null exception at 0x0000020e2d47f5ba to 0x0000020e2d47f824
Event: 14.382 Thread 0x0000020e20dcd550 Exception <a 'java/lang/NoSuchMethodError'{0x0000000087194f88}: 'java.lang.Object java.lang.invoke.DirectMethodHandle$Holder.newInvokeSpecial(java.lang.Object, java.lang.Object, java.lang.Object, java.lang.Object, java.lang.Object, java.lang.Object, java.lang.Object, int, java.lang.Object)'> (0x0000000087194f88) 
thrown [s\src\hotspot\share\interpreter\linkResolver.cpp, line 784]
Event: 15.045 Thread 0x0000020e20dcd550 Exception <a 'java/lang/NoSuchMethodError'{0x000000008715cbd0}: 'java.lang.Object java.lang.invoke.DirectMethodHandle$Holder.newInvokeSpecial(java.lang.Object, int, java.lang.Object, java.lang.Object)'> (0x000000008715cbd0) 
thrown [s\src\hotspot\share\interpreter\linkResolver.cpp, line 784]
Event: 15.831 Thread 0x0000020e20dcd550 Implicit null exception at 0x0000020e2d6ad4e9 to 0x0000020e2d6adc7c
Event: 15.831 Thread 0x0000020e20dcd550 Implicit null exception at 0x0000020e2d500546 to 0x0000020e2d500804
Event: 16.196 Thread 0x0000020e20dcd550 Exception <a 'sun/nio/fs/WindowsException'{0x000000008713e7d0}> (0x000000008713e7d0) 
thrown [s\src\hotspot\share\prims\jni.cpp, line 537]
Event: 16.407 Thread 0x0000020e20dcd550 Exception <a 'java/lang/NoSuchMethodError'{0x00000000870d4738}: 'java.lang.Object java.lang.invoke.DirectMethodHandle$Holder.invokeStaticInit(java.lang.Object, java.lang.Object, int, int, int, int)'> (0x00000000870d4738) 
thrown [s\src\hotspot\share\interpreter\linkResolver.cpp, line 784]
Event: 16.411 Thread 0x0000020e20dcd550 Exception <a 'sun/nio/fs/WindowsException'{0x00000000870e4708}> (0x00000000870e4708) 
thrown [s\src\hotspot\share\prims\jni.cpp, line 537]
Event: 16.412 Thread 0x0000020e20dcd550 Exception <a 'sun/nio/fs/WindowsException'{0x00000000870e5548}> (0x00000000870e5548) 
thrown [s\src\hotspot\share\prims\jni.cpp, line 537]

ZGC Phase Switch (0 events):
No events

VM Operations (20 events):
Event: 16.522 Executing non-safepoint VM operation: HandshakeAllThreads (Deoptimize)
Event: 16.522 Executing non-safepoint VM operation: HandshakeAllThreads (Deoptimize) done
Event: 16.547 Executing non-safepoint VM operation: HandshakeAllThreads (Deoptimize)
Event: 16.547 Executing non-safepoint VM operation: HandshakeAllThreads (Deoptimize) done
Event: 16.615 Executing safepoint VM operation: G1CollectForAllocation (G1 Evacuation Pause)
Event: 16.623 Executing safepoint VM operation: G1CollectForAllocation (G1 Evacuation Pause) done
Event: 16.855 Executing safepoint VM operation: ICBufferFull
Event: 16.855 Executing safepoint VM operation: ICBufferFull done
Event: 17.175 Executing non-safepoint VM operation: HandshakeAllThreads (Deoptimize)
Event: 17.175 Executing non-safepoint VM operation: HandshakeAllThreads (Deoptimize) done
Event: 17.271 Executing safepoint VM operation: ICBufferFull
Event: 17.271 Executing safepoint VM operation: ICBufferFull done
Event: 17.295 Executing non-safepoint VM operation: HandshakeAllThreads (Deoptimize)
Event: 17.295 Executing non-safepoint VM operation: HandshakeAllThreads (Deoptimize) done
Event: 17.470 Executing safepoint VM operation: G1CollectForAllocation (G1 Evacuation Pause)
Event: 17.482 Executing safepoint VM operation: G1CollectForAllocation (G1 Evacuation Pause) done
Event: 17.805 Executing safepoint VM operation: ICBufferFull
Event: 17.805 Executing safepoint VM operation: ICBufferFull done
Event: 17.953 Executing safepoint VM operation: ICBufferFull
Event: 17.953 Executing safepoint VM operation: ICBufferFull done

Memory protections (0 events):
No events

Nmethod flushes (20 events):
Event: 15.629 Thread 0x0000020e39ce3e50 flushing  nmethod 0x0000020e2599fc90
Event: 15.629 Thread 0x0000020e39ce3e50 flushing  nmethod 0x0000020e25a02410
Event: 15.629 Thread 0x0000020e39ce3e50 flushing  nmethod 0x0000020e25a57610
Event: 15.629 Thread 0x0000020e39ce3e50 flushing  nmethod 0x0000020e25a7d190
Event: 15.629 Thread 0x0000020e39ce3e50 flushing  nmethod 0x0000020e25a7e590
Event: 15.629 Thread 0x0000020e39ce3e50 flushing  nmethod 0x0000020e25b0f310
Event: 15.629 Thread 0x0000020e39ce3e50 flushing  nmethod 0x0000020e25ba1d90
Event: 15.629 Thread 0x0000020e39ce3e50 flushing  nmethod 0x0000020e25ba9290
Event: 15.629 Thread 0x0000020e39ce3e50 flushing  nmethod 0x0000020e25bdf490
Event: 15.629 Thread 0x0000020e39ce3e50 flushing  nmethod 0x0000020e25e58c10
Event: 15.629 Thread 0x0000020e39ce3e50 flushing  nmethod 0x0000020e25ec0210
Event: 15.629 Thread 0x0000020e39ce3e50 flushing  nmethod 0x0000020e25f42210
Event: 15.629 Thread 0x0000020e39ce3e50 flushing  nmethod 0x0000020e25feda90
Event: 15.629 Thread 0x0000020e39ce3e50 flushing  nmethod 0x0000020e26008210
Event: 15.629 Thread 0x0000020e39ce3e50 flushing  nmethod 0x0000020e2600ad90
Event: 15.629 Thread 0x0000020e39ce3e50 flushing  nmethod 0x0000020e2600eb10
Event: 15.629 Thread 0x0000020e39ce3e50 flushing  nmethod 0x0000020e2600f890
Event: 15.629 Thread 0x0000020e39ce3e50 flushing  nmethod 0x0000020e26010290
Event: 15.629 Thread 0x0000020e39ce3e50 flushing  nmethod 0x0000020e26011d90
Event: 15.629 Thread 0x0000020e39ce3e50 flushing osr nmethod 0x0000020e2606de10

Events (20 events):
Event: 0.158 Thread 0x0000020e20dcd550 Thread added: 0x0000020e3e060480
Event: 0.167 Thread 0x0000020e20dcd550 Thread added: 0x0000020e3e06da10
Event: 0.167 Thread 0x0000020e20dcd550 Thread added: 0x0000020e3e06f480
Event: 0.167 Thread 0x0000020e20dcd550 Thread added: 0x0000020e3e0712f0
Event: 0.167 Thread 0x0000020e20dcd550 Thread added: 0x0000020e3e071d50
Event: 0.167 Thread 0x0000020e20dcd550 Thread added: 0x0000020e3e072ae0
Event: 0.224 Thread 0x0000020e20dcd550 Thread added: 0x0000020e3e077e80
Event: 0.375 Thread 0x0000020e20dcd550 Thread added: 0x0000020e3e1723f0
Event: 0.554 Loaded shared library C:\Program Files\Android\Android Studio\jbr\bin\net.dll
Event: 0.557 Loaded shared library C:\Program Files\Android\Android Studio\jbr\bin\nio.dll
Event: 0.583 Thread 0x0000020e3e072ae0 Thread added: 0x0000020e3e280ca0
Event: 0.658 Loaded shared library C:\Program Files\Android\Android Studio\jbr\bin\zip.dll
Event: 0.756 Thread 0x0000020e3e280ca0 Thread exited: 0x0000020e3e280ca0
Event: 0.949 Loaded shared library C:\Program Files\Android\Android Studio\jbr\bin\jimage.dll
Event: 1.334 Thread 0x0000020e3e072ae0 Thread added: 0x0000020e3e67bce0
Event: 1.481 Thread 0x0000020e3e67bce0 Thread exited: 0x0000020e3e67bce0
Event: 3.647 Thread 0x0000020e3e077e80 Thread added: 0x0000020e3f0c07f0
Event: 5.602 Thread 0x0000020e3f0c07f0 Thread exited: 0x0000020e3f0c07f0
Event: 10.532 Thread 0x0000020e3e077e80 Thread added: 0x0000020e3f658c70
Event: 16.497 Loaded shared library C:\Users\ak759\AppData\Local\Temp\sqlite-3.41.2.2-ba905876-53d8-4eda-9cb4-c248503c108e-sqlitejdbc.dll


Dynamic libraries:
0x00007ff79d980000 - 0x00007ff79d98a000 	C:\Program Files\Android\Android Studio\jbr\bin\java.exe
0x00007ffc5e3c0000 - 0x00007ffc5e626000 	C:\Windows\SYSTEM32\ntdll.dll
0x00007ffc5dc50000 - 0x00007ffc5dd19000 	C:\Windows\System32\KERNEL32.DLL
0x00007ffc5bae0000 - 0x00007ffc5bede000 	C:\Windows\System32\KERNELBASE.dll
0x00007ffc5b5e0000 - 0x00007ffc5b72c000 	C:\Windows\System32\ucrtbase.dll
0x00007ffc4c8e0000 - 0x00007ffc4c8f8000 	C:\Program Files\Android\Android Studio\jbr\bin\jli.dll
0x00007ffc5d890000 - 0x00007ffc5da57000 	C:\Windows\System32\USER32.dll
0x00007ffc5b740000 - 0x00007ffc5b767000 	C:\Windows\System32\win32u.dll
0x00007ffc5c900000 - 0x00007ffc5c92b000 	C:\Windows\System32\GDI32.dll
0x00007ffc5b770000 - 0x00007ffc5b89a000 	C:\Windows\System32\gdi32full.dll
0x00007ffc5c040000 - 0x00007ffc5c0e3000 	C:\Windows\System32\msvcp_win.dll
0x00007ffc55940000 - 0x00007ffc5595b000 	C:\Program Files\Android\Android Studio\jbr\bin\VCRUNTIME140.dll
0x00007ffc41810000 - 0x00007ffc41aa2000 	C:\Windows\WinSxS\amd64_microsoft.windows.common-controls_6595b64144ccf1df_6.0.26100.8875_none_3e0d5d42e32fe9dd\COMCTL32.dll
0x00007ffc5d5e0000 - 0x00007ffc5d689000 	C:\Windows\System32\msvcrt.dll
0x00007ffc5d570000 - 0x00007ffc5d5a2000 	C:\Windows\System32\IMM32.DLL
0x00007ffc558f0000 - 0x00007ffc558fc000 	C:\Program Files\Android\Android Studio\jbr\bin\vcruntime140_1.dll
0x00007ffc479c0000 - 0x00007ffc47a4d000 	C:\Program Files\Android\Android Studio\jbr\bin\msvcp140.dll
0x00007ffbd6eb0000 - 0x00007ffbd7b46000 	C:\Program Files\Android\Android Studio\jbr\bin\server\jvm.dll
0x00007ffc5d740000 - 0x00007ffc5d7f7000 	C:\Windows\System32\ADVAPI32.dll
0x00007ffc5d690000 - 0x00007ffc5d73a000 	C:\Windows\System32\sechost.dll
0x00007ffc5e030000 - 0x00007ffc5e148000 	C:\Windows\System32\RPCRT4.dll
0x00007ffc5e2f0000 - 0x00007ffc5e370000 	C:\Windows\System32\WS2_32.dll
0x00007ffc5b440000 - 0x00007ffc5b49e000 	C:\Windows\SYSTEM32\POWRPROF.dll
0x00007ffc55c10000 - 0x00007ffc55c46000 	C:\Windows\SYSTEM32\WINMM.dll
0x00007ffc4da30000 - 0x00007ffc4da3b000 	C:\Windows\SYSTEM32\VERSION.dll
0x00007ffc5b420000 - 0x00007ffc5b434000 	C:\Windows\SYSTEM32\UMPDC.dll
0x00007ffc5a2a0000 - 0x00007ffc5a2bb000 	C:\Windows\SYSTEM32\kernel.appcore.dll
0x00007ffc558e0000 - 0x00007ffc558ea000 	C:\Program Files\Android\Android Studio\jbr\bin\jimage.dll
0x00007ffc58a80000 - 0x00007ffc58cc2000 	C:\Windows\SYSTEM32\DBGHELP.DLL
0x00007ffc5d120000 - 0x00007ffc5d4a3000 	C:\Windows\System32\combase.dll
0x00007ffc5da60000 - 0x00007ffc5db39000 	C:\Windows\System32\OLEAUT32.dll
0x00007ffc55bd0000 - 0x00007ffc55c0b000 	C:\Windows\SYSTEM32\dbgcore.DLL
0x00007ffc5bef0000 - 0x00007ffc5bf9c000 	C:\Windows\System32\bcryptPrimitives.dll
0x00007ffc4dea0000 - 0x00007ffc4dec0000 	C:\Program Files\Android\Android Studio\jbr\bin\java.dll
0x00007ffc4de80000 - 0x00007ffc4de98000 	C:\Program Files\Android\Android Studio\jbr\bin\zip.dll
0x00007ffc5c930000 - 0x00007ffc5d0c2000 	C:\Windows\System32\SHELL32.dll
0x00007ffc59050000 - 0x00007ffc598e2000 	C:\Windows\SYSTEM32\windows.storage.dll
0x00007ffc5dd50000 - 0x00007ffc5de47000 	C:\Windows\System32\SHCORE.dll
0x00007ffc5c890000 - 0x00007ffc5c8f7000 	C:\Windows\System32\shlwapi.dll
0x00007ffc5b500000 - 0x00007ffc5b529000 	C:\Windows\SYSTEM32\profapi.dll
0x00007ffc558d0000 - 0x00007ffc558e0000 	C:\Program Files\Android\Android Studio\jbr\bin\net.dll
0x00007ffc4c620000 - 0x00007ffc4c747000 	C:\Windows\SYSTEM32\WINHTTP.dll
0x00007ffc5a870000 - 0x00007ffc5a8dc000 	C:\Windows\system32\mswsock.dll
0x00007ffc4de60000 - 0x00007ffc4de76000 	C:\Program Files\Android\Android Studio\jbr\bin\nio.dll
0x00007ffc4c970000 - 0x00007ffc4c980000 	C:\Program Files\Android\Android Studio\jbr\bin\verify.dll
0x00007ffc5ab70000 - 0x00007ffc5ab8b000 	C:\Windows\SYSTEM32\CRYPTSP.dll
0x00007ffc5a200000 - 0x00007ffc5a239000 	C:\Windows\system32\rsaenh.dll
0x00007ffc5a930000 - 0x00007ffc5a962000 	C:\Windows\SYSTEM32\USERENV.dll
0x00007ffc5b4d0000 - 0x00007ffc5b4fa000 	C:\Windows\SYSTEM32\bcrypt.dll
0x00007ffc5ab90000 - 0x00007ffc5ab9c000 	C:\Windows\SYSTEM32\CRYPTBASE.dll
0x00007ffc59c90000 - 0x00007ffc59cc3000 	C:\Windows\SYSTEM32\IPHLPAPI.DLL
0x00007ffc5d5d0000 - 0x00007ffc5d5da000 	C:\Windows\System32\NSI.dll
0x00007ffc36680000 - 0x00007ffc36769000 	C:\Users\ak759\AppData\Local\Temp\sqlite-3.41.2.2-ba905876-53d8-4eda-9cb4-c248503c108e-sqlitejdbc.dll

JVMTI agents: none

dbghelp: loaded successfully - version: 4.0.5 - missing functions: none
symbol engine: initialized successfully - sym options: 0x614 - pdb path: .;C:\Program Files\Android\Android Studio\jbr\bin;C:\Windows\SYSTEM32;C:\Windows\WinSxS\amd64_microsoft.windows.common-controls_6595b64144ccf1df_6.0.26100.8875_none_3e0d5d42e32fe9dd;C:\Program Files\Android\Android Studio\jbr\bin\server;C:\Users\ak759\AppData\Local\Temp

VM Arguments:
java_command: org.jetbrains.kotlin.cli.jvm.K2JVMCompiler @C:\Users\ak759\StudioProjects\Smart-Attendance-App\app\build\20260728_13769710360286520541.compiler.options
java_class_path (initial): C:\Users\ak759\.gradle\caches\modules-2\files-2.1\org.jetbrains.kotlin\kotlin-compiler-embeddable\2.0.21\79346ed53db48b18312a472602eb5c057070c54d\kotlin-compiler-embeddable-2.0.21.jar;C:\Users\ak759\.gradle\caches\modules-2\files-2.1\org.jetbrains.kotlin\kotlin-stdlib\2.0.21\618b539767b4899b4660a83006e052b63f1db551\kotlin-stdlib-2.0.21.jar;C:\Users\ak759\.gradle\caches\modules-2\files-2.1\org.jetbrains.kotlin\kotlin-script-runtime\2.0.21\c9b044380ad41f89aa89aa896c2d32a8c0b2129d\kotlin-script-runtime-2.0.21.jar;C:\Users\ak759\.gradle\caches\modules-2\files-2.1\org.jetbrains.kotlin\kotlin-reflect\1.6.10\1cbe9c92c12a94eea200d23c2bbaedaf3daf5132\kotlin-reflect-1.6.10.jar;C:\Users\ak759\.gradle\caches\modules-2\files-2.1\org.jetbrains.kotlin\kotlin-daemon-embeddable\2.0.21\c9e933b23287de9b5a17e2116b4657bb91aea72c\kotlin-daemon-embeddable-2.0.21.jar;C:\Users\ak759\.gradle\caches\modules-2\files-2.1\org.jetbrains.intellij.deps\trove4j\1.0.20200330\3afb14d5f9ceb459d724e907a21145e8ff394f02\trove4j-1.0.20200330.jar;C:\Users\ak759\.gradle\caches\modules-2\files-2.1\org.jetbrains.kotlinx\kotlinx-coroutines-core-jvm\1.6.4\2c997cd1c0ef33f3e751d3831929aeff1390cb30\kotlinx-coroutines-core-jvm-1.6.4.jar;C:\Users\ak759\.gradle\caches\modules-2\files-2.1\org.jetbrains\annotations\13.0\919f0dfe192fb4e063e7dacadee7f8bb9a2672a9\annotations-13.0.jar
Launcher Type: SUN_STANDARD

[Global flags]
     intx CICompilerCount                          = 3                                         {product} {ergonomic}
     uint ConcGCThreads                            = 1                                         {product} {ergonomic}
     uint G1ConcRefinementThreads                  = 4                                         {product} {ergonomic}
   size_t G1HeapRegionSize                         = 1048576                                   {product} {ergonomic}
    uintx GCDrainStackTargetSize                   = 64                                        {product} {ergonomic}
   size_t InitialHeapSize                          = 132120576                                 {product} {ergonomic}
   size_t MarkStackSize                            = 4194304                                   {product} {ergonomic}
   size_t MaxHeapSize                              = 2090860544                                {product} {ergonomic}
   size_t MaxNewSize                               = 1254096896                                {product} {ergonomic}
   size_t MinHeapDeltaBytes                        = 1048576                                   {product} {ergonomic}
   size_t MinHeapSize                              = 8388608                                   {product} {ergonomic}
    uintx NonNMethodCodeHeapSize                   = 5832780                                {pd product} {ergonomic}
    uintx NonProfiledCodeHeapSize                  = 122912730                              {pd product} {ergonomic}
    uintx ProfiledCodeHeapSize                     = 122912730                              {pd product} {ergonomic}
    uintx ReservedCodeCacheSize                    = 251658240                              {pd product} {ergonomic}
     bool SegmentedCodeCache                       = true                                      {product} {ergonomic}
   size_t SoftMaxHeapSize                          = 2090860544                             {manageable} {ergonomic}
     bool UseCompressedOops                        = true                           {product lp64_product} {ergonomic}
     bool UseG1GC                                  = true                                      {product} {ergonomic}
     bool UseLargePagesIndividualAllocation        = false                                  {pd product} {ergonomic}

Logging:
Log output configuration:
 #0: stdout all=warning uptime,level,tags foldmultilines=false
 #1: stderr all=off uptime,level,tags foldmultilines=false

Release file:
JAVA_VERSION="21.0.10" 
MODULES="java.base java.compiler java.datatransfer java.xml java.prefs java.desktop java.instrument java.logging java.management java.security.sasl java.naming java.rmi java.management.rmi java.net.http java.scripting java.security.jgss java.transaction.xa java.sql java.sql.rowset java.xml.crypto java.se java.smartcardio jdk.accessibility jdk.internal.jvmstat jdk.attach jdk.charsets jdk.internal.opt jdk.zipfs jdk.compiler jdk.crypto.ec jdk.crypto.cryptoki jdk.dynalink jdk.hotspot.agent jdk.httpserver jdk.internal.ed jdk.internal.le jdk.internal.vm.ci jdk.jartool jdk.javadoc jdk.jcmd jdk.jdeps jdk.jdwp.agent jdk.jdi jdk.jfr jdk.jlink jdk.jsobject jdk.localedata jdk.management jdk.management.agent jdk.management.jfr jdk.naming.dns jdk.naming.rmi jdk.net jdk.sctp jdk.security.auth jdk.security.jgss jdk.unsupported jdk.unsupported.desktop jdk.xml.dom" 
IMPLEMENTOR="JetBrains s.r.o." 
JAVA_RUNTIME_VERSION="21.0.10+-14961533-b1163.108" 
LIBC="default" 
OS_ARCH="x86_64" 
OS_NAME="Windows" 
SOURCE=".:git:1351622c2ff2" 

Environment Variables:
PATH=C:\Windows\system32;C:\Windows;C:\Windows\System32\Wbem;C:\Windows\System32\WindowsPowerShell\v1.0\;C:\Windows\System32\OpenSSH\;C:\Program Files\Git\cmd;C:\MinGW\bin;C:\Users\ak759\AppData\Local\Microsoft\WindowsApps;C:\Users\ak759\AppData\Local\Programs\Microsoft VS Code\bin;D:\Downloads\winlibs-x86_64-posix-seh-gcc-16.1.0-mingw-w64ucrt-14.0.0-r3\mingw64\bin;
USERNAME=ak759
OS=Windows_NT
PROCESSOR_IDENTIFIER=Intel64 Family 6 Model 140 Stepping 1, GenuineIntel
TMP=C:\Users\ak759\AppData\Local\Temp
TEMP=C:\Users\ak759\AppData\Local\Temp




Periodic native trim disabled

JNI global refs:
JNI global refs: 21, weak refs: 18

JNI global refs memory usage: 835, weak refs: 833

Process memory usage:
Resident Set Size: 285036K (3% of 8166712K total physical memory with 939816K free physical memory)

OOME stack traces (most recent first):
Classloader memory used:
Loader jdk.internal.loader.ClassLoaders$AppClassLoader                                 : 44534K
Loader bootstrap                                                                       : 14730K
Loader java.net.URLClassLoader                                                         : 8763K
Loader jdk.internal.loader.ClassLoaders$PlatformClassLoader                            : 254K

---------------  S Y S T E M  ---------------

OS:
 Windows 11 , 64 bit Build 26100 (10.0.26100.8875)
OS uptime: 0 days 3:37 hours
Hyper-V role detected

CPU: total 4 (initial active 4) (2 cores per cpu, 2 threads per core) family 6 model 140 stepping 1 microcode 0x8a, cx8, cmov, fxsr, ht, mmx, 3dnowpref, sse, sse2, sse3, ssse3, sse4.1, sse4.2, popcnt, lzcnt, tsc, tscinvbit, avx, avx2, aes, erms, clmul, bmi1, bmi2, adx, avx512f, avx512dq, avx512cd, avx512bw, avx512vl, sha, fma, vzeroupper, avx512_vpopcntdq, avx512_vpclmulqdq, avx512_vaes, avx512_vnni, clflush, clflushopt, clwb, avx512_vbmi2, avx512_vbmi, hv, rdtscp, rdpid, fsrm, gfni, avx512_bitalg, f16c, cet_ibt, cet_ss, avx512_ifma
Processor Information for the first 4 processors :
  Max Mhz: 2995, Current Mhz: 2995, Mhz Limit: 2995

Memory: 4k page, system-wide physical 7975M (920M free)
TotalPageFile size 10813M (AvailPageFile size 8M)
current process WorkingSet (physical memory assigned to process): 278M, peak: 279M
current process commit charge ("private bytes"): 302M, peak: 304M

vm_info: OpenJDK 64-Bit Server VM (21.0.10+-14961533-b1163.108) for windows-amd64 JRE (21.0.10+-14961533-b1163.108), built on 2026-03-02T19:58:50Z by "builder" with MS VC++ 16.10 / 16.11 (VS2019)

END.
