#
# There is insufficient memory for the Java Runtime Environment to continue.
# Native memory allocation (malloc) failed to allocate 801936 bytes. Error detail: Chunk::new
# Possible reasons:
#   The system is out of physical RAM or swap space
#   This process is running with CompressedOops enabled, and the Java Heap may be blocking the growth of the native heap
# Possible solutions:
#   Reduce memory load on the system
#   Increase physical memory or swap space
#   Check if swap backing store is full
#   Decrease Java heap size (-Xmx/-Xms)
#   Decrease number of Java threads
#   Decrease Java thread stack sizes (-Xss)
#   Set larger code cache with -XX:ReservedCodeCacheSize=
#   JVM is running with Unscaled Compressed Oops mode in which the Java heap is
#     placed in the first 4GB address space. The Java Heap base address is the
#     maximum limit for the native heap growth. Please use -XX:HeapBaseMinAddress
#     to set the Java Heap base and to place the Java Heap above 4GB virtual address.
# This output file may be truncated or incomplete.
#
#  Out of Memory Error (arena.cpp:168), pid=6940, tid=6352
#
# JRE version: OpenJDK Runtime Environment (21.0.10) (build 21.0.10+-14961533-b1163.108)
# Java VM: OpenJDK 64-Bit Server VM (21.0.10+-14961533-b1163.108, mixed mode, tiered, compressed oops, compressed class ptrs, g1 gc, windows-amd64)
# No core dump will be written. Minidumps are not enabled by default on client versions of Windows
#

---------------  S U M M A R Y ------------

Command Line: org.jetbrains.kotlin.cli.jvm.K2JVMCompiler @C:\Users\ak759\StudioProjects\Smart-Attendance-App\app\build\20260728_14401422707418368726.compiler.options

Host: 11th Gen Intel(R) Core(TM) i3-1115G4 @ 3.00GHz, 4 cores, 7G,  Windows 11 , 64 bit Build 26100 (10.0.26100.8875)
Time: Tue Jul 28 16:32:45 2026 India Standard Time elapsed time: 18.057720 seconds (0d 0h 0m 18s)

---------------  T H R E A D  ---------------

Current thread (0x00000268b08faaa0):  JavaThread "C2 CompilerThread1" daemon [_thread_in_native, id=6352, stack(0x000000c6c6f00000,0x000000c6c7000000) (1024K)]


Current CompileTask:
C2:18057 6634       4       androidx.room.jarjarred.org.antlr.v4.runtime.atn.ParserATNSimulator::closure_ (312 bytes)

Stack: [0x000000c6c6f00000,0x000000c6c7000000]
Native frames: (J=compiled Java code, j=interpreted, Vv=VM code, C=native code)
V  [jvm.dll+0x6d78a9]
V  [jvm.dll+0x8665b3]
V  [jvm.dll+0x868bde]
V  [jvm.dll+0x8692c3]
V  [jvm.dll+0x280ee6]
V  [jvm.dll+0xc07cd]
V  [jvm.dll+0xc0d03]
V  [jvm.dll+0x2f6170]
V  [jvm.dll+0x6003e9]
V  [jvm.dll+0x252ce2]
V  [jvm.dll+0x24b1a4]
V  [jvm.dll+0x24909e]
V  [jvm.dll+0x1c76e4]
V  [jvm.dll+0x25891e]
V  [jvm.dll+0x256e66]
V  [jvm.dll+0x3f513e]
V  [jvm.dll+0x80fd28]
V  [jvm.dll+0x6d60fd]
C  [ucrtbase.dll+0x2cd30]
C  [KERNEL32.DLL+0x2e957]
C  [ntdll.dll+0xaad6c]


---------------  P R O C E S S  ---------------

Threads class SMR info:
_java_thread_list=0x00000268b160e410, length=12, elements={
0x0000026892e748b0, 0x00000268ae032780, 0x00000268ae038690, 0x00000268ae0390f0,
0x00000268ae07b350, 0x00000268ae07bdb0, 0x00000268ae07d820, 0x00000268ae07e280,
0x00000268ae07f010, 0x00000268ae06f6d0, 0x00000268ae222850, 0x00000268b08faaa0
}

Java Threads: ( => current thread )
  0x0000026892e748b0 JavaThread "main"                              [_thread_in_native, id=7176, stack(0x000000c6c5a00000,0x000000c6c5b00000) (1024K)]
  0x00000268ae032780 JavaThread "Common-Cleaner"             daemon [_thread_blocked, id=8812, stack(0x000000c6c6200000,0x000000c6c6300000) (1024K)]
  0x00000268ae038690 JavaThread "Reference Handler"          daemon [_thread_blocked, id=3448, stack(0x000000c6c6300000,0x000000c6c6400000) (1024K)]
  0x00000268ae0390f0 JavaThread "Finalizer"                  daemon [_thread_blocked, id=10208, stack(0x000000c6c6400000,0x000000c6c6500000) (1024K)]
  0x00000268ae07b350 JavaThread "Signal Dispatcher"          daemon [_thread_blocked, id=8220, stack(0x000000c6c6500000,0x000000c6c6600000) (1024K)]
  0x00000268ae07bdb0 JavaThread "Attach Listener"            daemon [_thread_blocked, id=4376, stack(0x000000c6c6600000,0x000000c6c6700000) (1024K)]
  0x00000268ae07d820 JavaThread "Service Thread"             daemon [_thread_blocked, id=9016, stack(0x000000c6c6700000,0x000000c6c6800000) (1024K)]
  0x00000268ae07e280 JavaThread "Monitor Deflation Thread"   daemon [_thread_blocked, id=3884, stack(0x000000c6c6800000,0x000000c6c6900000) (1024K)]
  0x00000268ae07f010 JavaThread "C2 CompilerThread0"         daemon [_thread_in_native, id=5996, stack(0x000000c6c6900000,0x000000c6c6a00000) (1024K)]
  0x00000268ae06f6d0 JavaThread "C1 CompilerThread0"         daemon [_thread_in_native, id=7180, stack(0x000000c6c6a00000,0x000000c6c6b00000) (1024K)]
  0x00000268ae222850 JavaThread "Notification Thread"        daemon [_thread_blocked, id=10744, stack(0x000000c6c6b00000,0x000000c6c6c00000) (1024K)]
=>0x00000268b08faaa0 JavaThread "C2 CompilerThread1"         daemon [_thread_in_native, id=6352, stack(0x000000c6c6f00000,0x000000c6c7000000) (1024K)]
Total: 12

Other Threads:
  0x00000268a9c0b2c0 VMThread "VM Thread"                           [id=8252, stack(0x000000c6c6100000,0x000000c6c6200000) (1024K)]
  0x00000268a9b7a500 WatcherThread "VM Periodic Task Thread"        [id=9200, stack(0x000000c6c6000000,0x000000c6c6100000) (1024K)]
  0x0000026892ecaed0 WorkerThread "GC Thread#0"                     [id=6828, stack(0x000000c6c5b00000,0x000000c6c5c00000) (1024K)]
  0x00000268ae780990 WorkerThread "GC Thread#1"                     [id=12716, stack(0x000000c6c6c00000,0x000000c6c6d00000) (1024K)]
  0x00000268ae4e0230 WorkerThread "GC Thread#2"                     [id=2856, stack(0x000000c6c6d00000,0x000000c6c6e00000) (1024K)]
  0x00000268ae7b34c0 WorkerThread "GC Thread#3"                     [id=660, stack(0x000000c6c6e00000,0x000000c6c6f00000) (1024K)]
  0x0000026892edc010 ConcurrentGCThread "G1 Main Marker"            [id=13416, stack(0x000000c6c5c00000,0x000000c6c5d00000) (1024K)]
  0x0000026892edcb20 WorkerThread "G1 Conc#0"                       [id=10040, stack(0x000000c6c5d00000,0x000000c6c5e00000) (1024K)]
  0x0000026892f3e2f0 ConcurrentGCThread "G1 Refine#0"               [id=15212, stack(0x000000c6c5e00000,0x000000c6c5f00000) (1024K)]
  0x00000268a9a480f0 ConcurrentGCThread "G1 Service"                [id=4088, stack(0x000000c6c5f00000,0x000000c6c6000000) (1024K)]
Total: 10

Threads with active compile tasks:
C2 CompilerThread0  18089 6633       4       androidx.room.jarjarred.org.antlr.v4.runtime.atn.ParserATNSimulator::closureCheckingStopState (246 bytes)
C1 CompilerThread0  18089 6669       3       com.squareup.kotlinpoet.ClassName::<init> (211 bytes)
C2 CompilerThread1  18089 6634       4       androidx.room.jarjarred.org.antlr.v4.runtime.atn.ParserATNSimulator::closure_ (312 bytes)
Total: 3

VM state: not at safepoint (normal execution)

VM Mutex/Monitor currently owned by a thread: None

Heap address: 0x0000000083600000, size: 1994 MB, Compressed Oops mode: 32-bit

CDS archive(s) not mapped
Compressed class space mapped at: 0x0000000100000000-0x0000000140000000, reserved size: 1073741824
Narrow klass base: 0x0000000000000000, Narrow klass shift: 3, Narrow klass range: 0x140000000

GC Precious Log:
 CardTable entry size: 512
 Card Set container configuration: InlinePtr #cards 5 size 8 Array Of Cards #cards 12 size 40 Howl #buckets 4 coarsen threshold 1843 Howl Bitmap #cards 512 size 80 coarsen threshold 460 Card regions per heap region 1 cards per card region 2048
 CPUs: 4 total, 4 available
 Memory: 7975M
 Large Page Support: Disabled
 NUMA Support: Disabled
 Compressed Oops: Enabled (32-bit)
 Heap Region Size: 1M
 Heap Min Capacity: 8M
 Heap Initial Capacity: 126M
 Heap Max Capacity: 1994M
 Pre-touch: Disabled
 Parallel Workers: 4
 Concurrent Workers: 1
 Concurrent Refinement Workers: 4
 Periodic GC: Disabled

Heap:
 garbage-first heap   total 71680K, used 53763K [0x0000000083600000, 0x0000000100000000)
  region size 1024K, 10 young (10240K), 3 survivors (3072K)
 Metaspace       used 67452K, committed 68288K, reserved 1114112K
  class space    used 8190K, committed 8576K, reserved 1048576K

Heap Regions: E=young(eden), S=young(survivor), O=old, HS=humongous(starts), HC=humongous(continues), CS=collection set, F=free, TAMS=top-at-mark-start, PB=parsable bottom
|   0|0x0000000083600000, 0x0000000083700000, 0x0000000083700000|100%|HS|  |TAMS 0x0000000083600000| PB 0x0000000083600000| Complete 
|   1|0x0000000083700000, 0x0000000083800000, 0x0000000083800000|100%|HC|  |TAMS 0x0000000083700000| PB 0x0000000083700000| Complete 
|   2|0x0000000083800000, 0x0000000083900000, 0x0000000083900000|100%|HC|  |TAMS 0x0000000083800000| PB 0x0000000083800000| Complete 
|   3|0x0000000083900000, 0x0000000083a00000, 0x0000000083a00000|100%| O|  |TAMS 0x0000000083900000| PB 0x0000000083900000| Untracked 
|   4|0x0000000083a00000, 0x0000000083b00000, 0x0000000083b00000|100%| O|  |TAMS 0x0000000083a00000| PB 0x0000000083a00000| Untracked 
|   5|0x0000000083b00000, 0x0000000083c00000, 0x0000000083c00000|100%| O|  |TAMS 0x0000000083b00000| PB 0x0000000083b00000| Untracked 
|   6|0x0000000083c00000, 0x0000000083d00000, 0x0000000083d00000|100%| O|  |TAMS 0x0000000083c00000| PB 0x0000000083c00000| Untracked 
|   7|0x0000000083d00000, 0x0000000083e00000, 0x0000000083e00000|100%| O|  |TAMS 0x0000000083d00000| PB 0x0000000083d00000| Untracked 
|   8|0x0000000083e00000, 0x0000000083f00000, 0x0000000083f00000|100%| O|  |TAMS 0x0000000083e00000| PB 0x0000000083e00000| Untracked 
|   9|0x0000000083f00000, 0x0000000084000000, 0x0000000084000000|100%| O|  |TAMS 0x0000000083f00000| PB 0x0000000083f00000| Untracked 
|  10|0x0000000084000000, 0x0000000084100000, 0x0000000084100000|100%| O|  |TAMS 0x0000000084000000| PB 0x0000000084000000| Untracked 
|  11|0x0000000084100000, 0x0000000084200000, 0x0000000084200000|100%| O|  |TAMS 0x0000000084100000| PB 0x0000000084100000| Untracked 
|  12|0x0000000084200000, 0x0000000084300000, 0x0000000084300000|100%| O|  |TAMS 0x0000000084200000| PB 0x0000000084200000| Untracked 
|  13|0x0000000084300000, 0x0000000084400000, 0x0000000084400000|100%| O|  |TAMS 0x0000000084300000| PB 0x0000000084300000| Untracked 
|  14|0x0000000084400000, 0x0000000084500000, 0x0000000084500000|100%| O|  |TAMS 0x0000000084400000| PB 0x0000000084400000| Untracked 
|  15|0x0000000084500000, 0x0000000084600000, 0x0000000084600000|100%| O|  |TAMS 0x0000000084500000| PB 0x0000000084500000| Untracked 
|  16|0x0000000084600000, 0x0000000084700000, 0x0000000084700000|100%| O|  |TAMS 0x0000000084600000| PB 0x0000000084600000| Untracked 
|  17|0x0000000084700000, 0x0000000084800000, 0x0000000084800000|100%| O|  |TAMS 0x0000000084700000| PB 0x0000000084700000| Untracked 
|  18|0x0000000084800000, 0x0000000084900000, 0x0000000084900000|100%| O|  |TAMS 0x0000000084800000| PB 0x0000000084800000| Untracked 
|  19|0x0000000084900000, 0x0000000084a00000, 0x0000000084a00000|100%| O|  |TAMS 0x0000000084900000| PB 0x0000000084900000| Untracked 
|  20|0x0000000084a00000, 0x0000000084b00000, 0x0000000084b00000|100%| O|  |TAMS 0x0000000084a00000| PB 0x0000000084a00000| Untracked 
|  21|0x0000000084b00000, 0x0000000084b00000, 0x0000000084c00000|  0%| F|  |TAMS 0x0000000084b00000| PB 0x0000000084b00000| Untracked 
|  22|0x0000000084c00000, 0x0000000084d00000, 0x0000000084d00000|100%| O|  |TAMS 0x0000000084c00000| PB 0x0000000084c00000| Untracked 
|  23|0x0000000084d00000, 0x0000000084e00000, 0x0000000084e00000|100%| O|  |TAMS 0x0000000084d00000| PB 0x0000000084d00000| Untracked 
|  24|0x0000000084e00000, 0x0000000084f00000, 0x0000000084f00000|100%| O|  |TAMS 0x0000000084e00000| PB 0x0000000084e00000| Untracked 
|  25|0x0000000084f00000, 0x0000000085000000, 0x0000000085000000|100%| O|  |TAMS 0x0000000084f00000| PB 0x0000000084f00000| Untracked 
|  26|0x0000000085000000, 0x0000000085100000, 0x0000000085100000|100%| O|  |TAMS 0x0000000085000000| PB 0x0000000085000000| Untracked 
|  27|0x0000000085100000, 0x0000000085200000, 0x0000000085200000|100%| O|  |TAMS 0x0000000085100000| PB 0x0000000085100000| Untracked 
|  28|0x0000000085200000, 0x0000000085300000, 0x0000000085300000|100%|HS|  |TAMS 0x0000000085200000| PB 0x0000000085200000| Complete 
|  29|0x0000000085300000, 0x0000000085400000, 0x0000000085400000|100%|HC|  |TAMS 0x0000000085300000| PB 0x0000000085300000| Complete 
|  30|0x0000000085400000, 0x0000000085500000, 0x0000000085500000|100%| O|  |TAMS 0x0000000085400000| PB 0x0000000085400000| Untracked 
|  31|0x0000000085500000, 0x0000000085600000, 0x0000000085600000|100%| O|  |TAMS 0x0000000085500000| PB 0x0000000085500000| Untracked 
|  32|0x0000000085600000, 0x0000000085700000, 0x0000000085700000|100%| O|  |TAMS 0x0000000085600000| PB 0x0000000085600000| Untracked 
|  33|0x0000000085700000, 0x0000000085800000, 0x0000000085800000|100%| O|  |TAMS 0x0000000085700000| PB 0x0000000085700000| Untracked 
|  34|0x0000000085800000, 0x0000000085900000, 0x0000000085900000|100%| O|  |TAMS 0x0000000085800000| PB 0x0000000085800000| Untracked 
|  35|0x0000000085900000, 0x0000000085a00000, 0x0000000085a00000|100%| O|  |TAMS 0x0000000085900000| PB 0x0000000085900000| Untracked 
|  36|0x0000000085a00000, 0x0000000085b00000, 0x0000000085b00000|100%| O|  |TAMS 0x0000000085a00000| PB 0x0000000085a00000| Untracked 
|  37|0x0000000085b00000, 0x0000000085c00000, 0x0000000085c00000|100%| O|  |TAMS 0x0000000085b00000| PB 0x0000000085b00000| Untracked 
|  38|0x0000000085c00000, 0x0000000085d00000, 0x0000000085d00000|100%| O|  |TAMS 0x0000000085c00000| PB 0x0000000085c00000| Untracked 
|  39|0x0000000085d00000, 0x0000000085e00000, 0x0000000085e00000|100%| O|  |TAMS 0x0000000085d00000| PB 0x0000000085d00000| Untracked 
|  40|0x0000000085e00000, 0x0000000085f00000, 0x0000000085f00000|100%| O|  |TAMS 0x0000000085e00000| PB 0x0000000085e00000| Untracked 
|  41|0x0000000085f00000, 0x0000000085f80c88, 0x0000000086000000| 50%| O|  |TAMS 0x0000000085f00000| PB 0x0000000085f00000| Untracked 
|  42|0x0000000086000000, 0x0000000086000000, 0x0000000086100000|  0%| F|  |TAMS 0x0000000086000000| PB 0x0000000086000000| Untracked 
|  43|0x0000000086100000, 0x0000000086200000, 0x0000000086200000|100%| S|CS|TAMS 0x0000000086100000| PB 0x0000000086100000| Complete 
|  44|0x0000000086200000, 0x0000000086300000, 0x0000000086300000|100%| S|CS|TAMS 0x0000000086200000| PB 0x0000000086200000| Complete 
|  45|0x0000000086300000, 0x0000000086400000, 0x0000000086400000|100%| S|CS|TAMS 0x0000000086300000| PB 0x0000000086300000| Complete 
|  46|0x0000000086400000, 0x0000000086400000, 0x0000000086500000|  0%| F|  |TAMS 0x0000000086400000| PB 0x0000000086400000| Untracked 
|  47|0x0000000086500000, 0x0000000086500000, 0x0000000086600000|  0%| F|  |TAMS 0x0000000086500000| PB 0x0000000086500000| Untracked 
|  48|0x0000000086600000, 0x0000000086600000, 0x0000000086700000|  0%| F|  |TAMS 0x0000000086600000| PB 0x0000000086600000| Untracked 
|  49|0x0000000086700000, 0x0000000086700000, 0x0000000086800000|  0%| F|  |TAMS 0x0000000086700000| PB 0x0000000086700000| Untracked 
|  50|0x0000000086800000, 0x0000000086800000, 0x0000000086900000|  0%| F|  |TAMS 0x0000000086800000| PB 0x0000000086800000| Untracked 
|  51|0x0000000086900000, 0x0000000086900000, 0x0000000086a00000|  0%| F|  |TAMS 0x0000000086900000| PB 0x0000000086900000| Untracked 
|  52|0x0000000086a00000, 0x0000000086a00000, 0x0000000086b00000|  0%| F|  |TAMS 0x0000000086a00000| PB 0x0000000086a00000| Untracked 
|  53|0x0000000086b00000, 0x0000000086b00000, 0x0000000086c00000|  0%| F|  |TAMS 0x0000000086b00000| PB 0x0000000086b00000| Untracked 
|  54|0x0000000086c00000, 0x0000000086c00000, 0x0000000086d00000|  0%| F|  |TAMS 0x0000000086c00000| PB 0x0000000086c00000| Untracked 
|  55|0x0000000086d00000, 0x0000000086d00000, 0x0000000086e00000|  0%| F|  |TAMS 0x0000000086d00000| PB 0x0000000086d00000| Untracked 
|  56|0x0000000086e00000, 0x0000000086e00000, 0x0000000086f00000|  0%| F|  |TAMS 0x0000000086e00000| PB 0x0000000086e00000| Untracked 
|  57|0x0000000086f00000, 0x0000000086f00000, 0x0000000087000000|  0%| F|  |TAMS 0x0000000086f00000| PB 0x0000000086f00000| Untracked 
|  58|0x0000000087000000, 0x0000000087000000, 0x0000000087100000|  0%| F|  |TAMS 0x0000000087000000| PB 0x0000000087000000| Untracked 
|  59|0x0000000087100000, 0x0000000087100000, 0x0000000087200000|  0%| F|  |TAMS 0x0000000087100000| PB 0x0000000087100000| Untracked 
|  60|0x0000000087200000, 0x0000000087300000, 0x0000000087300000|100%| E|  |TAMS 0x0000000087200000| PB 0x0000000087200000| Complete 
|  61|0x0000000087300000, 0x0000000087400000, 0x0000000087400000|100%| E|CS|TAMS 0x0000000087300000| PB 0x0000000087300000| Complete 
|  62|0x0000000087400000, 0x0000000087500000, 0x0000000087500000|100%| E|CS|TAMS 0x0000000087400000| PB 0x0000000087400000| Complete 
| 112|0x000000008a600000, 0x000000008a700000, 0x000000008a700000|100%| E|CS|TAMS 0x000000008a600000| PB 0x000000008a600000| Complete 
| 113|0x000000008a700000, 0x000000008a800000, 0x000000008a800000|100%| E|CS|TAMS 0x000000008a700000| PB 0x000000008a700000| Complete 
| 125|0x000000008b300000, 0x000000008b400000, 0x000000008b400000|100%| E|CS|TAMS 0x000000008b300000| PB 0x000000008b300000| Complete 
|1990|0x00000000ffc00000, 0x00000000ffd00000, 0x00000000ffd00000|100%| O|  |TAMS 0x00000000ffc00000| PB 0x00000000ffc00000| Untracked 
|1991|0x00000000ffd00000, 0x00000000ffe00000, 0x00000000ffe00000|100%| O|  |TAMS 0x00000000ffd00000| PB 0x00000000ffd00000| Untracked 
|1992|0x00000000ffe00000, 0x00000000fff00000, 0x00000000fff00000|100%| E|CS|TAMS 0x00000000ffe00000| PB 0x00000000ffe00000| Complete 
|1993|0x00000000fff00000, 0x0000000100000000, 0x0000000100000000|100%| O|  |TAMS 0x00000000fff00000| PB 0x00000000fff00000| Untracked 

Card table byte_map: [0x00000268a53d0000,0x00000268a57c0000] _byte_map_base: 0x00000268a4fb5000

Marking Bits: (CMBitMap*) 0x0000026892ecbdf0
 Bits: [0x00000268a57c0000, 0x00000268a76e8000)

Polling page: 0x0000026890e10000

Metaspace:

Usage:
  Non-class:     57.87 MB used.
      Class:      8.00 MB used.
       Both:     65.87 MB used.

Virtual space:
  Non-class space:       64.00 MB reserved,      58.31 MB ( 91%) committed,  1 nodes.
      Class space:        1.00 GB reserved,       8.38 MB ( <1%) committed,  1 nodes.
             Both:        1.06 GB reserved,      66.69 MB (  6%) committed. 

Chunk freelists:
   Non-Class:  5.67 MB
       Class:  7.64 MB
        Both:  13.31 MB

MaxMetaspaceSize: unlimited
CompressedClassSpaceSize: 1.00 GB
Initial GC threshold: 21.00 MB
Current GC threshold: 98.56 MB
CDS: off
 - commit_granule_bytes: 65536.
 - commit_granule_words: 8192.
 - virtual_space_node_default_size: 8388608.
 - enlarge_chunks_in_place: 1.
 - use_allocation_guard: 0.


Internal statistics:

num_allocs_failed_limit: 3.
num_arena_births: 1360.
num_arena_deaths: 0.
num_vsnodes_births: 2.
num_vsnodes_deaths: 0.
num_space_committed: 1065.
num_space_uncommitted: 0.
num_chunks_returned_to_freelist: 3.
num_chunks_taken_from_freelist: 3664.
num_chunk_merges: 3.
num_chunk_splits: 2702.
num_chunks_enlarged: 2020.
num_inconsistent_stats: 0.

CodeHeap 'non-profiled nmethods': size=120000Kb used=3924Kb max_used=3924Kb free=116075Kb
 bounds [0x000002689dab0000, 0x000002689de90000, 0x00000268a4fe0000]
CodeHeap 'profiled nmethods': size=120000Kb used=12793Kb max_used=12793Kb free=107206Kb
 bounds [0x0000026895fe0000, 0x0000026896c60000, 0x000002689d510000]
CodeHeap 'non-nmethods': size=5760Kb used=1682Kb max_used=1711Kb free=4077Kb
 bounds [0x000002689d510000, 0x000002689d780000, 0x000002689dab0000]
CodeCache: size=245760Kb, used=18399Kb, max_used=18428Kb, free=227358Kb
 total_blobs=6588, nmethods=5904, adapters=588, full_count=0
Compilation: enabled, stopped_count=0, restarted_count=0

Compilation events (20 events):
Event: 18.021 Thread 0x00000268ae06f6d0 6653       3       org.jetbrains.kotlin.serialization.deserialization.descriptors.DeserializedMemberScope::createImplementation (50 bytes)
Event: 18.021 Thread 0x00000268ae06f6d0 nmethod 6653 0x0000026896c4db90 code [0x0000026896c4dd80, 0x0000026896c4e240]
Event: 18.021 Thread 0x00000268ae06f6d0 6654       3       org.jetbrains.kotlin.serialization.deserialization.descriptors.DeserializedMemberScope$$Lambda/0x0000000100427460::<init> (10 bytes)
Event: 18.021 Thread 0x00000268ae06f6d0 nmethod 6654 0x0000026896c4e410 code [0x0000026896c4e5c0, 0x0000026896c4e778]
Event: 18.023 Thread 0x00000268ae06f6d0 6655       1       com.squareup.javapoet.ClassName::simpleName (5 bytes)
Event: 18.023 Thread 0x00000268ae06f6d0 nmethod 6655 0x000002689de84b90 code [0x000002689de84d20, 0x000002689de84de8]
Event: 18.024 Thread 0x00000268ae06f6d0 6656       3       java.util.jar.Manifest$FastInputStream::peek (38 bytes)
Event: 18.024 Thread 0x00000268ae06f6d0 nmethod 6656 0x0000026896c4e810 code [0x0000026896c4e9c0, 0x0000026896c4ebd0]
Event: 18.030 Thread 0x00000268ae06f6d0 6657       3       com.google.devtools.ksp.symbol.impl.kotlin.KSTypeImpl::getNullability (15 bytes)
Event: 18.030 Thread 0x00000268ae06f6d0 nmethod 6657 0x0000026896c4ed10 code [0x0000026896c4eec0, 0x0000026896c4f168]
Event: 18.031 Thread 0x00000268ae06f6d0 6658       3       kotlin.collections.builders.MapBuilder$Companion::access$computeShift (6 bytes)
Event: 18.031 Thread 0x00000268ae06f6d0 nmethod 6658 0x0000026896c4f290 code [0x0000026896c4f440, 0x0000026896c4f5c0]
Event: 18.031 Thread 0x00000268ae06f6d0 6659       3       kotlin.collections.builders.MapBuilder$Companion::computeShift (7 bytes)
Event: 18.031 Thread 0x00000268ae06f6d0 nmethod 6659 0x0000026896c4f690 code [0x0000026896c4f840, 0x0000026896c4f978]
Event: 18.034 Thread 0x00000268ae06f6d0 6660       1       kotlin.collections.ArrayDeque::getSize (5 bytes)
Event: 18.034 Thread 0x00000268ae06f6d0 nmethod 6660 0x000002689de84e90 code [0x000002689de85020, 0x000002689de850e8]
Event: 18.034 Thread 0x00000268ae06f6d0 6661       3       androidx.room.compiler.processing.ksp.KSTypeWrapper::copy$default (92 bytes)
Event: 18.035 Thread 0x00000268ae06f6d0 nmethod 6661 0x0000026896c4fa10 code [0x0000026896c4fbe0, 0x0000026896c4fe78]
Event: 18.035 Thread 0x00000268ae06f6d0 6662       3       androidx.room.compiler.processing.ksp.KSTypeWrapper::copy (54 bytes)
Event: 18.054 Thread 0x00000268ae06f6d0 nmethod 6662 0x0000026896c50010 code [0x0000026896c50400, 0x0000026896c51ba0]

GC Heap History (20 events):
Event: 11.931 GC heap before
{Heap before GC invocations=16 (full 0):
 garbage-first heap   total 51200K, used 43588K [0x0000000083600000, 0x0000000100000000)
  region size 1024K, 18 young (18432K), 3 survivors (3072K)
 Metaspace       used 48104K, committed 48768K, reserved 1114112K
  class space    used 5784K, committed 6080K, reserved 1048576K
}
Event: 11.944 GC heap after
{Heap after GC invocations=17 (full 0):
 garbage-first heap   total 51200K, used 30559K [0x0000000083600000, 0x0000000100000000)
  region size 1024K, 3 young (3072K), 3 survivors (3072K)
 Metaspace       used 48104K, committed 48768K, reserved 1114112K
  class space    used 5784K, committed 6080K, reserved 1048576K
}
Event: 12.344 GC heap before
{Heap before GC invocations=17 (full 0):
 garbage-first heap   total 51200K, used 33631K [0x0000000083600000, 0x0000000100000000)
  region size 1024K, 7 young (7168K), 3 survivors (3072K)
 Metaspace       used 48613K, committed 49280K, reserved 1114112K
  class space    used 5837K, committed 6144K, reserved 1048576K
}
Event: 12.351 GC heap after
{Heap after GC invocations=18 (full 0):
 garbage-first heap   total 51200K, used 31489K [0x0000000083600000, 0x0000000100000000)
  region size 1024K, 1 young (1024K), 1 survivors (1024K)
 Metaspace       used 48613K, committed 49280K, reserved 1114112K
  class space    used 5837K, committed 6144K, reserved 1048576K
}
Event: 13.055 GC heap before
{Heap before GC invocations=19 (full 0):
 garbage-first heap   total 55296K, used 46849K [0x0000000083600000, 0x0000000100000000)
  region size 1024K, 14 young (14336K), 1 survivors (1024K)
 Metaspace       used 51075K, committed 51776K, reserved 1114112K
  class space    used 6178K, committed 6528K, reserved 1048576K
}
Event: 13.060 GC heap after
{Heap after GC invocations=20 (full 0):
 garbage-first heap   total 55296K, used 35584K [0x0000000083600000, 0x0000000100000000)
  region size 1024K, 2 young (2048K), 2 survivors (2048K)
 Metaspace       used 51075K, committed 51776K, reserved 1114112K
  class space    used 6178K, committed 6528K, reserved 1048576K
}
Event: 13.160 GC heap before
{Heap before GC invocations=20 (full 0):
 garbage-first heap   total 55296K, used 47872K [0x0000000083600000, 0x0000000100000000)
  region size 1024K, 15 young (15360K), 2 survivors (2048K)
 Metaspace       used 51158K, committed 51904K, reserved 1114112K
  class space    used 6179K, committed 6528K, reserved 1048576K
}
Event: 13.165 GC heap after
{Heap after GC invocations=21 (full 0):
 garbage-first heap   total 55296K, used 36280K [0x0000000083600000, 0x0000000100000000)
  region size 1024K, 1 young (1024K), 1 survivors (1024K)
 Metaspace       used 51158K, committed 51904K, reserved 1114112K
  class space    used 6179K, committed 6528K, reserved 1048576K
}
Event: 13.482 GC heap before
{Heap before GC invocations=21 (full 0):
 garbage-first heap   total 55296K, used 48568K [0x0000000083600000, 0x0000000100000000)
  region size 1024K, 14 young (14336K), 1 survivors (1024K)
 Metaspace       used 51203K, committed 51904K, reserved 1114112K
  class space    used 6179K, committed 6528K, reserved 1048576K
}
Event: 13.484 GC heap after
{Heap after GC invocations=22 (full 0):
 garbage-first heap   total 55296K, used 36524K [0x0000000083600000, 0x0000000100000000)
  region size 1024K, 2 young (2048K), 2 survivors (2048K)
 Metaspace       used 51203K, committed 51904K, reserved 1114112K
  class space    used 6179K, committed 6528K, reserved 1048576K
}
Event: 14.439 GC heap before
{Heap before GC invocations=23 (full 0):
 garbage-first heap   total 63488K, used 47788K [0x0000000083600000, 0x0000000100000000)
  region size 1024K, 14 young (14336K), 2 survivors (2048K)
 Metaspace       used 53043K, committed 53760K, reserved 1114112K
  class space    used 6439K, committed 6784K, reserved 1048576K
}
Event: 14.443 GC heap after
{Heap after GC invocations=24 (full 0):
 garbage-first heap   total 63488K, used 37474K [0x0000000083600000, 0x0000000100000000)
  region size 1024K, 2 young (2048K), 2 survivors (2048K)
 Metaspace       used 53043K, committed 53760K, reserved 1114112K
  class space    used 6439K, committed 6784K, reserved 1048576K
}
Event: 15.393 GC heap before
{Heap before GC invocations=24 (full 0):
 garbage-first heap   total 63488K, used 55906K [0x0000000083600000, 0x0000000100000000)
  region size 1024K, 21 young (21504K), 2 survivors (2048K)
 Metaspace       used 55534K, committed 56320K, reserved 1114112K
  class space    used 6732K, committed 7104K, reserved 1048576K
}
Event: 15.404 GC heap after
{Heap after GC invocations=25 (full 0):
 garbage-first heap   total 63488K, used 40243K [0x0000000083600000, 0x0000000100000000)
  region size 1024K, 3 young (3072K), 3 survivors (3072K)
 Metaspace       used 55534K, committed 56320K, reserved 1114112K
  class space    used 6732K, committed 7104K, reserved 1048576K
}
Event: 16.192 GC heap before
{Heap before GC invocations=25 (full 0):
 garbage-first heap   total 63488K, used 56627K [0x0000000083600000, 0x0000000100000000)
  region size 1024K, 19 young (19456K), 3 survivors (3072K)
 Metaspace       used 59459K, committed 60288K, reserved 1114112K
  class space    used 7221K, committed 7616K, reserved 1048576K
}
Event: 16.201 GC heap after
{Heap after GC invocations=26 (full 0):
 garbage-first heap   total 63488K, used 42539K [0x0000000083600000, 0x0000000100000000)
  region size 1024K, 2 young (2048K), 2 survivors (2048K)
 Metaspace       used 59459K, committed 60288K, reserved 1114112K
  class space    used 7221K, committed 7616K, reserved 1048576K
}
Event: 16.813 GC heap before
{Heap before GC invocations=27 (full 0):
 garbage-first heap   total 71680K, used 56875K [0x0000000083600000, 0x0000000100000000)
  region size 1024K, 16 young (16384K), 2 survivors (2048K)
 Metaspace       used 61923K, committed 62720K, reserved 1114112K
  class space    used 7547K, committed 7936K, reserved 1048576K
}
Event: 16.820 GC heap after
{Heap after GC invocations=28 (full 0):
 garbage-first heap   total 71680K, used 44455K [0x0000000083600000, 0x0000000100000000)
  region size 1024K, 2 young (2048K), 2 survivors (2048K)
 Metaspace       used 61923K, committed 62720K, reserved 1114112K
  class space    used 7547K, committed 7936K, reserved 1048576K
}
Event: 17.844 GC heap before
{Heap before GC invocations=28 (full 0):
 garbage-first heap   total 71680K, used 63911K [0x0000000083600000, 0x0000000100000000)
  region size 1024K, 21 young (21504K), 2 survivors (2048K)
 Metaspace       used 65957K, committed 66752K, reserved 1114112K
  class space    used 7981K, committed 8384K, reserved 1048576K
}
Event: 17.855 GC heap after
{Heap after GC invocations=29 (full 0):
 garbage-first heap   total 71680K, used 47619K [0x0000000083600000, 0x0000000100000000)
  region size 1024K, 3 young (3072K), 3 survivors (3072K)
 Metaspace       used 65957K, committed 66752K, reserved 1114112K
  class space    used 7981K, committed 8384K, reserved 1048576K
}

Dll operation events (3 events):
Event: 0.014 Loaded shared library C:\Program Files\Android\Android Studio\jbr\bin\java.dll
Event: 0.025 Loaded shared library C:\Program Files\Android\Android Studio\jbr\bin\zip.dll
Event: 3.597 Loaded shared library C:\Program Files\Android\Android Studio\jbr\bin\verify.dll

Deoptimization events (20 events):
Event: 17.856 Thread 0x00000268ae032780 Uncommon trap: trap_request=0xffffff45 fr.pc=0x000002689dc391b4 relative=0x0000000000001034
Event: 17.856 Thread 0x00000268ae032780 Uncommon trap: reason=unstable_if action=reinterpret pc=0x000002689dc391b4 method=java.util.zip.ZipFile$CleanableResource.releaseInflater(Ljava/util/zip/Inflater;)V @ 6 c2
Event: 17.856 Thread 0x00000268ae032780 DEOPT PACKING pc=0x000002689dc391b4 sp=0x000000c6c62fee60
Event: 17.856 Thread 0x00000268ae032780 DEOPT UNPACKING pc=0x000002689d567aa2 sp=0x000000c6c62fed30 mode 2
Event: 17.922 Thread 0x0000026892e748b0 Uncommon trap: trap_request=0xffffff45 fr.pc=0x000002689de6db4c relative=0x000000000000086c
Event: 17.922 Thread 0x0000026892e748b0 Uncommon trap: reason=unstable_if action=reinterpret pc=0x000002689de6db4c method=androidx.room.jarjarred.org.antlr.v4.runtime.atn.ATNState.addTransition(ILandroidx/room/jarjarred/org/antlr/v4/runtime/atn/Transition;)V @ 115 c2
Event: 17.922 Thread 0x0000026892e748b0 DEOPT PACKING pc=0x000002689de6db4c sp=0x000000c6c5afcef0
Event: 17.922 Thread 0x0000026892e748b0 DEOPT UNPACKING pc=0x000002689d567aa2 sp=0x000000c6c5afceb8 mode 2
Event: 17.970 Thread 0x0000026892e748b0 Uncommon trap: trap_request=0xffffff45 fr.pc=0x000002689dd996a8 relative=0x0000000000001688
Event: 17.970 Thread 0x0000026892e748b0 Uncommon trap: reason=unstable_if action=reinterpret pc=0x000002689dd996a8 method=java.util.HashMap.putVal(ILjava/lang/Object;Ljava/lang/Object;ZZ)Ljava/lang/Object; @ 206 c2
Event: 17.970 Thread 0x0000026892e748b0 DEOPT PACKING pc=0x000002689dd996a8 sp=0x000000c6c5af98e0
Event: 17.970 Thread 0x0000026892e748b0 DEOPT UNPACKING pc=0x000002689d567aa2 sp=0x000000c6c5af9790 mode 2
Event: 17.970 Thread 0x0000026892e748b0 Uncommon trap: trap_request=0xffffff45 fr.pc=0x000002689dd7ef7c relative=0x000000000000093c
Event: 17.970 Thread 0x0000026892e748b0 Uncommon trap: reason=unstable_if action=reinterpret pc=0x000002689dd7ef7c method=java.util.HashMap.putVal(ILjava/lang/Object;Ljava/lang/Object;ZZ)Ljava/lang/Object; @ 206 c2
Event: 17.970 Thread 0x0000026892e748b0 DEOPT PACKING pc=0x000002689dd7ef7c sp=0x000000c6c5af8e90
Event: 17.970 Thread 0x0000026892e748b0 DEOPT UNPACKING pc=0x000002689d567aa2 sp=0x000000c6c5af8dd0 mode 2
Event: 18.001 Thread 0x0000026892e748b0 Uncommon trap: trap_request=0xffffff45 fr.pc=0x000002689dd88438 relative=0x00000000000033d8
Event: 18.001 Thread 0x0000026892e748b0 Uncommon trap: reason=unstable_if action=reinterpret pc=0x000002689dd88438 method=org.jetbrains.kotlin.load.java.structure.impl.classFiles.BinaryClassSignatureParser.parseParameterizedClassRefSignature(Ljava/text/CharacterIterator;Lorg/jetbrains/kotlin/lo
Event: 18.001 Thread 0x0000026892e748b0 DEOPT PACKING pc=0x000002689dd88438 sp=0x000000c6c5afc1b0
Event: 18.001 Thread 0x0000026892e748b0 DEOPT UNPACKING pc=0x000002689d567aa2 sp=0x000000c6c5afc1a0 mode 2

Classes loaded (20 events):
Event: 17.355 Loading class sun/util/locale/provider/LocaleResources
Event: 17.356 Loading class sun/util/locale/provider/LocaleResources done
Event: 17.356 Loading class sun/util/resources/cldr/CalendarData
Event: 17.357 Loading class sun/util/resources/cldr/CalendarData done
Event: 17.357 Loading class sun/util/locale/provider/LocaleResources$ResourceReference
Event: 17.357 Loading class sun/util/locale/provider/LocaleResources$ResourceReference done
Event: 17.357 Loading class sun/util/calendar/Gregorian$Date
Event: 17.357 Loading class sun/util/calendar/BaseCalendar$Date
Event: 17.357 Loading class sun/util/calendar/CalendarDate
Event: 17.358 Loading class sun/util/calendar/CalendarDate done
Event: 17.358 Loading class sun/util/calendar/BaseCalendar$Date done
Event: 17.358 Loading class sun/util/calendar/Gregorian$Date done
Event: 17.358 Loading class sun/util/calendar/CalendarUtils
Event: 17.358 Loading class sun/util/calendar/CalendarUtils done
Event: 17.370 Loading class java/util/concurrent/ConcurrentHashMap$KeyIterator
Event: 17.370 Loading class java/util/concurrent/ConcurrentHashMap$KeyIterator done
Event: 17.375 Loading class java/lang/invoke/BoundMethodHandle$Species_LLLJ
Event: 17.376 Loading class java/lang/invoke/BoundMethodHandle$Species_LLLJ done
Event: 17.824 Loading class java/io/InvalidClassException
Event: 17.824 Loading class java/io/InvalidClassException done

Classes unloaded (0 events):
No events

Classes redefined (0 events):
No events

Internal exceptions (20 events):
Event: 14.232 Thread 0x0000026892e748b0 Exception <a 'java/lang/NoSuchMethodError'{0x00000000869f8bc8}: 'java.lang.Object java.lang.invoke.DirectMethodHandle$Holder.newInvokeSpecial(java.lang.Object, java.lang.Object, java.lang.Object, java.lang.Object, int, java.lang.Object)'> (0x00000000869f8bc8) 
thrown [s\src\hotspot\share\interpreter\linkResolver.cpp, line 784]
Event: 14.240 Thread 0x0000026892e748b0 Exception <a 'java/lang/NoSuchMethodError'{0x00000000868164f0}: 'java.lang.Object java.lang.invoke.DirectMethodHandle$Holder.invokeStatic(java.lang.Object, java.lang.Object, int, java.lang.Object)'> (0x00000000868164f0) 
thrown [s\src\hotspot\share\interpreter\linkResolver.cpp, line 784]
Event: 14.241 Thread 0x0000026892e748b0 Exception <a 'java/lang/NoSuchMethodError'{0x000000008681d830}: 'java.lang.Object java.lang.invoke.DirectMethodHandle$Holder.newInvokeSpecial(java.lang.Object, java.lang.Object, int, java.lang.Object)'> (0x000000008681d830) 
thrown [s\src\hotspot\share\interpreter\linkResolver.cpp, line 784]
Event: 14.242 Thread 0x0000026892e748b0 Exception <a 'java/lang/NoSuchMethodError'{0x0000000086821c20}: 'java.lang.Object java.lang.invoke.DirectMethodHandle$Holder.invokeSpecial(java.lang.Object, java.lang.Object, java.lang.Object, int, java.lang.Object)'> (0x0000000086821c20) 
thrown [s\src\hotspot\share\interpreter\linkResolver.cpp, line 784]
Event: 14.790 Thread 0x0000026892e748b0 Exception <a 'java/lang/NoSuchMethodError'{0x000000008a611480}: 'int java.lang.invoke.DirectMethodHandle$Holder.invokeInterface(java.lang.Object, java.lang.Object)'> (0x000000008a611480) 
thrown [s\src\hotspot\share\interpreter\linkResolver.cpp, line 784]
Event: 14.851 Thread 0x0000026892e748b0 Exception <a 'java/lang/NoSuchMethodError'{0x0000000086b25410}: 'java.lang.Object java.lang.invoke.DirectMethodHandle$Holder.invokeStatic(java.lang.Object, int, java.lang.Object, java.lang.Object)'> (0x0000000086b25410) 
thrown [s\src\hotspot\share\interpreter\linkResolver.cpp, line 784]
Event: 14.851 Thread 0x0000026892e748b0 Exception <a 'java/lang/NoSuchMethodError'{0x0000000086b2cd60}: 'java.lang.Object java.lang.invoke.DirectMethodHandle$Holder.newInvokeSpecial(java.lang.Object, int, java.lang.Object)'> (0x0000000086b2cd60) 
thrown [s\src\hotspot\share\interpreter\linkResolver.cpp, line 784]
Event: 14.854 Thread 0x0000026892e748b0 Implicit null exception at 0x000002689dbd033c to 0x000002689dbd0588
Event: 14.854 Thread 0x0000026892e748b0 Implicit null exception at 0x000002689dad283d to 0x000002689dad28b9
Event: 14.961 Thread 0x0000026892e748b0 Exception <a 'java/lang/NoSuchMethodError'{0x00000000869ca998}: 'java.lang.Object java.lang.invoke.DirectMethodHandle$Holder.newInvokeSpecial(java.lang.Object, java.lang.Object, java.lang.Object, java.lang.Object, java.lang.Object, java.lang.Object, java.lang.Object, int, java.lang.Object)'> (0x00000000869ca998) 
thrown [s\src\hotspot\share\interpreter\linkResolver.cpp, line 784]
Event: 15.718 Thread 0x0000026892e748b0 Exception <a 'java/lang/NoSuchMethodError'{0x000000008688fda8}: 'java.lang.Object java.lang.invoke.DirectMethodHandle$Holder.newInvokeSpecial(java.lang.Object, int, java.lang.Object, java.lang.Object)'> (0x000000008688fda8) 
thrown [s\src\hotspot\share\interpreter\linkResolver.cpp, line 784]
Event: 15.864 Thread 0x0000026892e748b0 Implicit null exception at 0x000002689dc5c189 to 0x000002689dc5c265
Event: 15.878 Thread 0x0000026892e748b0 Implicit null exception at 0x000002689dc5e252 to 0x000002689dc5e30a
Event: 16.286 Thread 0x00000268ae032780 Implicit null exception at 0x000002689dd5cb5b to 0x000002689dd5d504
Event: 16.575 Thread 0x0000026892e748b0 Implicit null exception at 0x000002689dbd10c0 to 0x000002689dbd134c
Event: 16.941 Thread 0x0000026892e748b0 Exception <a 'sun/nio/fs/WindowsException'{0x000000008a78b8b0}> (0x000000008a78b8b0) 
thrown [s\src\hotspot\share\prims\jni.cpp, line 537]
Event: 17.147 Thread 0x0000026892e748b0 Exception <a 'java/lang/NoSuchMethodError'{0x0000000087424280}: 'java.lang.Object java.lang.invoke.DirectMethodHandle$Holder.invokeStaticInit(java.lang.Object, java.lang.Object, int, int, int, int)'> (0x0000000087424280) 
thrown [s\src\hotspot\share\interpreter\linkResolver.cpp, line 784]
Event: 17.151 Thread 0x0000026892e748b0 Exception <a 'sun/nio/fs/WindowsException'{0x00000000874342e0}> (0x00000000874342e0) 
thrown [s\src\hotspot\share\prims\jni.cpp, line 537]
Event: 17.153 Thread 0x0000026892e748b0 Exception <a 'sun/nio/fs/WindowsException'{0x0000000087435120}> (0x0000000087435120) 
thrown [s\src\hotspot\share\prims\jni.cpp, line 537]
Event: 17.856 Thread 0x00000268ae032780 Implicit null exception at 0x000002689dc3840b to 0x000002689dc391a0

ZGC Phase Switch (0 events):
No events

VM Operations (20 events):
Event: 16.958 Executing non-safepoint VM operation: HandshakeAllThreads (Deoptimize)
Event: 16.958 Executing non-safepoint VM operation: HandshakeAllThreads (Deoptimize) done
Event: 17.082 Executing non-safepoint VM operation: HandshakeAllThreads (Deoptimize)
Event: 17.082 Executing non-safepoint VM operation: HandshakeAllThreads (Deoptimize) done
Event: 17.083 Executing non-safepoint VM operation: HandshakeAllThreads (Deoptimize)
Event: 17.083 Executing non-safepoint VM operation: HandshakeAllThreads (Deoptimize) done
Event: 17.131 Executing non-safepoint VM operation: HandshakeAllThreads (Deoptimize)
Event: 17.131 Executing non-safepoint VM operation: HandshakeAllThreads (Deoptimize) done
Event: 17.257 Executing non-safepoint VM operation: HandshakeAllThreads (Deoptimize)
Event: 17.257 Executing non-safepoint VM operation: HandshakeAllThreads (Deoptimize) done
Event: 17.292 Executing non-safepoint VM operation: HandshakeAllThreads (Deoptimize)
Event: 17.292 Executing non-safepoint VM operation: HandshakeAllThreads (Deoptimize) done
Event: 17.442 Executing safepoint VM operation: ICBufferFull
Event: 17.442 Executing safepoint VM operation: ICBufferFull done
Event: 17.656 Executing safepoint VM operation: ICBufferFull
Event: 17.656 Executing safepoint VM operation: ICBufferFull done
Event: 17.844 Executing safepoint VM operation: G1CollectForAllocation (G1 Evacuation Pause)
Event: 17.855 Executing safepoint VM operation: G1CollectForAllocation (G1 Evacuation Pause) done
Event: 17.969 Executing non-safepoint VM operation: HandshakeAllThreads (Deoptimize)
Event: 17.969 Executing non-safepoint VM operation: HandshakeAllThreads (Deoptimize) done

Memory protections (0 events):
No events

Nmethod flushes (20 events):
Event: 16.285 Thread 0x00000268a9c0b2c0 flushing  nmethod 0x000002689624fc10
Event: 16.285 Thread 0x00000268a9c0b2c0 flushing  nmethod 0x000002689625f990
Event: 16.285 Thread 0x00000268a9c0b2c0 flushing  nmethod 0x0000026896266010
Event: 16.285 Thread 0x00000268a9c0b2c0 flushing  nmethod 0x0000026896311390
Event: 16.285 Thread 0x00000268a9c0b2c0 flushing  nmethod 0x0000026896313410
Event: 16.285 Thread 0x00000268a9c0b2c0 flushing  nmethod 0x0000026896319a90
Event: 16.285 Thread 0x00000268a9c0b2c0 flushing  nmethod 0x000002689631e510
Event: 16.285 Thread 0x00000268a9c0b2c0 flushing  nmethod 0x0000026896366d10
Event: 16.285 Thread 0x00000268a9c0b2c0 flushing  nmethod 0x00000268963c7390
Event: 16.285 Thread 0x00000268a9c0b2c0 flushing  nmethod 0x00000268963ee810
Event: 16.285 Thread 0x00000268a9c0b2c0 flushing  nmethod 0x0000026896413c10
Event: 16.285 Thread 0x00000268a9c0b2c0 flushing  nmethod 0x000002689645bf90
Event: 16.285 Thread 0x00000268a9c0b2c0 flushing  nmethod 0x000002689647f010
Event: 16.285 Thread 0x00000268a9c0b2c0 flushing  nmethod 0x0000026896482b90
Event: 16.285 Thread 0x00000268a9c0b2c0 flushing  nmethod 0x000002689650aa10
Event: 16.285 Thread 0x00000268a9c0b2c0 flushing  nmethod 0x0000026896645d10
Event: 16.285 Thread 0x00000268a9c0b2c0 flushing  nmethod 0x0000026896662d10
Event: 16.285 Thread 0x00000268a9c0b2c0 flushing  nmethod 0x000002689667bd90
Event: 16.285 Thread 0x00000268a9c0b2c0 flushing  nmethod 0x000002689667f690
Event: 16.285 Thread 0x00000268a9c0b2c0 flushing osr nmethod 0x00000268966c3d90

Events (20 events):
Event: 0.203 Thread 0x00000268ae07f010 Thread added: 0x00000268ae2a5860
Event: 0.220 Loaded shared library C:\Program Files\Android\Android Studio\jbr\bin\zip.dll
Event: 0.277 Loaded shared library C:\Program Files\Android\Android Studio\jbr\bin\jimage.dll
Event: 0.497 Thread 0x00000268ae2a5860 Thread exited: 0x00000268ae2a5860
Event: 3.585 Thread 0x00000268ae07f010 Thread added: 0x00000268af044a50
Event: 4.794 Thread 0x00000268af044a50 Thread exited: 0x00000268af044a50
Event: 4.839 Thread 0x00000268ae06f6d0 Thread added: 0x00000268b0b77750
Event: 5.823 Thread 0x00000268b0b77750 Thread exited: 0x00000268b0b77750
Event: 6.598 Thread 0x00000268ae06f6d0 Thread added: 0x00000268aff03200
Event: 7.976 Thread 0x00000268aff03200 Thread exited: 0x00000268aff03200
Event: 12.183 Thread 0x00000268ae06f6d0 Thread added: 0x00000268b105a080
Event: 12.331 Thread 0x00000268b105a080 Thread exited: 0x00000268b105a080
Event: 13.026 Thread 0x00000268ae06f6d0 Thread added: 0x00000268b04f0400
Event: 14.808 Thread 0x00000268b04f0400 Thread exited: 0x00000268b04f0400
Event: 15.028 Thread 0x00000268ae06f6d0 Thread added: 0x00000268b08f9630
Event: 16.179 Thread 0x00000268b08f9630 Thread exited: 0x00000268b08f9630
Event: 16.518 Thread 0x00000268ae06f6d0 Thread added: 0x00000268b08faaa0
Event: 17.067 Thread 0x00000268b08faaa0 Thread exited: 0x00000268b08faaa0
Event: 17.175 Thread 0x00000268ae07f010 Thread added: 0x00000268b08faaa0
Event: 17.238 Loaded shared library C:\Users\ak759\AppData\Local\Temp\sqlite-3.41.2.2-6d218def-f944-48cc-a576-8dbccc6bad15-sqlitejdbc.dll


Dynamic libraries:
0x00007ff79d980000 - 0x00007ff79d98a000 	C:\Program Files\Android\Android Studio\jbr\bin\java.exe
0x00007ffc5e3c0000 - 0x00007ffc5e626000 	C:\Windows\SYSTEM32\ntdll.dll
0x00007ffc5dc50000 - 0x00007ffc5dd19000 	C:\Windows\System32\KERNEL32.DLL
0x00007ffc5bae0000 - 0x00007ffc5bede000 	C:\Windows\System32\KERNELBASE.dll
0x00007ffc5b5e0000 - 0x00007ffc5b72c000 	C:\Windows\System32\ucrtbase.dll
0x00007ffc4c8e0000 - 0x00007ffc4c8f8000 	C:\Program Files\Android\Android Studio\jbr\bin\jli.dll
0x00007ffc55940000 - 0x00007ffc5595b000 	C:\Program Files\Android\Android Studio\jbr\bin\VCRUNTIME140.dll
0x00007ffc5d890000 - 0x00007ffc5da57000 	C:\Windows\System32\USER32.dll
0x00007ffc5b740000 - 0x00007ffc5b767000 	C:\Windows\System32\win32u.dll
0x00007ffc5c900000 - 0x00007ffc5c92b000 	C:\Windows\System32\GDI32.dll
0x00007ffc5b770000 - 0x00007ffc5b89a000 	C:\Windows\System32\gdi32full.dll
0x00007ffc5c040000 - 0x00007ffc5c0e3000 	C:\Windows\System32\msvcp_win.dll
0x00007ffc41810000 - 0x00007ffc41aa2000 	C:\Windows\WinSxS\amd64_microsoft.windows.common-controls_6595b64144ccf1df_6.0.26100.8875_none_3e0d5d42e32fe9dd\COMCTL32.dll
0x00007ffc5d5e0000 - 0x00007ffc5d689000 	C:\Windows\System32\msvcrt.dll
0x00007ffc5d570000 - 0x00007ffc5d5a2000 	C:\Windows\System32\IMM32.DLL
0x00007ffc558f0000 - 0x00007ffc558fc000 	C:\Program Files\Android\Android Studio\jbr\bin\vcruntime140_1.dll
0x00007ffc479c0000 - 0x00007ffc47a4d000 	C:\Program Files\Android\Android Studio\jbr\bin\msvcp140.dll
0x00007ffbd6eb0000 - 0x00007ffbd7b46000 	C:\Program Files\Android\Android Studio\jbr\bin\server\jvm.dll
0x00007ffc5d740000 - 0x00007ffc5d7f7000 	C:\Windows\System32\ADVAPI32.dll
0x00007ffc5d690000 - 0x00007ffc5d73a000 	C:\Windows\System32\sechost.dll
0x00007ffc5e030000 - 0x00007ffc5e148000 	C:\Windows\System32\RPCRT4.dll
0x00007ffc5e2f0000 - 0x00007ffc5e370000 	C:\Windows\System32\WS2_32.dll
0x00007ffc5b440000 - 0x00007ffc5b49e000 	C:\Windows\SYSTEM32\POWRPROF.dll
0x00007ffc55c10000 - 0x00007ffc55c46000 	C:\Windows\SYSTEM32\WINMM.dll
0x00007ffc4da30000 - 0x00007ffc4da3b000 	C:\Windows\SYSTEM32\VERSION.dll
0x00007ffc5b420000 - 0x00007ffc5b434000 	C:\Windows\SYSTEM32\UMPDC.dll
0x00007ffc5a2a0000 - 0x00007ffc5a2bb000 	C:\Windows\SYSTEM32\kernel.appcore.dll
0x00007ffc558e0000 - 0x00007ffc558ea000 	C:\Program Files\Android\Android Studio\jbr\bin\jimage.dll
0x00007ffc58a80000 - 0x00007ffc58cc2000 	C:\Windows\SYSTEM32\DBGHELP.DLL
0x00007ffc5d120000 - 0x00007ffc5d4a3000 	C:\Windows\System32\combase.dll
0x00007ffc5da60000 - 0x00007ffc5db39000 	C:\Windows\System32\OLEAUT32.dll
0x00007ffc55bd0000 - 0x00007ffc55c0b000 	C:\Windows\SYSTEM32\dbgcore.DLL
0x00007ffc5bef0000 - 0x00007ffc5bf9c000 	C:\Windows\System32\bcryptPrimitives.dll
0x00007ffc4dea0000 - 0x00007ffc4dec0000 	C:\Program Files\Android\Android Studio\jbr\bin\java.dll
0x00007ffc4de80000 - 0x00007ffc4de98000 	C:\Program Files\Android\Android Studio\jbr\bin\zip.dll
0x00007ffc5c930000 - 0x00007ffc5d0c2000 	C:\Windows\System32\SHELL32.dll
0x00007ffc59050000 - 0x00007ffc598e2000 	C:\Windows\SYSTEM32\windows.storage.dll
0x00007ffc5dd50000 - 0x00007ffc5de47000 	C:\Windows\System32\SHCORE.dll
0x00007ffc5c890000 - 0x00007ffc5c8f7000 	C:\Windows\System32\shlwapi.dll
0x00007ffc5b500000 - 0x00007ffc5b529000 	C:\Windows\SYSTEM32\profapi.dll
0x00007ffc558d0000 - 0x00007ffc558e0000 	C:\Program Files\Android\Android Studio\jbr\bin\net.dll
0x00007ffc4c620000 - 0x00007ffc4c747000 	C:\Windows\SYSTEM32\WINHTTP.dll
0x00007ffc5a870000 - 0x00007ffc5a8dc000 	C:\Windows\system32\mswsock.dll
0x00007ffc4de60000 - 0x00007ffc4de76000 	C:\Program Files\Android\Android Studio\jbr\bin\nio.dll
0x00007ffc4c970000 - 0x00007ffc4c980000 	C:\Program Files\Android\Android Studio\jbr\bin\verify.dll
0x00007ffc5ab70000 - 0x00007ffc5ab8b000 	C:\Windows\SYSTEM32\CRYPTSP.dll
0x00007ffc5a200000 - 0x00007ffc5a239000 	C:\Windows\system32\rsaenh.dll
0x00007ffc5a930000 - 0x00007ffc5a962000 	C:\Windows\SYSTEM32\USERENV.dll
0x00007ffc5b4d0000 - 0x00007ffc5b4fa000 	C:\Windows\SYSTEM32\bcrypt.dll
0x00007ffc5ab90000 - 0x00007ffc5ab9c000 	C:\Windows\SYSTEM32\CRYPTBASE.dll
0x00007ffc59c90000 - 0x00007ffc59cc3000 	C:\Windows\SYSTEM32\IPHLPAPI.DLL
0x00007ffc5d5d0000 - 0x00007ffc5d5da000 	C:\Windows\System32\NSI.dll
0x00007ffc36680000 - 0x00007ffc36769000 	C:\Users\ak759\AppData\Local\Temp\sqlite-3.41.2.2-6d218def-f944-48cc-a576-8dbccc6bad15-sqlitejdbc.dll

JVMTI agents: none

dbghelp: loaded successfully - version: 4.0.5 - missing functions: none
symbol engine: initialized successfully - sym options: 0x614 - pdb path: .;C:\Program Files\Android\Android Studio\jbr\bin;C:\Windows\SYSTEM32;C:\Windows\WinSxS\amd64_microsoft.windows.common-controls_6595b64144ccf1df_6.0.26100.8875_none_3e0d5d42e32fe9dd;C:\Program Files\Android\Android Studio\jbr\bin\server;C:\Users\ak759\AppData\Local\Temp

VM Arguments:
java_command: org.jetbrains.kotlin.cli.jvm.K2JVMCompiler @C:\Users\ak759\StudioProjects\Smart-Attendance-App\app\build\20260728_14401422707418368726.compiler.options
java_class_path (initial): C:\Users\ak759\.gradle\caches\modules-2\files-2.1\org.jetbrains.kotlin\kotlin-compiler-embeddable\2.0.21\79346ed53db48b18312a472602eb5c057070c54d\kotlin-compiler-embeddable-2.0.21.jar;C:\Users\ak759\.gradle\caches\modules-2\files-2.1\org.jetbrains.kotlin\kotlin-stdlib\2.0.21\618b539767b4899b4660a83006e052b63f1db551\kotlin-stdlib-2.0.21.jar;C:\Users\ak759\.gradle\caches\modules-2\files-2.1\org.jetbrains.kotlin\kotlin-script-runtime\2.0.21\c9b044380ad41f89aa89aa896c2d32a8c0b2129d\kotlin-script-runtime-2.0.21.jar;C:\Users\ak759\.gradle\caches\modules-2\files-2.1\org.jetbrains.kotlin\kotlin-reflect\1.6.10\1cbe9c92c12a94eea200d23c2bbaedaf3daf5132\kotlin-reflect-1.6.10.jar;C:\Users\ak759\.gradle\caches\modules-2\files-2.1\org.jetbrains.kotlin\kotlin-daemon-embeddable\2.0.21\c9e933b23287de9b5a17e2116b4657bb91aea72c\kotlin-daemon-embeddable-2.0.21.jar;C:\Users\ak759\.gradle\caches\modules-2\files-2.1\org.jetbrains.intellij.deps\trove4j\1.0.20200330\3afb14d5f9ceb459d724e907a21145e8ff394f02\trove4j-1.0.20200330.jar;C:\Users\ak759\.gradle\caches\modules-2\files-2.1\org.jetbrains.kotlinx\kotlinx-coroutines-core-jvm\1.6.4\2c997cd1c0ef33f3e751d3831929aeff1390cb30\kotlinx-coroutines-core-jvm-1.6.4.jar;C:\Users\ak759\.gradle\caches\modules-2\files-2.1\org.jetbrains\annotations\13.0\919f0dfe192fb4e063e7dacadee7f8bb9a2672a9\annotations-13.0.jar
Launcher Type: SUN_STANDARD

[Global flags]
     intx CICompilerCount                          = 3                                         {product} {ergonomic}
     uint ConcGCThreads                            = 1                                         {product} {ergonomic}
     uint G1ConcRefinementThreads                  = 4                                         {product} {ergonomic}
   size_t G1HeapRegionSize                         = 1048576                                   {product} {ergonomic}
    uintx GCDrainStackTargetSize                   = 64                                        {product} {ergonomic}
   size_t InitialHeapSize                          = 132120576                                 {product} {ergonomic}
   size_t MarkStackSize                            = 4194304                                   {product} {ergonomic}
   size_t MaxHeapSize                              = 2090860544                                {product} {ergonomic}
   size_t MaxNewSize                               = 1254096896                                {product} {ergonomic}
   size_t MinHeapDeltaBytes                        = 1048576                                   {product} {ergonomic}
   size_t MinHeapSize                              = 8388608                                   {product} {ergonomic}
    uintx NonNMethodCodeHeapSize                   = 5832780                                {pd product} {ergonomic}
    uintx NonProfiledCodeHeapSize                  = 122912730                              {pd product} {ergonomic}
    uintx ProfiledCodeHeapSize                     = 122912730                              {pd product} {ergonomic}
    uintx ReservedCodeCacheSize                    = 251658240                              {pd product} {ergonomic}
     bool SegmentedCodeCache                       = true                                      {product} {ergonomic}
   size_t SoftMaxHeapSize                          = 2090860544                             {manageable} {ergonomic}
     bool UseCompressedOops                        = true                           {product lp64_product} {ergonomic}
     bool UseG1GC                                  = true                                      {product} {ergonomic}
     bool UseLargePagesIndividualAllocation        = false                                  {pd product} {ergonomic}

Logging:
Log output configuration:
 #0: stdout all=warning uptime,level,tags foldmultilines=false
 #1: stderr all=off uptime,level,tags foldmultilines=false

Release file:
JAVA_VERSION="21.0.10" 
MODULES="java.base java.compiler java.datatransfer java.xml java.prefs java.desktop java.instrument java.logging java.management java.security.sasl java.naming java.rmi java.management.rmi java.net.http java.scripting java.security.jgss java.transaction.xa java.sql java.sql.rowset java.xml.crypto java.se java.smartcardio jdk.accessibility jdk.internal.jvmstat jdk.attach jdk.charsets jdk.internal.opt jdk.zipfs jdk.compiler jdk.crypto.ec jdk.crypto.cryptoki jdk.dynalink jdk.hotspot.agent jdk.httpserver jdk.internal.ed jdk.internal.le jdk.internal.vm.ci jdk.jartool jdk.javadoc jdk.jcmd jdk.jdeps jdk.jdwp.agent jdk.jdi jdk.jfr jdk.jlink jdk.jsobject jdk.localedata jdk.management jdk.management.agent jdk.management.jfr jdk.naming.dns jdk.naming.rmi jdk.net jdk.sctp jdk.security.auth jdk.security.jgss jdk.unsupported jdk.unsupported.desktop jdk.xml.dom" 
IMPLEMENTOR="JetBrains s.r.o." 
JAVA_RUNTIME_VERSION="21.0.10+-14961533-b1163.108" 
LIBC="default" 
OS_ARCH="x86_64" 
OS_NAME="Windows" 
SOURCE=".:git:1351622c2ff2" 

Environment Variables:
PATH=C:\Windows\system32;C:\Windows;C:\Windows\System32\Wbem;C:\Windows\System32\WindowsPowerShell\v1.0\;C:\Windows\System32\OpenSSH\;C:\Program Files\Git\cmd;C:\MinGW\bin;C:\Users\ak759\AppData\Local\Microsoft\WindowsApps;C:\Users\ak759\AppData\Local\Programs\Microsoft VS Code\bin;D:\Downloads\winlibs-x86_64-posix-seh-gcc-16.1.0-mingw-w64ucrt-14.0.0-r3\mingw64\bin;
USERNAME=ak759
OS=Windows_NT
PROCESSOR_IDENTIFIER=Intel64 Family 6 Model 140 Stepping 1, GenuineIntel
TMP=C:\Users\ak759\AppData\Local\Temp
TEMP=C:\Users\ak759\AppData\Local\Temp




Periodic native trim disabled

JNI global refs:
JNI global refs: 20, weak refs: 11

JNI global refs memory usage: 835, weak refs: 833

Process memory usage:
Resident Set Size: 255864K (3% of 8166712K total physical memory with 825288K free physical memory)

OOME stack traces (most recent first):
Classloader memory used:
Loader jdk.internal.loader.ClassLoaders$AppClassLoader                                 : 44151K
Loader bootstrap                                                                       : 14650K
Loader java.net.URLClassLoader                                                         : 8411K
Loader jdk.internal.loader.ClassLoaders$PlatformClassLoader                            : 249K

---------------  S Y S T E M  ---------------

OS:
 Windows 11 , 64 bit Build 26100 (10.0.26100.8875)
OS uptime: 0 days 3:42 hours
Hyper-V role detected

CPU: total 4 (initial active 4) (2 cores per cpu, 2 threads per core) family 6 model 140 stepping 1 microcode 0x8a, cx8, cmov, fxsr, ht, mmx, 3dnowpref, sse, sse2, sse3, ssse3, sse4.1, sse4.2, popcnt, lzcnt, tsc, tscinvbit, avx, avx2, aes, erms, clmul, bmi1, bmi2, adx, avx512f, avx512dq, avx512cd, avx512bw, avx512vl, sha, fma, vzeroupper, avx512_vpopcntdq, avx512_vpclmulqdq, avx512_vaes, avx512_vnni, clflush, clflushopt, clwb, avx512_vbmi2, avx512_vbmi, hv, rdtscp, rdpid, fsrm, gfni, avx512_bitalg, f16c, cet_ibt, cet_ss, avx512_ifma
Processor Information for processor 0
  Max Mhz: 2995, Current Mhz: 2995, Mhz Limit: 2995
Processor Information for processor 1
  Max Mhz: 2995, Current Mhz: 998, Mhz Limit: 2995
Processor Information for processor 2
  Max Mhz: 2995, Current Mhz: 2995, Mhz Limit: 2995
Processor Information for processor 3
  Max Mhz: 2995, Current Mhz: 2995, Mhz Limit: 2995

Memory: 4k page, system-wide physical 7975M (800M free)
TotalPageFile size 10813M (AvailPageFile size 5M)
current process WorkingSet (physical memory assigned to process): 249M, peak: 249M
current process commit charge ("private bytes"): 271M, peak: 272M

vm_info: OpenJDK 64-Bit Server VM (21.0.10+-14961533-b1163.108) for windows-amd64 JRE (21.0.10+-14961533-b1163.108), built on 2026-03-02T19:58:50Z by "builder" with MS VC++ 16.10 / 16.11 (VS2019)

END.
