#
# There is insufficient memory for the Java Runtime Environment to continue.
# Native memory allocation (mmap) failed to map 46137344 bytes. Error detail: G1 virtual space
# Possible reasons:
#   The system is out of physical RAM or swap space
#   This process is running with CompressedOops enabled, and the Java Heap may be blocking the growth of the native heap
# Possible solutions:
#   Reduce memory load on the system
#   Increase physical memory or swap space
#   Check if swap backing store is full
#   Decrease Java heap size (-Xmx/-Xms)
#   Decrease number of Java threads
#   Decrease Java thread stack sizes (-Xss)
#   Set larger code cache with -XX:ReservedCodeCacheSize=
#   JVM is running with Unscaled Compressed Oops mode in which the Java heap is
#     placed in the first 4GB address space. The Java Heap base address is the
#     maximum limit for the native heap growth. Please use -XX:HeapBaseMinAddress
#     to set the Java Heap base and to place the Java Heap above 4GB virtual address.
# This output file may be truncated or incomplete.
#
#  Out of Memory Error (os_windows.cpp:3926), pid=12908, tid=4628
#
# JRE version: OpenJDK Runtime Environment (21.0.10) (build 21.0.10+-14961533-b1163.108)
# Java VM: OpenJDK 64-Bit Server VM (21.0.10+-14961533-b1163.108, mixed mode, tiered, compressed oops, compressed class ptrs, g1 gc, windows-amd64)
# No core dump will be written. Minidumps are not enabled by default on client versions of Windows
#

---------------  S U M M A R Y ------------

Command Line: org.jetbrains.kotlin.cli.jvm.K2JVMCompiler @C:\Users\ak759\StudioProjects\Smart-Attendance-App\app\build\20260728_14707025831334643077.compiler.options

Host: 11th Gen Intel(R) Core(TM) i3-1115G4 @ 3.00GHz, 4 cores, 7G,  Windows 11 , 64 bit Build 26100 (10.0.26100.8875)
Time: Tue Jul 28 16:17:25 2026 India Standard Time elapsed time: 30.378213 seconds (0d 0h 0m 30s)

---------------  T H R E A D  ---------------

Current thread (0x000001e85fdef720):  VMThread "VM Thread"          [id=4628, stack(0x000000734af00000,0x000000734b000000) (1024K)]

Stack: [0x000000734af00000,0x000000734b000000]
Native frames: (J=compiled Java code, j=interpreted, Vv=VM code, C=native code)
V  [jvm.dll+0x6d78a9]
V  [jvm.dll+0x8665b3]
V  [jvm.dll+0x868bde]
V  [jvm.dll+0x8692c3]
V  [jvm.dll+0x280ee6]
V  [jvm.dll+0x6d4165]
V  [jvm.dll+0x6c77fa]
V  [jvm.dll+0x358f4b]
V  [jvm.dll+0x360bc6]
V  [jvm.dll+0x3b2ea6]
V  [jvm.dll+0x3b3178]
V  [jvm.dll+0x32b65c]
V  [jvm.dll+0x32e066]
V  [jvm.dll+0x337f3d]
V  [jvm.dll+0x36f6a5]
V  [jvm.dll+0x86f048]
V  [jvm.dll+0x870394]
V  [jvm.dll+0x8708d0]
V  [jvm.dll+0x870b63]
V  [jvm.dll+0x80fd28]
V  [jvm.dll+0x6d60fd]
C  [ucrtbase.dll+0x2cd30]
C  [KERNEL32.DLL+0x2e957]
C  [ntdll.dll+0xaad6c]

VM_Operation (0x000000734aaff700): G1PauseRemark, mode: safepoint, requested by thread 0x000001e8490fd230


---------------  P R O C E S S  ---------------

Threads class SMR info:
_java_thread_list=0x000001e864e1d600, length=12, elements={
0x000001e846cd0030, 0x000001e864046460, 0x000001e8640289f0, 0x000001e864029540,
0x000001e8640271a0, 0x000001e864082110, 0x000001e86408bb90, 0x000001e86408c5f0,
0x000001e864071050, 0x000001e86408cd90, 0x000001e8642263c0, 0x000001e86678da00
}

Java Threads: ( => current thread )
  0x000001e846cd0030 JavaThread "main"                              [_thread_blocked, id=10136, stack(0x000000734a800000,0x000000734a900000) (1024K)]
  0x000001e864046460 JavaThread "Common-Cleaner"             daemon [_thread_blocked, id=2220, stack(0x000000734b000000,0x000000734b100000) (1024K)]
  0x000001e8640289f0 JavaThread "Reference Handler"          daemon [_thread_blocked, id=3556, stack(0x000000734b100000,0x000000734b200000) (1024K)]
  0x000001e864029540 JavaThread "Finalizer"                  daemon [_thread_blocked, id=10400, stack(0x000000734b200000,0x000000734b300000) (1024K)]
  0x000001e8640271a0 JavaThread "Signal Dispatcher"          daemon [_thread_blocked, id=13772, stack(0x000000734b300000,0x000000734b400000) (1024K)]
  0x000001e864082110 JavaThread "Attach Listener"            daemon [_thread_blocked, id=14876, stack(0x000000734b400000,0x000000734b500000) (1024K)]
  0x000001e86408bb90 JavaThread "Service Thread"             daemon [_thread_blocked, id=6468, stack(0x000000734b500000,0x000000734b600000) (1024K)]
  0x000001e86408c5f0 JavaThread "Monitor Deflation Thread"   daemon [_thread_blocked, id=156, stack(0x000000734b600000,0x000000734b700000) (1024K)]
  0x000001e864071050 JavaThread "C2 CompilerThread0"         daemon [_thread_blocked, id=2568, stack(0x000000734b700000,0x000000734b800000) (1024K)]
  0x000001e86408cd90 JavaThread "C1 CompilerThread0"         daemon [_thread_blocked, id=5028, stack(0x000000734b800000,0x000000734b900000) (1024K)]
  0x000001e8642263c0 JavaThread "Notification Thread"        daemon [_thread_blocked, id=12168, stack(0x000000734b900000,0x000000734ba00000) (1024K)]
  0x000001e86678da00 JavaThread "C2 CompilerThread1"         daemon [_thread_blocked, id=4504, stack(0x000000734ba00000,0x000000734bb00000) (1024K)]
Total: 12

Other Threads:
=>0x000001e85fdef720 VMThread "VM Thread"                           [id=4628, stack(0x000000734af00000,0x000000734b000000) (1024K)]
  0x000001e85fda87f0 WatcherThread "VM Periodic Task Thread"        [id=6924, stack(0x000000734ae00000,0x000000734af00000) (1024K)]
  0x000001e8490ec900 WorkerThread "GC Thread#0"                     [id=10132, stack(0x000000734a900000,0x000000734aa00000) (1024K)]
  0x000001e864783430 WorkerThread "GC Thread#1"                     [id=6404, stack(0x000000734bb00000,0x000000734bc00000) (1024K)]
  0x000001e864784600 WorkerThread "GC Thread#2"                     [id=1888, stack(0x000000734bc00000,0x000000734bd00000) (1024K)]
  0x000001e8647b4390 WorkerThread "GC Thread#3"                     [id=14872, stack(0x000000734bd00000,0x000000734be00000) (1024K)]
  0x000001e8490fd230 ConcurrentGCThread "G1 Main Marker"            [id=8576, stack(0x000000734aa00000,0x000000734ab00000) (1024K)]
  0x000001e8490feb80 WorkerThread "G1 Conc#0"                       [id=5980, stack(0x000000734ab00000,0x000000734ac00000) (1024K)]
  0x000001e85fc6d520 ConcurrentGCThread "G1 Refine#0"               [id=4880, stack(0x000000734ac00000,0x000000734ad00000) (1024K)]
  0x000001e85fc6df40 ConcurrentGCThread "G1 Service"                [id=6576, stack(0x000000734ad00000,0x000000734ae00000) (1024K)]
Total: 10

Threads with active compile tasks:
C2 CompilerThread0  30393 20633       4       org.jetbrains.kotlin.backend.jvm.lower.JvmBuiltInsLowering$lower$transformer$1::visitCall (306 bytes)
C2 CompilerThread1  30393 20634       4       org.jetbrains.kotlin.backend.jvm.lower.VarargLoweringKt::isArrayOf (151 bytes)
Total: 2

VM state: at safepoint (normal execution)

VM Mutex/Monitor currently owned by a thread:  ([mutex/lock_event])
[0x00007ffbd7a686d0] Threads_lock - owner thread: 0x000001e85fdef720
[0x00007ffbd7a687d0] Heap_lock - owner thread: 0x000001e8490fd230

Heap address: 0x0000000083600000, size: 1994 MB, Compressed Oops mode: 32-bit

CDS archive(s) not mapped
Compressed class space mapped at: 0x0000000100000000-0x0000000140000000, reserved size: 1073741824
Narrow klass base: 0x0000000000000000, Narrow klass shift: 3, Narrow klass range: 0x140000000

GC Precious Log:
 CardTable entry size: 512
 Card Set container configuration: InlinePtr #cards 5 size 8 Array Of Cards #cards 12 size 40 Howl #buckets 4 coarsen threshold 1843 Howl Bitmap #cards 512 size 80 coarsen threshold 460 Card regions per heap region 1 cards per card region 2048
 CPUs: 4 total, 4 available
 Memory: 7975M
 Large Page Support: Disabled
 NUMA Support: Disabled
 Compressed Oops: Enabled (32-bit)
 Heap Region Size: 1M
 Heap Min Capacity: 8M
 Heap Initial Capacity: 126M
 Heap Max Capacity: 1994M
 Pre-touch: Disabled
 Parallel Workers: 4
 Concurrent Workers: 1
 Concurrent Refinement Workers: 4
 Periodic GC: Disabled

Heap:
 garbage-first heap   total 332800K, used 229229K [0x0000000083600000, 0x0000000100000000)
  region size 1024K, 9 young (9216K), 4 survivors (4096K)
 Metaspace       used 90021K, committed 90432K, reserved 1179648K
  class space    used 9158K, committed 9344K, reserved 1048576K

Heap Regions: E=young(eden), S=young(survivor), O=old, HS=humongous(starts), HC=humongous(continues), CS=collection set, F=free, TAMS=top-at-mark-start, PB=parsable bottom
|   0|0x0000000083600000, 0x0000000083700000, 0x0000000083700000|100%|HS|  |TAMS 0x0000000083700000| PB 0x0000000083600000| Complete 
|   1|0x0000000083700000, 0x0000000083800000, 0x0000000083800000|100%|HC|  |TAMS 0x0000000083800000| PB 0x0000000083700000| Complete 
|   2|0x0000000083800000, 0x0000000083900000, 0x0000000083900000|100%|HC|  |TAMS 0x0000000083900000| PB 0x0000000083800000| Complete 
|   3|0x0000000083900000, 0x0000000083a00000, 0x0000000083a00000|100%| O|  |TAMS 0x0000000083a00000| PB 0x0000000083a00000| Untracked 
|   4|0x0000000083a00000, 0x0000000083b00000, 0x0000000083b00000|100%| O|  |TAMS 0x0000000083b00000| PB 0x0000000083b00000| Untracked 
|   5|0x0000000083b00000, 0x0000000083c00000, 0x0000000083c00000|100%| O|  |TAMS 0x0000000083c00000| PB 0x0000000083c00000| Untracked 
|   6|0x0000000083c00000, 0x0000000083d00000, 0x0000000083d00000|100%| O|  |TAMS 0x0000000083d00000| PB 0x0000000083d00000| Untracked 
|   7|0x0000000083d00000, 0x0000000083e00000, 0x0000000083e00000|100%| O|  |TAMS 0x0000000083e00000| PB 0x0000000083e00000| Untracked 
|   8|0x0000000083e00000, 0x0000000083f00000, 0x0000000083f00000|100%| O|  |TAMS 0x0000000083f00000| PB 0x0000000083f00000| Untracked 
|   9|0x0000000083f00000, 0x0000000084000000, 0x0000000084000000|100%| O|  |TAMS 0x0000000084000000| PB 0x0000000084000000| Untracked 
|  10|0x0000000084000000, 0x0000000084100000, 0x0000000084100000|100%| O|  |TAMS 0x0000000084100000| PB 0x0000000084100000| Untracked 
|  11|0x0000000084100000, 0x0000000084200000, 0x0000000084200000|100%| O|  |TAMS 0x0000000084200000| PB 0x0000000084200000| Untracked 
|  12|0x0000000084200000, 0x0000000084300000, 0x0000000084300000|100%| O|  |TAMS 0x0000000084300000| PB 0x0000000084300000| Untracked 
|  13|0x0000000084300000, 0x0000000084400000, 0x0000000084400000|100%| O|  |TAMS 0x0000000084400000| PB 0x0000000084400000| Updating 
|  14|0x0000000084400000, 0x0000000084500000, 0x0000000084500000|100%| O|  |TAMS 0x0000000084500000| PB 0x0000000084500000| Untracked 
|  15|0x0000000084500000, 0x0000000084600000, 0x0000000084600000|100%| O|  |TAMS 0x0000000084600000| PB 0x0000000084600000| Updating 
|  16|0x0000000084600000, 0x0000000084700000, 0x0000000084700000|100%| O|  |TAMS 0x0000000084700000| PB 0x0000000084700000| Untracked 
|  17|0x0000000084700000, 0x0000000084800000, 0x0000000084800000|100%| O|  |TAMS 0x0000000084800000| PB 0x0000000084800000| Untracked 
|  18|0x0000000084800000, 0x0000000084900000, 0x0000000084900000|100%| O|  |TAMS 0x0000000084900000| PB 0x0000000084900000| Untracked 
|  19|0x0000000084900000, 0x0000000084a00000, 0x0000000084a00000|100%| O|  |TAMS 0x0000000084a00000| PB 0x0000000084a00000| Updating 
|  20|0x0000000084a00000, 0x0000000084b00000, 0x0000000084b00000|100%| O|  |TAMS 0x0000000084b00000| PB 0x0000000084b00000| Untracked 
|  21|0x0000000084b00000, 0x0000000084c00000, 0x0000000084c00000|100%| O|  |TAMS 0x0000000084c00000| PB 0x0000000084c00000| Untracked 
|  22|0x0000000084c00000, 0x0000000084d00000, 0x0000000084d00000|100%| O|  |TAMS 0x0000000084d00000| PB 0x0000000084d00000| Untracked 
|  23|0x0000000084d00000, 0x0000000084e00000, 0x0000000084e00000|100%| O|  |TAMS 0x0000000084e00000| PB 0x0000000084e00000| Untracked 
|  24|0x0000000084e00000, 0x0000000084f00000, 0x0000000084f00000|100%| O|  |TAMS 0x0000000084f00000| PB 0x0000000084f00000| Untracked 
|  25|0x0000000084f00000, 0x0000000085000000, 0x0000000085000000|100%| O|  |TAMS 0x0000000085000000| PB 0x0000000085000000| Untracked 
|  26|0x0000000085000000, 0x0000000085100000, 0x0000000085100000|100%| O|  |TAMS 0x0000000085100000| PB 0x0000000085100000| Untracked 
|  27|0x0000000085100000, 0x0000000085200000, 0x0000000085200000|100%| O|  |TAMS 0x0000000085200000| PB 0x0000000085200000| Untracked 
|  28|0x0000000085200000, 0x0000000085300000, 0x0000000085300000|100%| O|  |TAMS 0x0000000085300000| PB 0x0000000085300000| Updating 
|  29|0x0000000085300000, 0x0000000085400000, 0x0000000085400000|100%| O|  |TAMS 0x0000000085400000| PB 0x0000000085400000| Untracked 
|  30|0x0000000085400000, 0x0000000085500000, 0x0000000085500000|100%| O|  |TAMS 0x0000000085500000| PB 0x0000000085500000| Untracked 
|  31|0x0000000085500000, 0x0000000085600000, 0x0000000085600000|100%| O|  |TAMS 0x0000000085600000| PB 0x0000000085600000| Untracked 
|  32|0x0000000085600000, 0x0000000085700000, 0x0000000085700000|100%| O|  |TAMS 0x0000000085700000| PB 0x0000000085700000| Untracked 
|  33|0x0000000085700000, 0x0000000085800000, 0x0000000085800000|100%| O|  |TAMS 0x0000000085800000| PB 0x0000000085800000| Untracked 
|  34|0x0000000085800000, 0x0000000085900000, 0x0000000085900000|100%| O|  |TAMS 0x0000000085900000| PB 0x0000000085900000| Untracked 
|  35|0x0000000085900000, 0x0000000085a00000, 0x0000000085a00000|100%| O|  |TAMS 0x0000000085a00000| PB 0x0000000085a00000| Updating 
|  36|0x0000000085a00000, 0x0000000085b00000, 0x0000000085b00000|100%| O|  |TAMS 0x0000000085b00000| PB 0x0000000085b00000| Untracked 
|  37|0x0000000085b00000, 0x0000000085c00000, 0x0000000085c00000|100%| O|  |TAMS 0x0000000085c00000| PB 0x0000000085c00000| Untracked 
|  38|0x0000000085c00000, 0x0000000085d00000, 0x0000000085d00000|100%| O|  |TAMS 0x0000000085d00000| PB 0x0000000085d00000| Untracked 
|  39|0x0000000085d00000, 0x0000000085e00000, 0x0000000085e00000|100%| O|  |TAMS 0x0000000085e00000| PB 0x0000000085e00000| Untracked 
|  40|0x0000000085e00000, 0x0000000085f00000, 0x0000000085f00000|100%| O|  |TAMS 0x0000000085f00000| PB 0x0000000085f00000| Untracked 
|  41|0x0000000085f00000, 0x0000000086000000, 0x0000000086000000|100%| O|  |TAMS 0x0000000086000000| PB 0x0000000086000000| Updating 
|  42|0x0000000086000000, 0x0000000086100000, 0x0000000086100000|100%| O|  |TAMS 0x0000000086100000| PB 0x0000000086100000| Updating 
|  43|0x0000000086100000, 0x0000000086200000, 0x0000000086200000|100%| O|  |TAMS 0x0000000086200000| PB 0x0000000086200000| Untracked 
|  44|0x0000000086200000, 0x0000000086300000, 0x0000000086300000|100%| O|  |TAMS 0x0000000086300000| PB 0x0000000086300000| Updating 
|  45|0x0000000086300000, 0x0000000086400000, 0x0000000086400000|100%| O|  |TAMS 0x0000000086400000| PB 0x0000000086400000| Updating 
|  46|0x0000000086400000, 0x0000000086500000, 0x0000000086500000|100%| O|  |TAMS 0x0000000086500000| PB 0x0000000086500000| Updating 
|  47|0x0000000086500000, 0x0000000086600000, 0x0000000086600000|100%| O|  |TAMS 0x0000000086600000| PB 0x0000000086600000| Untracked 
|  48|0x0000000086600000, 0x0000000086700000, 0x0000000086700000|100%| O|  |TAMS 0x0000000086700000| PB 0x0000000086700000| Updating 
|  49|0x0000000086700000, 0x0000000086800000, 0x0000000086800000|100%| O|  |TAMS 0x0000000086800000| PB 0x0000000086800000| Untracked 
|  50|0x0000000086800000, 0x0000000086900000, 0x0000000086900000|100%| O|  |TAMS 0x0000000086900000| PB 0x0000000086900000| Untracked 
|  51|0x0000000086900000, 0x0000000086a00000, 0x0000000086a00000|100%| O|  |TAMS 0x0000000086a00000| PB 0x0000000086a00000| Updating 
|  52|0x0000000086a00000, 0x0000000086b00000, 0x0000000086b00000|100%| O|  |TAMS 0x0000000086b00000| PB 0x0000000086b00000| Updating 
|  53|0x0000000086b00000, 0x0000000086c00000, 0x0000000086c00000|100%| O|  |TAMS 0x0000000086c00000| PB 0x0000000086c00000| Untracked 
|  54|0x0000000086c00000, 0x0000000086d00000, 0x0000000086d00000|100%| O|  |TAMS 0x0000000086d00000| PB 0x0000000086d00000| Untracked 
|  55|0x0000000086d00000, 0x0000000086e00000, 0x0000000086e00000|100%| O|  |TAMS 0x0000000086e00000| PB 0x0000000086e00000| Updating 
|  56|0x0000000086e00000, 0x0000000086f00000, 0x0000000086f00000|100%| O|  |TAMS 0x0000000086f00000| PB 0x0000000086f00000| Untracked 
|  57|0x0000000086f00000, 0x0000000087000000, 0x0000000087000000|100%| O|  |TAMS 0x0000000087000000| PB 0x0000000087000000| Untracked 
|  58|0x0000000087000000, 0x0000000087100000, 0x0000000087100000|100%| O|  |TAMS 0x0000000087100000| PB 0x0000000087100000| Untracked 
|  59|0x0000000087100000, 0x0000000087200000, 0x0000000087200000|100%| O|  |TAMS 0x0000000087200000| PB 0x0000000087200000| Untracked 
|  60|0x0000000087200000, 0x0000000087300000, 0x0000000087300000|100%| O|  |TAMS 0x0000000087300000| PB 0x0000000087300000| Untracked 
|  61|0x0000000087300000, 0x0000000087400000, 0x0000000087400000|100%| O|  |TAMS 0x0000000087400000| PB 0x0000000087400000| Untracked 
|  62|0x0000000087400000, 0x0000000087500000, 0x0000000087500000|100%| O|  |TAMS 0x0000000087500000| PB 0x0000000087500000| Untracked 
|  63|0x0000000087500000, 0x0000000087600000, 0x0000000087600000|100%| O|  |TAMS 0x0000000087600000| PB 0x0000000087600000| Untracked 
|  64|0x0000000087600000, 0x0000000087700000, 0x0000000087700000|100%| O|  |TAMS 0x0000000087700000| PB 0x0000000087700000| Untracked 
|  65|0x0000000087700000, 0x0000000087800000, 0x0000000087800000|100%| O|  |TAMS 0x0000000087800000| PB 0x0000000087800000| Untracked 
|  66|0x0000000087800000, 0x0000000087900000, 0x0000000087900000|100%| O|  |TAMS 0x0000000087900000| PB 0x0000000087900000| Untracked 
|  67|0x0000000087900000, 0x0000000087a00000, 0x0000000087a00000|100%| O|  |TAMS 0x0000000087a00000| PB 0x0000000087a00000| Untracked 
|  68|0x0000000087a00000, 0x0000000087b00000, 0x0000000087b00000|100%| O|  |TAMS 0x0000000087b00000| PB 0x0000000087b00000| Untracked 
|  69|0x0000000087b00000, 0x0000000087c00000, 0x0000000087c00000|100%| O|  |TAMS 0x0000000087c00000| PB 0x0000000087c00000| Untracked 
|  70|0x0000000087c00000, 0x0000000087d00000, 0x0000000087d00000|100%| O|  |TAMS 0x0000000087d00000| PB 0x0000000087d00000| Untracked 
|  71|0x0000000087d00000, 0x0000000087e00000, 0x0000000087e00000|100%| O|  |TAMS 0x0000000087e00000| PB 0x0000000087e00000| Untracked 
|  72|0x0000000087e00000, 0x0000000087f00000, 0x0000000087f00000|100%| O|  |TAMS 0x0000000087f00000| PB 0x0000000087f00000| Untracked 
|  73|0x0000000087f00000, 0x0000000088000000, 0x0000000088000000|100%| O|  |TAMS 0x0000000088000000| PB 0x0000000088000000| Untracked 
|  74|0x0000000088000000, 0x0000000088100000, 0x0000000088100000|100%| O|  |TAMS 0x0000000088100000| PB 0x0000000088100000| Untracked 
|  75|0x0000000088100000, 0x0000000088200000, 0x0000000088200000|100%| O|  |TAMS 0x0000000088200000| PB 0x0000000088200000| Untracked 
|  76|0x0000000088200000, 0x0000000088300000, 0x0000000088300000|100%| O|  |TAMS 0x0000000088300000| PB 0x0000000088300000| Updating 
|  77|0x0000000088300000, 0x0000000088400000, 0x0000000088400000|100%| O|  |TAMS 0x0000000088400000| PB 0x0000000088400000| Untracked 
|  78|0x0000000088400000, 0x0000000088500000, 0x0000000088500000|100%| O|  |TAMS 0x0000000088500000| PB 0x0000000088500000| Untracked 
|  79|0x0000000088500000, 0x0000000088600000, 0x0000000088600000|100%| O|  |TAMS 0x0000000088600000| PB 0x0000000088600000| Untracked 
|  80|0x0000000088600000, 0x0000000088700000, 0x0000000088700000|100%| O|  |TAMS 0x0000000088700000| PB 0x0000000088700000| Untracked 
|  81|0x0000000088700000, 0x0000000088800000, 0x0000000088800000|100%| O|  |TAMS 0x0000000088800000| PB 0x0000000088800000| Untracked 
|  82|0x0000000088800000, 0x0000000088900000, 0x0000000088900000|100%| O|  |TAMS 0x0000000088900000| PB 0x0000000088900000| Untracked 
|  83|0x0000000088900000, 0x0000000088a00000, 0x0000000088a00000|100%| O|  |TAMS 0x0000000088a00000| PB 0x0000000088a00000| Untracked 
|  84|0x0000000088a00000, 0x0000000088b00000, 0x0000000088b00000|100%| O|  |TAMS 0x0000000088b00000| PB 0x0000000088b00000| Untracked 
|  85|0x0000000088b00000, 0x0000000088c00000, 0x0000000088c00000|100%| O|  |TAMS 0x0000000088c00000| PB 0x0000000088c00000| Updating 
|  86|0x0000000088c00000, 0x0000000088d00000, 0x0000000088d00000|100%| O|  |TAMS 0x0000000088d00000| PB 0x0000000088d00000| Untracked 
|  87|0x0000000088d00000, 0x0000000088e00000, 0x0000000088e00000|100%| O|  |TAMS 0x0000000088e00000| PB 0x0000000088e00000| Untracked 
|  88|0x0000000088e00000, 0x0000000088f00000, 0x0000000088f00000|100%| O|  |TAMS 0x0000000088f00000| PB 0x0000000088f00000| Untracked 
|  89|0x0000000088f00000, 0x0000000089000000, 0x0000000089000000|100%| O|  |TAMS 0x0000000089000000| PB 0x0000000089000000| Untracked 
|  90|0x0000000089000000, 0x0000000089100000, 0x0000000089100000|100%| O|  |TAMS 0x0000000089100000| PB 0x0000000089100000| Untracked 
|  91|0x0000000089100000, 0x0000000089200000, 0x0000000089200000|100%| O|  |TAMS 0x0000000089200000| PB 0x0000000089200000| Untracked 
|  92|0x0000000089200000, 0x0000000089300000, 0x0000000089300000|100%| O|  |TAMS 0x0000000089300000| PB 0x0000000089300000| Untracked 
|  93|0x0000000089300000, 0x0000000089400000, 0x0000000089400000|100%| O|  |TAMS 0x0000000089400000| PB 0x0000000089400000| Untracked 
|  94|0x0000000089400000, 0x0000000089500000, 0x0000000089500000|100%| O|  |TAMS 0x0000000089500000| PB 0x0000000089500000| Untracked 
|  95|0x0000000089500000, 0x0000000089600000, 0x0000000089600000|100%| O|  |TAMS 0x0000000089600000| PB 0x0000000089600000| Untracked 
|  96|0x0000000089600000, 0x0000000089700000, 0x0000000089700000|100%| O|  |TAMS 0x0000000089700000| PB 0x0000000089700000| Untracked 
|  97|0x0000000089700000, 0x0000000089800000, 0x0000000089800000|100%| O|  |TAMS 0x0000000089800000| PB 0x0000000089800000| Untracked 
|  98|0x0000000089800000, 0x0000000089900000, 0x0000000089900000|100%| O|  |TAMS 0x0000000089900000| PB 0x0000000089900000| Untracked 
|  99|0x0000000089900000, 0x0000000089a00000, 0x0000000089a00000|100%| O|  |TAMS 0x0000000089a00000| PB 0x0000000089a00000| Untracked 
| 100|0x0000000089a00000, 0x0000000089b00000, 0x0000000089b00000|100%| O|  |TAMS 0x0000000089b00000| PB 0x0000000089b00000| Untracked 
| 101|0x0000000089b00000, 0x0000000089c00000, 0x0000000089c00000|100%| O|  |TAMS 0x0000000089c00000| PB 0x0000000089c00000| Untracked 
| 102|0x0000000089c00000, 0x0000000089d00000, 0x0000000089d00000|100%| O|  |TAMS 0x0000000089d00000| PB 0x0000000089d00000| Untracked 
| 103|0x0000000089d00000, 0x0000000089e00000, 0x0000000089e00000|100%| O|  |TAMS 0x0000000089e00000| PB 0x0000000089e00000| Untracked 
| 104|0x0000000089e00000, 0x0000000089f00000, 0x0000000089f00000|100%| O|  |TAMS 0x0000000089f00000| PB 0x0000000089f00000| Untracked 
| 105|0x0000000089f00000, 0x000000008a000000, 0x000000008a000000|100%| O|  |TAMS 0x000000008a000000| PB 0x000000008a000000| Untracked 
| 106|0x000000008a000000, 0x000000008a100000, 0x000000008a100000|100%| O|  |TAMS 0x000000008a100000| PB 0x000000008a100000| Untracked 
| 107|0x000000008a100000, 0x000000008a200000, 0x000000008a200000|100%| O|  |TAMS 0x000000008a200000| PB 0x000000008a200000| Untracked 
| 108|0x000000008a200000, 0x000000008a300000, 0x000000008a300000|100%| O|  |TAMS 0x000000008a200000| PB 0x000000008a200000| Untracked 
| 109|0x000000008a300000, 0x000000008a400000, 0x000000008a400000|100%| O|  |TAMS 0x000000008a400000| PB 0x000000008a400000| Untracked 
| 110|0x000000008a400000, 0x000000008a500000, 0x000000008a500000|100%| O|  |TAMS 0x000000008a500000| PB 0x000000008a500000| Untracked 
| 111|0x000000008a500000, 0x000000008a600000, 0x000000008a600000|100%| O|  |TAMS 0x000000008a500000| PB 0x000000008a500000| Untracked 
| 112|0x000000008a600000, 0x000000008a700000, 0x000000008a700000|100%| O|  |TAMS 0x000000008a700000| PB 0x000000008a700000| Untracked 
| 113|0x000000008a700000, 0x000000008a800000, 0x000000008a800000|100%| O|  |TAMS 0x000000008a800000| PB 0x000000008a800000| Untracked 
| 114|0x000000008a800000, 0x000000008a900000, 0x000000008a900000|100%| O|  |TAMS 0x000000008a900000| PB 0x000000008a900000| Untracked 
| 115|0x000000008a900000, 0x000000008aa00000, 0x000000008aa00000|100%| O|  |TAMS 0x000000008aa00000| PB 0x000000008aa00000| Untracked 
| 116|0x000000008aa00000, 0x000000008ab00000, 0x000000008ab00000|100%| O|  |TAMS 0x000000008ab00000| PB 0x000000008ab00000| Untracked 
| 117|0x000000008ab00000, 0x000000008ac00000, 0x000000008ac00000|100%| O|  |TAMS 0x000000008ac00000| PB 0x000000008ac00000| Untracked 
| 118|0x000000008ac00000, 0x000000008ad00000, 0x000000008ad00000|100%| O|  |TAMS 0x000000008ad00000| PB 0x000000008ad00000| Untracked 
| 119|0x000000008ad00000, 0x000000008ae00000, 0x000000008ae00000|100%| O|  |TAMS 0x000000008ae00000| PB 0x000000008ae00000| Untracked 
| 120|0x000000008ae00000, 0x000000008af00000, 0x000000008af00000|100%| O|  |TAMS 0x000000008af00000| PB 0x000000008af00000| Untracked 
| 121|0x000000008af00000, 0x000000008b000000, 0x000000008b000000|100%| O|  |TAMS 0x000000008b000000| PB 0x000000008b000000| Untracked 
| 122|0x000000008b000000, 0x000000008b100000, 0x000000008b100000|100%| O|  |TAMS 0x000000008b100000| PB 0x000000008b100000| Untracked 
| 123|0x000000008b100000, 0x000000008b200000, 0x000000008b200000|100%| O|  |TAMS 0x000000008b200000| PB 0x000000008b200000| Untracked 
| 124|0x000000008b200000, 0x000000008b300000, 0x000000008b300000|100%| O|  |TAMS 0x000000008b300000| PB 0x000000008b300000| Untracked 
| 125|0x000000008b300000, 0x000000008b400000, 0x000000008b400000|100%| O|  |TAMS 0x000000008b400000| PB 0x000000008b400000| Updating 
| 126|0x000000008b400000, 0x000000008b500000, 0x000000008b500000|100%| O|  |TAMS 0x000000008b400000| PB 0x000000008b400000| Untracked 
| 127|0x000000008b500000, 0x000000008b600000, 0x000000008b600000|100%| O|  |TAMS 0x000000008b600000| PB 0x000000008b600000| Untracked 
| 128|0x000000008b600000, 0x000000008b700000, 0x000000008b700000|100%| O|  |TAMS 0x000000008b700000| PB 0x000000008b700000| Untracked 
| 129|0x000000008b700000, 0x000000008b800000, 0x000000008b800000|100%| O|  |TAMS 0x000000008b800000| PB 0x000000008b800000| Untracked 
| 130|0x000000008b800000, 0x000000008b900000, 0x000000008b900000|100%| O|  |TAMS 0x000000008b900000| PB 0x000000008b900000| Untracked 
| 131|0x000000008b900000, 0x000000008ba00000, 0x000000008ba00000|100%| O|  |TAMS 0x000000008ba00000| PB 0x000000008ba00000| Untracked 
| 132|0x000000008ba00000, 0x000000008bb00000, 0x000000008bb00000|100%| O|  |TAMS 0x000000008bb00000| PB 0x000000008bb00000| Untracked 
| 133|0x000000008bb00000, 0x000000008bc00000, 0x000000008bc00000|100%| O|  |TAMS 0x000000008bc00000| PB 0x000000008bc00000| Updating 
| 134|0x000000008bc00000, 0x000000008bd00000, 0x000000008bd00000|100%| O|  |TAMS 0x000000008bd00000| PB 0x000000008bd00000| Updating 
| 135|0x000000008bd00000, 0x000000008be00000, 0x000000008be00000|100%| O|  |TAMS 0x000000008be00000| PB 0x000000008be00000| Untracked 
| 136|0x000000008be00000, 0x000000008bf00000, 0x000000008bf00000|100%| O|  |TAMS 0x000000008bf00000| PB 0x000000008bf00000| Updating 
| 137|0x000000008bf00000, 0x000000008c000000, 0x000000008c000000|100%| O|  |TAMS 0x000000008c000000| PB 0x000000008c000000| Untracked 
| 138|0x000000008c000000, 0x000000008c100000, 0x000000008c100000|100%| O|  |TAMS 0x000000008c100000| PB 0x000000008c100000| Untracked 
| 139|0x000000008c100000, 0x000000008c200000, 0x000000008c200000|100%| O|  |TAMS 0x000000008c200000| PB 0x000000008c200000| Untracked 
| 140|0x000000008c200000, 0x000000008c300000, 0x000000008c300000|100%| O|  |TAMS 0x000000008c300000| PB 0x000000008c300000| Untracked 
| 141|0x000000008c300000, 0x000000008c400000, 0x000000008c400000|100%| O|  |TAMS 0x000000008c400000| PB 0x000000008c400000| Untracked 
| 142|0x000000008c400000, 0x000000008c500000, 0x000000008c500000|100%| O|  |TAMS 0x000000008c500000| PB 0x000000008c500000| Untracked 
| 143|0x000000008c500000, 0x000000008c600000, 0x000000008c600000|100%| O|  |TAMS 0x000000008c600000| PB 0x000000008c600000| Untracked 
| 144|0x000000008c600000, 0x000000008c700000, 0x000000008c700000|100%| O|  |TAMS 0x000000008c700000| PB 0x000000008c700000| Updating 
| 145|0x000000008c700000, 0x000000008c800000, 0x000000008c800000|100%| O|  |TAMS 0x000000008c800000| PB 0x000000008c800000| Untracked 
| 146|0x000000008c800000, 0x000000008c900000, 0x000000008c900000|100%| O|  |TAMS 0x000000008c900000| PB 0x000000008c900000| Updating 
| 147|0x000000008c900000, 0x000000008ca00000, 0x000000008ca00000|100%| O|  |TAMS 0x000000008ca00000| PB 0x000000008ca00000| Untracked 
| 148|0x000000008ca00000, 0x000000008cb00000, 0x000000008cb00000|100%| O|  |TAMS 0x000000008cb00000| PB 0x000000008cb00000| Updating 
| 149|0x000000008cb00000, 0x000000008cc00000, 0x000000008cc00000|100%| O|  |TAMS 0x000000008cc00000| PB 0x000000008cc00000| Updating 
| 150|0x000000008cc00000, 0x000000008cd00000, 0x000000008cd00000|100%| O|  |TAMS 0x000000008cd00000| PB 0x000000008cd00000| Untracked 
| 151|0x000000008cd00000, 0x000000008ce00000, 0x000000008ce00000|100%| O|  |TAMS 0x000000008ce00000| PB 0x000000008ce00000| Untracked 
| 152|0x000000008ce00000, 0x000000008cf00000, 0x000000008cf00000|100%| O|  |TAMS 0x000000008cf00000| PB 0x000000008cf00000| Untracked 
| 153|0x000000008cf00000, 0x000000008d000000, 0x000000008d000000|100%| O|  |TAMS 0x000000008d000000| PB 0x000000008d000000| Untracked 
| 154|0x000000008d000000, 0x000000008d100000, 0x000000008d100000|100%| O|  |TAMS 0x000000008d100000| PB 0x000000008d100000| Untracked 
| 155|0x000000008d100000, 0x000000008d200000, 0x000000008d200000|100%| O|  |TAMS 0x000000008d200000| PB 0x000000008d200000| Untracked 
| 156|0x000000008d200000, 0x000000008d300000, 0x000000008d300000|100%| O|  |TAMS 0x000000008d300000| PB 0x000000008d300000| Untracked 
| 157|0x000000008d300000, 0x000000008d400000, 0x000000008d400000|100%| O|  |TAMS 0x000000008d400000| PB 0x000000008d400000| Untracked 
| 158|0x000000008d400000, 0x000000008d500000, 0x000000008d500000|100%| O|  |TAMS 0x000000008d500000| PB 0x000000008d500000| Untracked 
| 159|0x000000008d500000, 0x000000008d600000, 0x000000008d600000|100%| O|  |TAMS 0x000000008d500000| PB 0x000000008d500000| Untracked 
| 160|0x000000008d600000, 0x000000008d700000, 0x000000008d700000|100%| O|  |TAMS 0x000000008d700000| PB 0x000000008d700000| Untracked 
| 161|0x000000008d700000, 0x000000008d800000, 0x000000008d800000|100%| O|  |TAMS 0x000000008d800000| PB 0x000000008d800000| Untracked 
| 162|0x000000008d800000, 0x000000008d900000, 0x000000008d900000|100%| O|  |TAMS 0x000000008d900000| PB 0x000000008d900000| Untracked 
| 163|0x000000008d900000, 0x000000008da00000, 0x000000008da00000|100%| O|  |TAMS 0x000000008da00000| PB 0x000000008da00000| Untracked 
| 164|0x000000008da00000, 0x000000008db00000, 0x000000008db00000|100%| O|  |TAMS 0x000000008db00000| PB 0x000000008db00000| Untracked 
| 165|0x000000008db00000, 0x000000008dc00000, 0x000000008dc00000|100%| O|  |TAMS 0x000000008dc00000| PB 0x000000008dc00000| Untracked 
| 166|0x000000008dc00000, 0x000000008dd00000, 0x000000008dd00000|100%| O|  |TAMS 0x000000008dd00000| PB 0x000000008dd00000| Untracked 
| 167|0x000000008dd00000, 0x000000008de00000, 0x000000008de00000|100%| O|  |TAMS 0x000000008de00000| PB 0x000000008de00000| Untracked 
| 168|0x000000008de00000, 0x000000008df00000, 0x000000008df00000|100%| O|  |TAMS 0x000000008df00000| PB 0x000000008df00000| Untracked 
| 169|0x000000008df00000, 0x000000008e000000, 0x000000008e000000|100%| O|  |TAMS 0x000000008df00000| PB 0x000000008df00000| Untracked 
| 170|0x000000008e000000, 0x000000008e100000, 0x000000008e100000|100%| O|  |TAMS 0x000000008e100000| PB 0x000000008e100000| Updating 
| 171|0x000000008e100000, 0x000000008e200000, 0x000000008e200000|100%| O|  |TAMS 0x000000008e200000| PB 0x000000008e200000| Updating 
| 172|0x000000008e200000, 0x000000008e300000, 0x000000008e300000|100%| O|  |TAMS 0x000000008e300000| PB 0x000000008e300000| Untracked 
| 173|0x000000008e300000, 0x000000008e400000, 0x000000008e400000|100%| O|  |TAMS 0x000000008e400000| PB 0x000000008e400000| Untracked 
| 174|0x000000008e400000, 0x000000008e500000, 0x000000008e500000|100%| O|  |TAMS 0x000000008e500000| PB 0x000000008e500000| Untracked 
| 175|0x000000008e500000, 0x000000008e600000, 0x000000008e600000|100%| O|  |TAMS 0x000000008e600000| PB 0x000000008e600000| Untracked 
| 176|0x000000008e600000, 0x000000008e700000, 0x000000008e700000|100%| O|  |TAMS 0x000000008e700000| PB 0x000000008e700000| Untracked 
| 177|0x000000008e700000, 0x000000008e800000, 0x000000008e800000|100%| O|  |TAMS 0x000000008e800000| PB 0x000000008e800000| Untracked 
| 178|0x000000008e800000, 0x000000008e900000, 0x000000008e900000|100%| O|  |TAMS 0x000000008e900000| PB 0x000000008e900000| Untracked 
| 179|0x000000008e900000, 0x000000008ea00000, 0x000000008ea00000|100%| O|  |TAMS 0x000000008ea00000| PB 0x000000008ea00000| Untracked 
| 180|0x000000008ea00000, 0x000000008eb00000, 0x000000008eb00000|100%| O|  |TAMS 0x000000008eb00000| PB 0x000000008eb00000| Untracked 
| 181|0x000000008eb00000, 0x000000008ec00000, 0x000000008ec00000|100%| O|  |TAMS 0x000000008ec00000| PB 0x000000008ec00000| Untracked 
| 182|0x000000008ec00000, 0x000000008ed00000, 0x000000008ed00000|100%| O|  |TAMS 0x000000008ed00000| PB 0x000000008ed00000| Untracked 
| 183|0x000000008ed00000, 0x000000008ee00000, 0x000000008ee00000|100%| O|  |TAMS 0x000000008ee00000| PB 0x000000008ee00000| Untracked 
| 184|0x000000008ee00000, 0x000000008ef00000, 0x000000008ef00000|100%| O|  |TAMS 0x000000008ef00000| PB 0x000000008ef00000| Untracked 
| 185|0x000000008ef00000, 0x000000008f000000, 0x000000008f000000|100%| O|  |TAMS 0x000000008f000000| PB 0x000000008f000000| Untracked 
| 186|0x000000008f000000, 0x000000008f100000, 0x000000008f100000|100%| O|  |TAMS 0x000000008f100000| PB 0x000000008f100000| Untracked 
| 187|0x000000008f100000, 0x000000008f200000, 0x000000008f200000|100%| O|  |TAMS 0x000000008f200000| PB 0x000000008f200000| Untracked 
| 188|0x000000008f200000, 0x000000008f300000, 0x000000008f300000|100%| O|  |TAMS 0x000000008f300000| PB 0x000000008f300000| Updating 
| 189|0x000000008f300000, 0x000000008f400000, 0x000000008f400000|100%| O|  |TAMS 0x000000008f400000| PB 0x000000008f400000| Updating 
| 190|0x000000008f400000, 0x000000008f500000, 0x000000008f500000|100%| O|  |TAMS 0x000000008f500000| PB 0x000000008f500000| Updating 
| 191|0x000000008f500000, 0x000000008f600000, 0x000000008f600000|100%| O|  |TAMS 0x000000008f600000| PB 0x000000008f600000| Untracked 
| 192|0x000000008f600000, 0x000000008f700000, 0x000000008f700000|100%| O|  |TAMS 0x000000008f700000| PB 0x000000008f700000| Updating 
| 193|0x000000008f700000, 0x000000008f800000, 0x000000008f800000|100%| O|  |TAMS 0x000000008f800000| PB 0x000000008f800000| Untracked 
| 194|0x000000008f800000, 0x000000008f900000, 0x000000008f900000|100%| O|  |TAMS 0x000000008f900000| PB 0x000000008f900000| Untracked 
| 195|0x000000008f900000, 0x000000008fa00000, 0x000000008fa00000|100%| O|  |TAMS 0x000000008fa00000| PB 0x000000008fa00000| Untracked 
| 196|0x000000008fa00000, 0x000000008fb00000, 0x000000008fb00000|100%| O|  |TAMS 0x000000008fb00000| PB 0x000000008fb00000| Untracked 
| 197|0x000000008fb00000, 0x000000008fc00000, 0x000000008fc00000|100%| O|  |TAMS 0x000000008fc00000| PB 0x000000008fc00000| Untracked 
| 198|0x000000008fc00000, 0x000000008fd00000, 0x000000008fd00000|100%| O|  |TAMS 0x000000008fd00000| PB 0x000000008fd00000| Untracked 
| 199|0x000000008fd00000, 0x000000008fe00000, 0x000000008fe00000|100%| O|  |TAMS 0x000000008fe00000| PB 0x000000008fe00000| Untracked 
| 200|0x000000008fe00000, 0x000000008ff00000, 0x000000008ff00000|100%| O|  |TAMS 0x000000008ff00000| PB 0x000000008ff00000| Untracked 
| 201|0x000000008ff00000, 0x0000000090000000, 0x0000000090000000|100%| O|  |TAMS 0x0000000090000000| PB 0x0000000090000000| Untracked 
| 202|0x0000000090000000, 0x0000000090100000, 0x0000000090100000|100%| O|  |TAMS 0x0000000090100000| PB 0x0000000090100000| Untracked 
| 203|0x0000000090100000, 0x0000000090200000, 0x0000000090200000|100%| O|  |TAMS 0x0000000090200000| PB 0x0000000090200000| Untracked 
| 204|0x0000000090200000, 0x0000000090300000, 0x0000000090300000|100%| O|  |TAMS 0x0000000090300000| PB 0x0000000090300000| Updating 
| 205|0x0000000090300000, 0x0000000090400000, 0x0000000090400000|100%| O|  |TAMS 0x0000000090400000| PB 0x0000000090400000| Untracked 
| 206|0x0000000090400000, 0x0000000090500000, 0x0000000090500000|100%| O|  |TAMS 0x0000000090500000| PB 0x0000000090500000| Updating 
| 207|0x0000000090500000, 0x0000000090600000, 0x0000000090600000|100%| O|  |TAMS 0x0000000090600000| PB 0x0000000090600000| Updating 
| 208|0x0000000090600000, 0x0000000090700000, 0x0000000090700000|100%| O|  |TAMS 0x0000000090680000| PB 0x0000000090680000| Updating 
| 209|0x0000000090700000, 0x0000000090800000, 0x0000000090800000|100%| O|  |TAMS 0x0000000090700000| PB 0x0000000090700000| Untracked 
| 210|0x0000000090800000, 0x0000000090880000, 0x0000000090900000| 50%| O|  |TAMS 0x0000000090800000| PB 0x0000000090800000| Updating 
| 211|0x0000000090900000, 0x0000000090900000, 0x0000000090a00000|  0%| F|  |TAMS 0x0000000090900000| PB 0x0000000090900000| Untracked 
| 212|0x0000000090a00000, 0x0000000090a00000, 0x0000000090b00000|  0%| F|  |TAMS 0x0000000090a00000| PB 0x0000000090a00000| Untracked 
| 213|0x0000000090b00000, 0x0000000090b00000, 0x0000000090c00000|  0%| F|  |TAMS 0x0000000090b00000| PB 0x0000000090b00000| Untracked 
| 214|0x0000000090c00000, 0x0000000090c00000, 0x0000000090d00000|  0%| F|  |TAMS 0x0000000090c00000| PB 0x0000000090c00000| Untracked 
| 215|0x0000000090d00000, 0x0000000090d00000, 0x0000000090e00000|  0%| F|  |TAMS 0x0000000090d00000| PB 0x0000000090d00000| Untracked 
| 216|0x0000000090e00000, 0x0000000090e00000, 0x0000000090f00000|  0%| F|  |TAMS 0x0000000090e00000| PB 0x0000000090e00000| Untracked 
| 217|0x0000000090f00000, 0x0000000090f00000, 0x0000000091000000|  0%| F|  |TAMS 0x0000000090f00000| PB 0x0000000090f00000| Untracked 
| 218|0x0000000091000000, 0x0000000091000000, 0x0000000091100000|  0%| F|  |TAMS 0x0000000091000000| PB 0x0000000091000000| Untracked 
| 219|0x0000000091100000, 0x0000000091100000, 0x0000000091200000|  0%| F|  |TAMS 0x0000000091100000| PB 0x0000000091100000| Untracked 
| 220|0x0000000091200000, 0x0000000091200000, 0x0000000091300000|  0%| F|  |TAMS 0x0000000091200000| PB 0x0000000091200000| Untracked 
| 221|0x0000000091300000, 0x0000000091300000, 0x0000000091400000|  0%| F|  |TAMS 0x0000000091300000| PB 0x0000000091300000| Untracked 
| 222|0x0000000091400000, 0x0000000091400000, 0x0000000091500000|  0%| F|  |TAMS 0x0000000091400000| PB 0x0000000091400000| Untracked 
| 223|0x0000000091500000, 0x0000000091500000, 0x0000000091600000|  0%| F|  |TAMS 0x0000000091500000| PB 0x0000000091500000| Untracked 
| 224|0x0000000091600000, 0x0000000091600000, 0x0000000091700000|  0%| F|  |TAMS 0x0000000091600000| PB 0x0000000091600000| Untracked 
| 225|0x0000000091700000, 0x0000000091700000, 0x0000000091800000|  0%| F|  |TAMS 0x0000000091700000| PB 0x0000000091700000| Untracked 
| 226|0x0000000091800000, 0x0000000091800000, 0x0000000091900000|  0%| F|  |TAMS 0x0000000091800000| PB 0x0000000091800000| Untracked 
| 227|0x0000000091900000, 0x0000000091900000, 0x0000000091a00000|  0%| F|  |TAMS 0x0000000091900000| PB 0x0000000091900000| Untracked 
| 228|0x0000000091a00000, 0x0000000091a00000, 0x0000000091b00000|  0%| F|  |TAMS 0x0000000091a00000| PB 0x0000000091a00000| Untracked 
| 229|0x0000000091b00000, 0x0000000091b00000, 0x0000000091c00000|  0%| F|  |TAMS 0x0000000091b00000| PB 0x0000000091b00000| Untracked 
| 230|0x0000000091c00000, 0x0000000091c00000, 0x0000000091d00000|  0%| F|  |TAMS 0x0000000091c00000| PB 0x0000000091c00000| Untracked 
| 231|0x0000000091d00000, 0x0000000091d00000, 0x0000000091e00000|  0%| F|  |TAMS 0x0000000091d00000| PB 0x0000000091d00000| Untracked 
| 232|0x0000000091e00000, 0x0000000091e00000, 0x0000000091f00000|  0%| F|  |TAMS 0x0000000091e00000| PB 0x0000000091e00000| Untracked 
| 233|0x0000000091f00000, 0x0000000091f00000, 0x0000000092000000|  0%| F|  |TAMS 0x0000000091f00000| PB 0x0000000091f00000| Untracked 
| 234|0x0000000092000000, 0x0000000092000000, 0x0000000092100000|  0%| F|  |TAMS 0x0000000092000000| PB 0x0000000092000000| Untracked 
| 235|0x0000000092100000, 0x0000000092100000, 0x0000000092200000|  0%| F|  |TAMS 0x0000000092100000| PB 0x0000000092100000| Untracked 
| 236|0x0000000092200000, 0x0000000092200000, 0x0000000092300000|  0%| F|  |TAMS 0x0000000092200000| PB 0x0000000092200000| Untracked 
| 237|0x0000000092300000, 0x0000000092300000, 0x0000000092400000|  0%| F|  |TAMS 0x0000000092300000| PB 0x0000000092300000| Untracked 
| 238|0x0000000092400000, 0x0000000092400000, 0x0000000092500000|  0%| F|  |TAMS 0x0000000092400000| PB 0x0000000092400000| Untracked 
| 239|0x0000000092500000, 0x0000000092500000, 0x0000000092600000|  0%| F|  |TAMS 0x0000000092500000| PB 0x0000000092500000| Untracked 
| 240|0x0000000092600000, 0x0000000092600000, 0x0000000092700000|  0%| F|  |TAMS 0x0000000092600000| PB 0x0000000092600000| Untracked 
| 241|0x0000000092700000, 0x0000000092700000, 0x0000000092800000|  0%| F|  |TAMS 0x0000000092700000| PB 0x0000000092700000| Untracked 
| 242|0x0000000092800000, 0x0000000092800000, 0x0000000092900000|  0%| F|  |TAMS 0x0000000092800000| PB 0x0000000092800000| Untracked 
| 243|0x0000000092900000, 0x0000000092900000, 0x0000000092a00000|  0%| F|  |TAMS 0x0000000092900000| PB 0x0000000092900000| Untracked 
| 244|0x0000000092a00000, 0x0000000092a00000, 0x0000000092b00000|  0%| F|  |TAMS 0x0000000092a00000| PB 0x0000000092a00000| Untracked 
| 245|0x0000000092b00000, 0x0000000092b00000, 0x0000000092c00000|  0%| F|  |TAMS 0x0000000092b00000| PB 0x0000000092b00000| Untracked 
| 246|0x0000000092c00000, 0x0000000092c00000, 0x0000000092d00000|  0%| F|  |TAMS 0x0000000092c00000| PB 0x0000000092c00000| Untracked 
| 247|0x0000000092d00000, 0x0000000092d00000, 0x0000000092e00000|  0%| F|  |TAMS 0x0000000092d00000| PB 0x0000000092d00000| Untracked 
| 248|0x0000000092e00000, 0x0000000092e00000, 0x0000000092f00000|  0%| F|  |TAMS 0x0000000092e00000| PB 0x0000000092e00000| Untracked 
| 249|0x0000000092f00000, 0x0000000092f00000, 0x0000000093000000|  0%| F|  |TAMS 0x0000000092f00000| PB 0x0000000092f00000| Untracked 
| 250|0x0000000093000000, 0x0000000093000000, 0x0000000093100000|  0%| F|  |TAMS 0x0000000093000000| PB 0x0000000093000000| Untracked 
| 251|0x0000000093100000, 0x0000000093100000, 0x0000000093200000|  0%| F|  |TAMS 0x0000000093100000| PB 0x0000000093100000| Untracked 
| 252|0x0000000093200000, 0x0000000093200000, 0x0000000093300000|  0%| F|  |TAMS 0x0000000093200000| PB 0x0000000093200000| Untracked 
| 253|0x0000000093300000, 0x0000000093300000, 0x0000000093400000|  0%| F|  |TAMS 0x0000000093300000| PB 0x0000000093300000| Untracked 
| 254|0x0000000093400000, 0x0000000093400000, 0x0000000093500000|  0%| F|  |TAMS 0x0000000093400000| PB 0x0000000093400000| Untracked 
| 255|0x0000000093500000, 0x0000000093500000, 0x0000000093600000|  0%| F|  |TAMS 0x0000000093500000| PB 0x0000000093500000| Untracked 
| 256|0x0000000093600000, 0x0000000093600000, 0x0000000093700000|  0%| F|  |TAMS 0x0000000093600000| PB 0x0000000093600000| Untracked 
| 257|0x0000000093700000, 0x0000000093700000, 0x0000000093800000|  0%| F|  |TAMS 0x0000000093700000| PB 0x0000000093700000| Untracked 
| 258|0x0000000093800000, 0x0000000093800000, 0x0000000093900000|  0%| F|  |TAMS 0x0000000093800000| PB 0x0000000093800000| Untracked 
| 259|0x0000000093900000, 0x0000000093900000, 0x0000000093a00000|  0%| F|  |TAMS 0x0000000093900000| PB 0x0000000093900000| Untracked 
| 260|0x0000000093a00000, 0x0000000093a00000, 0x0000000093b00000|  0%| F|  |TAMS 0x0000000093a00000| PB 0x0000000093a00000| Untracked 
| 261|0x0000000093b00000, 0x0000000093b00000, 0x0000000093c00000|  0%| F|  |TAMS 0x0000000093b00000| PB 0x0000000093b00000| Untracked 
| 262|0x0000000093c00000, 0x0000000093c00000, 0x0000000093d00000|  0%| F|  |TAMS 0x0000000093c00000| PB 0x0000000093c00000| Untracked 
| 263|0x0000000093d00000, 0x0000000093d00000, 0x0000000093e00000|  0%| F|  |TAMS 0x0000000093d00000| PB 0x0000000093d00000| Untracked 
| 264|0x0000000093e00000, 0x0000000093e00000, 0x0000000093f00000|  0%| F|  |TAMS 0x0000000093e00000| PB 0x0000000093e00000| Untracked 
| 265|0x0000000093f00000, 0x0000000093f00000, 0x0000000094000000|  0%| F|  |TAMS 0x0000000093f00000| PB 0x0000000093f00000| Untracked 
| 266|0x0000000094000000, 0x0000000094000000, 0x0000000094100000|  0%| F|  |TAMS 0x0000000094000000| PB 0x0000000094000000| Untracked 
| 267|0x0000000094100000, 0x0000000094100000, 0x0000000094200000|  0%| F|  |TAMS 0x0000000094100000| PB 0x0000000094100000| Untracked 
| 268|0x0000000094200000, 0x0000000094200000, 0x0000000094300000|  0%| F|  |TAMS 0x0000000094200000| PB 0x0000000094200000| Untracked 
| 269|0x0000000094300000, 0x000000009435b408, 0x0000000094400000| 35%| S|CS|TAMS 0x0000000094300000| PB 0x0000000094300000| Complete 
| 270|0x0000000094400000, 0x0000000094500000, 0x0000000094500000|100%| S|CS|TAMS 0x0000000094400000| PB 0x0000000094400000| Complete 
| 271|0x0000000094500000, 0x0000000094600000, 0x0000000094600000|100%| S|CS|TAMS 0x0000000094500000| PB 0x0000000094500000| Complete 
| 272|0x0000000094600000, 0x0000000094700000, 0x0000000094700000|100%| S|CS|TAMS 0x0000000094600000| PB 0x0000000094600000| Complete 
| 273|0x0000000094700000, 0x0000000094700000, 0x0000000094800000|  0%| F|  |TAMS 0x0000000094700000| PB 0x0000000094700000| Untracked 
| 274|0x0000000094800000, 0x0000000094800000, 0x0000000094900000|  0%| F|  |TAMS 0x0000000094800000| PB 0x0000000094800000| Untracked 
| 275|0x0000000094900000, 0x0000000094900000, 0x0000000094a00000|  0%| F|  |TAMS 0x0000000094900000| PB 0x0000000094900000| Untracked 
| 276|0x0000000094a00000, 0x0000000094a00000, 0x0000000094b00000|  0%| F|  |TAMS 0x0000000094a00000| PB 0x0000000094a00000| Untracked 
| 277|0x0000000094b00000, 0x0000000094b00000, 0x0000000094c00000|  0%| F|  |TAMS 0x0000000094b00000| PB 0x0000000094b00000| Untracked 
| 278|0x0000000094c00000, 0x0000000094c00000, 0x0000000094d00000|  0%| F|  |TAMS 0x0000000094c00000| PB 0x0000000094c00000| Untracked 
| 279|0x0000000094d00000, 0x0000000094d00000, 0x0000000094e00000|  0%| F|  |TAMS 0x0000000094d00000| PB 0x0000000094d00000| Untracked 
| 280|0x0000000094e00000, 0x0000000094e00000, 0x0000000094f00000|  0%| F|  |TAMS 0x0000000094e00000| PB 0x0000000094e00000| Untracked 
| 281|0x0000000094f00000, 0x0000000094f00000, 0x0000000095000000|  0%| F|  |TAMS 0x0000000094f00000| PB 0x0000000094f00000| Untracked 
| 282|0x0000000095000000, 0x0000000095000000, 0x0000000095100000|  0%| F|  |TAMS 0x0000000095000000| PB 0x0000000095000000| Untracked 
| 283|0x0000000095100000, 0x0000000095100000, 0x0000000095200000|  0%| F|  |TAMS 0x0000000095100000| PB 0x0000000095100000| Untracked 
| 284|0x0000000095200000, 0x0000000095200000, 0x0000000095300000|  0%| F|  |TAMS 0x0000000095200000| PB 0x0000000095200000| Untracked 
| 285|0x0000000095300000, 0x0000000095300000, 0x0000000095400000|  0%| F|  |TAMS 0x0000000095300000| PB 0x0000000095300000| Untracked 
| 286|0x0000000095400000, 0x0000000095400000, 0x0000000095500000|  0%| F|  |TAMS 0x0000000095400000| PB 0x0000000095400000| Untracked 
| 287|0x0000000095500000, 0x0000000095500000, 0x0000000095600000|  0%| F|  |TAMS 0x0000000095500000| PB 0x0000000095500000| Untracked 
| 288|0x0000000095600000, 0x0000000095600000, 0x0000000095700000|  0%| F|  |TAMS 0x0000000095600000| PB 0x0000000095600000| Untracked 
| 289|0x0000000095700000, 0x0000000095700000, 0x0000000095800000|  0%| F|  |TAMS 0x0000000095700000| PB 0x0000000095700000| Untracked 
| 290|0x0000000095800000, 0x0000000095800000, 0x0000000095900000|  0%| F|  |TAMS 0x0000000095800000| PB 0x0000000095800000| Untracked 
| 291|0x0000000095900000, 0x0000000095900000, 0x0000000095a00000|  0%| F|  |TAMS 0x0000000095900000| PB 0x0000000095900000| Untracked 
| 292|0x0000000095a00000, 0x0000000095a00000, 0x0000000095b00000|  0%| F|  |TAMS 0x0000000095a00000| PB 0x0000000095a00000| Untracked 
| 293|0x0000000095b00000, 0x0000000095b00000, 0x0000000095c00000|  0%| F|  |TAMS 0x0000000095b00000| PB 0x0000000095b00000| Untracked 
| 294|0x0000000095c00000, 0x0000000095c00000, 0x0000000095d00000|  0%| F|  |TAMS 0x0000000095c00000| PB 0x0000000095c00000| Untracked 
| 295|0x0000000095d00000, 0x0000000095d00000, 0x0000000095e00000|  0%| F|  |TAMS 0x0000000095d00000| PB 0x0000000095d00000| Untracked 
| 296|0x0000000095e00000, 0x0000000095e00000, 0x0000000095f00000|  0%| F|  |TAMS 0x0000000095e00000| PB 0x0000000095e00000| Untracked 
| 297|0x0000000095f00000, 0x0000000095f00000, 0x0000000096000000|  0%| F|  |TAMS 0x0000000095f00000| PB 0x0000000095f00000| Untracked 
| 298|0x0000000096000000, 0x0000000096000000, 0x0000000096100000|  0%| F|  |TAMS 0x0000000096000000| PB 0x0000000096000000| Untracked 
| 299|0x0000000096100000, 0x0000000096100000, 0x0000000096200000|  0%| F|  |TAMS 0x0000000096100000| PB 0x0000000096100000| Untracked 
| 300|0x0000000096200000, 0x0000000096200000, 0x0000000096300000|  0%| F|  |TAMS 0x0000000096200000| PB 0x0000000096200000| Untracked 
| 301|0x0000000096300000, 0x0000000096300000, 0x0000000096400000|  0%| F|  |TAMS 0x0000000096300000| PB 0x0000000096300000| Untracked 
| 302|0x0000000096400000, 0x0000000096400000, 0x0000000096500000|  0%| F|  |TAMS 0x0000000096400000| PB 0x0000000096400000| Untracked 
| 303|0x0000000096500000, 0x0000000096500000, 0x0000000096600000|  0%| F|  |TAMS 0x0000000096500000| PB 0x0000000096500000| Untracked 
| 304|0x0000000096600000, 0x0000000096600000, 0x0000000096700000|  0%| F|  |TAMS 0x0000000096600000| PB 0x0000000096600000| Untracked 
| 305|0x0000000096700000, 0x0000000096700000, 0x0000000096800000|  0%| F|  |TAMS 0x0000000096700000| PB 0x0000000096700000| Untracked 
| 306|0x0000000096800000, 0x0000000096800000, 0x0000000096900000|  0%| F|  |TAMS 0x0000000096800000| PB 0x0000000096800000| Untracked 
| 307|0x0000000096900000, 0x0000000096900000, 0x0000000096a00000|  0%| F|  |TAMS 0x0000000096900000| PB 0x0000000096900000| Untracked 
| 308|0x0000000096a00000, 0x0000000096a00000, 0x0000000096b00000|  0%| F|  |TAMS 0x0000000096a00000| PB 0x0000000096a00000| Untracked 
| 309|0x0000000096b00000, 0x0000000096b00000, 0x0000000096c00000|  0%| F|  |TAMS 0x0000000096b00000| PB 0x0000000096b00000| Untracked 
| 310|0x0000000096c00000, 0x0000000096c00000, 0x0000000096d00000|  0%| F|  |TAMS 0x0000000096c00000| PB 0x0000000096c00000| Untracked 
| 311|0x0000000096d00000, 0x0000000096d00000, 0x0000000096e00000|  0%| F|  |TAMS 0x0000000096d00000| PB 0x0000000096d00000| Untracked 
| 312|0x0000000096e00000, 0x0000000096e00000, 0x0000000096f00000|  0%| F|  |TAMS 0x0000000096e00000| PB 0x0000000096e00000| Untracked 
| 313|0x0000000096f00000, 0x0000000096f00000, 0x0000000097000000|  0%| F|  |TAMS 0x0000000096f00000| PB 0x0000000096f00000| Untracked 
| 314|0x0000000097000000, 0x0000000097080000, 0x0000000097100000| 50%| E|  |TAMS 0x0000000097000000| PB 0x0000000097000000| Complete 
| 315|0x0000000097100000, 0x0000000097200000, 0x0000000097200000|100%| E|CS|TAMS 0x0000000097100000| PB 0x0000000097100000| Complete 
| 316|0x0000000097200000, 0x0000000097300000, 0x0000000097300000|100%| E|CS|TAMS 0x0000000097200000| PB 0x0000000097200000| Complete 
| 317|0x0000000097300000, 0x0000000097400000, 0x0000000097400000|100%| E|CS|TAMS 0x0000000097300000| PB 0x0000000097300000| Complete 
| 318|0x0000000097400000, 0x0000000097500000, 0x0000000097500000|100%| E|CS|TAMS 0x0000000097400000| PB 0x0000000097400000| Complete 
|1988|0x00000000ffa00000, 0x00000000ffb00000, 0x00000000ffb00000|100%| O|  |TAMS 0x00000000ffb00000| PB 0x00000000ffb00000| Updating 
|1989|0x00000000ffb00000, 0x00000000ffc00000, 0x00000000ffc00000|100%| O|  |TAMS 0x00000000ffc00000| PB 0x00000000ffc00000| Updating 
|1990|0x00000000ffc00000, 0x00000000ffd00000, 0x00000000ffd00000|100%| O|  |TAMS 0x00000000ffd00000| PB 0x00000000ffd00000| Untracked 
|1991|0x00000000ffd00000, 0x00000000ffe00000, 0x00000000ffe00000|100%| O|  |TAMS 0x00000000ffe00000| PB 0x00000000ffe00000| Untracked 
|1992|0x00000000ffe00000, 0x00000000fff00000, 0x00000000fff00000|100%| O|  |TAMS 0x00000000fff00000| PB 0x00000000fff00000| Untracked 
|1993|0x00000000fff00000, 0x0000000100000000, 0x0000000100000000|100%| O|  |TAMS 0x0000000100000000| PB 0x0000000100000000| Untracked 

Card table byte_map: [0x000001e85b5f0000,0x000001e85b9e0000] _byte_map_base: 0x000001e85b1d5000

Marking Bits: (CMBitMap*) 0x000001e8490ed010
 Bits: [0x000001e85b9e0000, 0x000001e85d908000)

Polling page: 0x000001e846e30000

Metaspace:

Usage:
  Non-class:     78.97 MB used.
      Class:      8.94 MB used.
       Both:     87.91 MB used.

Virtual space:
  Non-class space:      128.00 MB reserved,      79.19 MB ( 62%) committed,  2 nodes.
      Class space:        1.00 GB reserved,       9.12 MB ( <1%) committed,  1 nodes.
             Both:        1.12 GB reserved,      88.31 MB (  8%) committed. 

Chunk freelists:
   Non-Class:  864.00 KB
       Class:  6.86 MB
        Both:  7.70 MB

MaxMetaspaceSize: unlimited
CompressedClassSpaceSize: 1.00 GB
Initial GC threshold: 21.00 MB
Current GC threshold: 128.06 MB
CDS: off
 - commit_granule_bytes: 65536.
 - commit_granule_words: 8192.
 - virtual_space_node_default_size: 8388608.
 - enlarge_chunks_in_place: 1.
 - use_allocation_guard: 0.


Internal statistics:

num_allocs_failed_limit: 6.
num_arena_births: 388.
num_arena_deaths: 0.
num_vsnodes_births: 3.
num_vsnodes_deaths: 0.
num_space_committed: 1411.
num_space_uncommitted: 0.
num_chunks_returned_to_freelist: 6.
num_chunks_taken_from_freelist: 3202.
num_chunk_merges: 6.
num_chunk_splits: 2678.
num_chunks_enlarged: 2423.
num_inconsistent_stats: 0.

CodeHeap 'non-profiled nmethods': size=120000Kb used=12125Kb max_used=14417Kb free=107874Kb
 bounds [0x000001e853cd0000, 0x000001e854af0000, 0x000001e85b200000]
CodeHeap 'profiled nmethods': size=120000Kb used=62838Kb max_used=71964Kb free=57161Kb
 bounds [0x000001e84c200000, 0x000001e850850000, 0x000001e853730000]
CodeHeap 'non-nmethods': size=5760Kb used=1894Kb max_used=1953Kb free=3865Kb
 bounds [0x000001e853730000, 0x000001e8539a0000, 0x000001e853cd0000]
CodeCache: size=245760Kb, used=76857Kb, max_used=88334Kb, free=168900Kb
 total_blobs=17147, nmethods=16318, adapters=728, full_count=0
Compilation: enabled, stopped_count=0, restarted_count=0

Compilation events (20 events):
Event: 30.179 Thread 0x000001e86408cd90 nmethod 20624 0x000001e850829c10 code [0x000001e850829ec0, 0x000001e85082a958]
Event: 30.180 Thread 0x000001e86408cd90 20625       3       org.jetbrains.kotlin.backend.jvm.ir.JvmIrBuilderKt::createJvmIrBuilder$default (26 bytes)
Event: 30.180 Thread 0x000001e86408cd90 nmethod 20625 0x000001e85082ad90 code [0x000001e85082af40, 0x000001e85082b0c8]
Event: 30.181 Thread 0x000001e864071050 20626       4       org.jetbrains.kotlin.ir.expressions.IrMemberAccessExpression::putTypeArgument (20 bytes)
Event: 30.183 Thread 0x000001e864071050 nmethod 20626 0x000001e854adc310 code [0x000001e854adc4c0, 0x000001e854adc720]
Event: 30.187 Thread 0x000001e864071050 20627       4       org.jetbrains.kotlin.ir.expressions.IrVararg::transformChildren (16 bytes)
Event: 30.188 Thread 0x000001e864071050 nmethod 20627 0x000001e854adc910 code [0x000001e854adcaa0, 0x000001e854adcb80]
Event: 30.188 Thread 0x000001e864071050 20628       4       org.jetbrains.kotlin.ir.visitors.IrElementTransformerVoid::visitInstanceInitializerCall (10 bytes)
Event: 30.189 Thread 0x000001e864071050 nmethod 20628 0x000001e854adcc90 code [0x000001e854adce20, 0x000001e854adcf18]
Event: 30.193 Thread 0x000001e86408cd90 20629       3       org.jetbrains.kotlin.backend.common.lower.ArrayConstructorTransformer::visitConstructorCall (1093 bytes)
Event: 30.196 Thread 0x000001e864071050 20631       4       org.jetbrains.kotlin.backend.common.IrElementTransformerVoidWithContext::visitField (38 bytes)
Event: 30.204 Thread 0x000001e864071050 nmethod 20631 0x000001e854add090 code [0x000001e854add2a0, 0x000001e854addb20]
Event: 30.213 Thread 0x000001e864071050 20632       4       org.jetbrains.kotlin.ir.visitors.IrElementTransformerVoid::visitInstanceInitializerCall (16 bytes)
Event: 30.214 Thread 0x000001e864071050 nmethod 20632 0x000001e854ade110 code [0x000001e854ade2a0, 0x000001e854ade370]
Event: 30.216 Thread 0x000001e86408cd90 nmethod 20629 0x000001e85082b190 code [0x000001e85082d100, 0x000001e85083fa50]
Event: 30.216 Thread 0x000001e86408cd90 20630       3       org.jetbrains.kotlin.ir.util.IrUtilsKt::isNonCompanionObject (27 bytes)
Event: 30.217 Thread 0x000001e86408cd90 nmethod 20630 0x000001e850847e10 code [0x000001e8508480e0, 0x000001e850848d38]
Event: 30.219 Thread 0x000001e864071050 20633       4       org.jetbrains.kotlin.backend.jvm.lower.JvmBuiltInsLowering$lower$transformer$1::visitCall (306 bytes)
Event: 30.228 Thread 0x000001e86678da00 nmethod 20599 0x000001e854ade490 code [0x000001e854adea20, 0x000001e854ae2098]
Event: 30.228 Thread 0x000001e86678da00 20634       4       org.jetbrains.kotlin.backend.jvm.lower.VarargLoweringKt::isArrayOf (151 bytes)

GC Heap History (20 events):
Event: 11.823 GC heap before
{Heap before GC invocations=30 (full 0):
 garbage-first heap   total 217088K, used 193258K [0x0000000083600000, 0x0000000100000000)
  region size 1024K, 50 young (51200K), 7 survivors (7168K)
 Metaspace       used 60576K, committed 60864K, reserved 1114112K
  class space    used 6783K, committed 6912K, reserved 1048576K
}
Event: 11.842 GC heap after
{Heap after GC invocations=31 (full 0):
 garbage-first heap   total 217088K, used 156551K [0x0000000083600000, 0x0000000100000000)
  region size 1024K, 7 young (7168K), 7 survivors (7168K)
 Metaspace       used 60576K, committed 60864K, reserved 1114112K
  class space    used 6783K, committed 6912K, reserved 1048576K
}
Event: 13.031 GC heap before
{Heap before GC invocations=32 (full 0):
 garbage-first heap   total 260096K, used 195463K [0x0000000083600000, 0x0000000100000000)
  region size 1024K, 46 young (47104K), 7 survivors (7168K)
 Metaspace       used 60898K, committed 61184K, reserved 1114112K
  class space    used 6793K, committed 6912K, reserved 1048576K
}
Event: 13.048 GC heap after
{Heap after GC invocations=33 (full 0):
 garbage-first heap   total 260096K, used 159795K [0x0000000083600000, 0x0000000100000000)
  region size 1024K, 5 young (5120K), 5 survivors (5120K)
 Metaspace       used 60898K, committed 61184K, reserved 1114112K
  class space    used 6793K, committed 6912K, reserved 1048576K
}
Event: 14.750 GC heap before
{Heap before GC invocations=33 (full 0):
 garbage-first heap   total 260096K, used 229427K [0x0000000083600000, 0x0000000100000000)
  region size 1024K, 73 young (74752K), 5 survivors (5120K)
 Metaspace       used 61269K, committed 61568K, reserved 1114112K
  class space    used 6797K, committed 6912K, reserved 1048576K
}
Event: 14.762 GC heap after
{Heap after GC invocations=34 (full 0):
 garbage-first heap   total 260096K, used 163627K [0x0000000083600000, 0x0000000100000000)
  region size 1024K, 10 young (10240K), 10 survivors (10240K)
 Metaspace       used 61269K, committed 61568K, reserved 1114112K
  class space    used 6797K, committed 6912K, reserved 1048576K
}
Event: 16.358 GC heap before
{Heap before GC invocations=34 (full 0):
 garbage-first heap   total 260096K, used 233259K [0x0000000083600000, 0x0000000100000000)
  region size 1024K, 78 young (79872K), 10 survivors (10240K)
 Metaspace       used 64318K, committed 64640K, reserved 1114112K
  class space    used 7092K, committed 7232K, reserved 1048576K
}
Event: 16.375 GC heap after
{Heap after GC invocations=35 (full 0):
 garbage-first heap   total 260096K, used 169326K [0x0000000083600000, 0x0000000100000000)
  region size 1024K, 10 young (10240K), 10 survivors (10240K)
 Metaspace       used 64318K, committed 64640K, reserved 1114112K
  class space    used 7092K, committed 7232K, reserved 1048576K
}
Event: 19.878 GC heap before
{Heap before GC invocations=36 (full 0):
 garbage-first heap   total 283648K, used 235886K [0x0000000083600000, 0x0000000100000000)
  region size 1024K, 75 young (76800K), 10 survivors (10240K)
 Metaspace       used 66009K, committed 66304K, reserved 1114112K
  class space    used 7151K, committed 7296K, reserved 1048576K
}
Event: 19.898 GC heap after
{Heap after GC invocations=37 (full 0):
 garbage-first heap   total 283648K, used 178110K [0x0000000083600000, 0x0000000100000000)
  region size 1024K, 8 young (8192K), 8 survivors (8192K)
 Metaspace       used 66009K, committed 66304K, reserved 1114112K
  class space    used 7151K, committed 7296K, reserved 1048576K
}
Event: 22.157 GC heap before
{Heap before GC invocations=37 (full 0):
 garbage-first heap   total 283648K, used 256958K [0x0000000083600000, 0x0000000100000000)
  region size 1024K, 85 young (87040K), 8 survivors (8192K)
 Metaspace       used 73228K, committed 73536K, reserved 1179648K
  class space    used 7815K, committed 7936K, reserved 1048576K
}
Event: 22.184 GC heap after
{Heap after GC invocations=38 (full 0):
 garbage-first heap   total 283648K, used 188928K [0x0000000083600000, 0x0000000100000000)
  region size 1024K, 11 young (11264K), 11 survivors (11264K)
 Metaspace       used 73228K, committed 73536K, reserved 1179648K
  class space    used 7815K, committed 7936K, reserved 1048576K
}
Event: 23.860 GC heap before
{Heap before GC invocations=38 (full 0):
 garbage-first heap   total 283648K, used 257536K [0x0000000083600000, 0x0000000100000000)
  region size 1024K, 78 young (79872K), 11 survivors (11264K)
 Metaspace       used 78240K, committed 78528K, reserved 1179648K
  class space    used 8208K, committed 8320K, reserved 1048576K
}
Event: 23.887 GC heap after
{Heap after GC invocations=39 (full 0):
 garbage-first heap   total 283648K, used 199168K [0x0000000083600000, 0x0000000100000000)
  region size 1024K, 9 young (9216K), 9 survivors (9216K)
 Metaspace       used 78240K, committed 78528K, reserved 1179648K
  class space    used 8208K, committed 8320K, reserved 1048576K
}
Event: 25.483 GC heap before
{Heap before GC invocations=40 (full 0):
 garbage-first heap   total 332800K, used 259584K [0x0000000083600000, 0x0000000100000000)
  region size 1024K, 68 young (69632K), 9 survivors (9216K)
 Metaspace       used 79252K, committed 79616K, reserved 1179648K
  class space    used 8283K, committed 8448K, reserved 1048576K
}
Event: 25.512 GC heap after
{Heap after GC invocations=41 (full 0):
 garbage-first heap   total 332800K, used 215552K [0x0000000083600000, 0x0000000100000000)
  region size 1024K, 9 young (9216K), 9 survivors (9216K)
 Metaspace       used 79252K, committed 79616K, reserved 1179648K
  class space    used 8283K, committed 8448K, reserved 1048576K
}
Event: 27.871 GC heap before
{Heap before GC invocations=41 (full 0):
 garbage-first heap   total 332800K, used 294400K [0x0000000083600000, 0x0000000100000000)
  region size 1024K, 86 young (88064K), 9 survivors (9216K)
 Metaspace       used 86591K, committed 86912K, reserved 1179648K
  class space    used 8978K, committed 9152K, reserved 1048576K
}
Event: 27.894 GC heap after
{Heap after GC invocations=42 (full 0):
 garbage-first heap   total 332800K, used 221696K [0x0000000083600000, 0x0000000100000000)
  region size 1024K, 7 young (7168K), 7 survivors (7168K)
 Metaspace       used 86591K, committed 86912K, reserved 1179648K
  class space    used 8978K, committed 9152K, reserved 1048576K
}
Event: 29.762 GC heap before
{Heap before GC invocations=42 (full 0):
 garbage-first heap   total 332800K, used 267776K [0x0000000083600000, 0x0000000100000000)
  region size 1024K, 53 young (54272K), 7 survivors (7168K)
 Metaspace       used 89908K, committed 90304K, reserved 1179648K
  class space    used 9157K, committed 9344K, reserved 1048576K
}
Event: 29.777 GC heap after
{Heap after GC invocations=43 (full 0):
 garbage-first heap   total 332800K, used 225133K [0x0000000083600000, 0x0000000100000000)
  region size 1024K, 4 young (4096K), 4 survivors (4096K)
 Metaspace       used 89908K, committed 90304K, reserved 1179648K
  class space    used 9157K, committed 9344K, reserved 1048576K
}

Dll operation events (3 events):
Event: 0.009 Loaded shared library C:\Program Files\Android\Android Studio\jbr\bin\java.dll
Event: 0.016 Loaded shared library C:\Program Files\Android\Android Studio\jbr\bin\zip.dll
Event: 1.340 Loaded shared library C:\Program Files\Android\Android Studio\jbr\bin\verify.dll

Deoptimization events (20 events):
Event: 29.473 Thread 0x000001e846cd0030 Uncommon trap: trap_request=0xffffff45 fr.pc=0x000001e85467edb0 relative=0x0000000000000110
Event: 29.473 Thread 0x000001e846cd0030 Uncommon trap: reason=unstable_if action=reinterpret pc=0x000001e85467edb0 method=java.util.ArrayList.indexOfRange(Ljava/lang/Object;II)I @ 16 c2
Event: 29.473 Thread 0x000001e846cd0030 DEOPT PACKING pc=0x000001e85467edb0 sp=0x000000734a8fd0d0
Event: 29.473 Thread 0x000001e846cd0030 DEOPT UNPACKING pc=0x000001e853787aa2 sp=0x000000734a8fd048 mode 2
Event: 29.720 Thread 0x000001e846cd0030 Uncommon trap: trap_request=0xffffff45 fr.pc=0x000001e854a424d4 relative=0x0000000000000394
Event: 29.720 Thread 0x000001e846cd0030 Uncommon trap: reason=unstable_if action=reinterpret pc=0x000001e854a424d4 method=org.jetbrains.kotlin.backend.jvm.lower.JvmOptimizationLowering$Transformer.getInlineableValueForTemporaryVal(Lorg/jetbrains/kotlin/ir/IrStatement;)Lorg/jetbrains/kotlin/ir/e
Event: 29.720 Thread 0x000001e846cd0030 DEOPT PACKING pc=0x000001e854a424d4 sp=0x000000734a8fc700
Event: 29.720 Thread 0x000001e846cd0030 DEOPT UNPACKING pc=0x000001e853787aa2 sp=0x000000734a8fc698 mode 2
Event: 29.783 Thread 0x000001e846cd0030 Uncommon trap: trap_request=0xffffff66 fr.pc=0x000001e854aa049c relative=0x00000000000000fc
Event: 29.783 Thread 0x000001e846cd0030 Uncommon trap: reason=speculate_class_check action=maybe_recompile pc=0x000001e854aa049c method=org.jetbrains.kotlin.backend.jvm.ir.IrInlineReferenceLocator.visitElement(Lorg/jetbrains/kotlin/ir/IrElement;Lorg/jetbrains/kotlin/ir/declarations/IrDeclaratio
Event: 29.783 Thread 0x000001e846cd0030 DEOPT PACKING pc=0x000001e854aa049c sp=0x000000734a8fd3a0
Event: 29.783 Thread 0x000001e846cd0030 DEOPT UNPACKING pc=0x000001e853787aa2 sp=0x000000734a8fcec8 mode 2
Event: 29.784 Thread 0x000001e846cd0030 Uncommon trap: trap_request=0xffffff66 fr.pc=0x000001e854aa049c relative=0x00000000000000fc
Event: 29.784 Thread 0x000001e846cd0030 Uncommon trap: reason=speculate_class_check action=maybe_recompile pc=0x000001e854aa049c method=org.jetbrains.kotlin.backend.jvm.ir.IrInlineReferenceLocator.visitElement(Lorg/jetbrains/kotlin/ir/IrElement;Lorg/jetbrains/kotlin/ir/declarations/IrDeclaratio
Event: 29.784 Thread 0x000001e846cd0030 DEOPT PACKING pc=0x000001e854aa049c sp=0x000000734a8fd470
Event: 29.784 Thread 0x000001e846cd0030 DEOPT UNPACKING pc=0x000001e853787aa2 sp=0x000000734a8fcf98 mode 2
Event: 29.919 Thread 0x000001e846cd0030 Uncommon trap: trap_request=0xffffffc6 fr.pc=0x000001e8549b991c relative=0x000000000000173c
Event: 29.919 Thread 0x000001e846cd0030 Uncommon trap: reason=bimorphic_or_optimized_type_check action=maybe_recompile pc=0x000001e8549b991c method=kotlin.collections.CollectionsKt___CollectionsKt.drop(Ljava/lang/Iterable;I)Ljava/util/List; @ 83 c2
Event: 29.919 Thread 0x000001e846cd0030 DEOPT PACKING pc=0x000001e8549b991c sp=0x000000734a8fcad0
Event: 29.919 Thread 0x000001e846cd0030 DEOPT UNPACKING pc=0x000001e853787aa2 sp=0x000000734a8fcac0 mode 2

Classes loaded (20 events):
Event: 27.773 Loading class sun/security/provider/MD5
Event: 27.773 Loading class sun/security/provider/DigestBase
Event: 27.773 Loading class sun/security/provider/DigestBase done
Event: 27.773 Loading class sun/security/provider/MD5 done
Event: 27.773 Loading class sun/security/jca/GetInstance$Instance
Event: 27.773 Loading class sun/security/jca/GetInstance$Instance done
Event: 27.773 Loading class java/security/MessageDigest$Delegate
Event: 27.773 Loading class sun/security/util/MessageDigestSpi2
Event: 27.774 Loading class sun/security/util/MessageDigestSpi2 done
Event: 27.774 Loading class java/security/MessageDigest$Delegate done
Event: 27.774 Loading class java/security/MessageDigest$Delegate$CloneableDelegate
Event: 27.774 Loading class java/security/MessageDigest$Delegate$CloneableDelegate done
Event: 27.774 Loading class sun/security/provider/ByteArrayAccess$LE
Event: 27.774 Loading class sun/security/provider/ByteArrayAccess$LE done
Event: 27.775 Loading class sun/security/provider/ByteArrayAccess
Event: 27.775 Loading class sun/security/provider/ByteArrayAccess done
Event: 27.775 Loading class java/util/Base64
Event: 27.776 Loading class java/util/Base64 done
Event: 27.776 Loading class java/util/Base64$Encoder
Event: 27.776 Loading class java/util/Base64$Encoder done

Classes unloaded (0 events):
No events

Classes redefined (0 events):
No events

Internal exceptions (20 events):
Event: 23.036 Thread 0x000001e846cd0030 Implicit null exception at 0x000001e85472455a to 0x000001e85472b2d8
Event: 23.036 Thread 0x000001e846cd0030 Implicit null exception at 0x000001e8544fe1de to 0x000001e8544feaa8
Event: 23.044 Thread 0x000001e846cd0030 Implicit null exception at 0x000001e85456e7b9 to 0x000001e85456f0d0
Event: 23.044 Thread 0x000001e846cd0030 Implicit null exception at 0x000001e8546b1eaf to 0x000001e8546b3a48
Event: 23.044 Thread 0x000001e846cd0030 Implicit null exception at 0x000001e8546afb4d to 0x000001e8546b0710
Event: 23.116 Thread 0x000001e846cd0030 Exception <a 'java/lang/NoSuchMethodError'{0x0000000091e18638}: 'java.lang.Object java.lang.invoke.DirectMethodHandle$Holder.invokeStatic(java.lang.Object, java.lang.Object, int, java.lang.Object, java.lang.Object)'> (0x0000000091e18638) 
thrown [s\src\hotspot\share\interpreter\linkResolver.cpp, line 784]
Event: 23.116 Thread 0x000001e846cd0030 Exception <a 'java/lang/NoSuchMethodError'{0x0000000091e1fdc0}: 'java.lang.Object java.lang.invoke.DirectMethodHandle$Holder.newInvokeSpecial(java.lang.Object, java.lang.Object, int, java.lang.Object, java.lang.Object)'> (0x0000000091e1fdc0) 
thrown [s\src\hotspot\share\interpreter\linkResolver.cpp, line 784]
Event: 23.117 Thread 0x000001e846cd0030 Exception <a 'java/lang/NoSuchMethodError'{0x0000000091e242c0}: 'java.lang.Object java.lang.invoke.DirectMethodHandle$Holder.invokeSpecial(java.lang.Object, java.lang.Object, java.lang.Object, int, java.lang.Object, java.lang.Object)'> (0x0000000091e242c0) 
thrown [s\src\hotspot\share\interpreter\linkResolver.cpp, line 784]
Event: 23.117 Thread 0x000001e846cd0030 Exception <a 'java/lang/NoSuchMethodError'{0x0000000091e27db8}: 'java.lang.Object java.lang.invoke.Invokers$Holder.linkToTargetMethod(java.lang.Object, int, java.lang.Object, java.lang.Object, java.lang.Object)'> (0x0000000091e27db8) 
thrown [s\src\hotspot\share\interpreter\linkResolver.cpp, line 784]
Event: 24.412 Thread 0x000001e846cd0030 Implicit null exception at 0x000001e853fd43fc to 0x000001e853fd4e00
Event: 24.944 Thread 0x000001e846cd0030 Implicit null exception at 0x000001e854820260 to 0x000001e8548202f5
Event: 25.763 Thread 0x000001e846cd0030 Exception <a 'java/lang/NoSuchMethodError'{0x000000009698f850}: 'java.lang.Object java.lang.invoke.DirectMethodHandle$Holder.invokeStatic(java.lang.Object, java.lang.Object, java.lang.Object, java.lang.Object, java.lang.Object, int, java.lang.Object, java.lang.Object)'> (0x000000009698f850) 
thrown [s\src\hotspot\share\interpreter\linkResolver.cpp, line 784]
Event: 26.752 Thread 0x000001e846cd0030 Exception <a 'java/lang/NoSuchMethodError'{0x00000000946817b0}: 'java.lang.Object java.lang.invoke.DirectMethodHandle$Holder.newInvokeSpecial(java.lang.Object, int, java.lang.Object, int)'> (0x00000000946817b0) 
thrown [s\src\hotspot\share\interpreter\linkResolver.cpp, line 784]
Event: 27.739 Thread 0x000001e846cd0030 Exception <a 'java/lang/NoSuchMethodError'{0x0000000092155460}: 'java.lang.Object java.lang.invoke.DirectMethodHandle$Holder.invokeStatic(java.lang.Object, java.lang.Object, java.lang.Object, java.lang.Object, int, java.lang.Object)'> (0x0000000092155460) 
thrown [s\src\hotspot\share\interpreter\linkResolver.cpp, line 784]
Event: 27.998 Thread 0x000001e846cd0030 Exception <a 'java/lang/NoSuchMethodError'{0x00000000971446c0}: 'java.lang.Object java.lang.invoke.DirectMethodHandle$Holder.newInvokeSpecial(java.lang.Object, java.lang.Object, int, java.lang.Object)'> (0x00000000971446c0) 
thrown [s\src\hotspot\share\interpreter\linkResolver.cpp, line 784]
Event: 27.998 Thread 0x000001e846cd0030 Exception <a 'java/lang/NoSuchMethodError'{0x00000000971486f8}: 'java.lang.Object java.lang.invoke.DirectMethodHandle$Holder.invokeSpecial(java.lang.Object, java.lang.Object, java.lang.Object, int, java.lang.Object)'> (0x00000000971486f8) 
thrown [s\src\hotspot\share\interpreter\linkResolver.cpp, line 784]
Event: 27.999 Thread 0x000001e846cd0030 Exception <a 'java/lang/NoSuchMethodError'{0x000000009714c0c8}: 'java.lang.Object java.lang.invoke.Invokers$Holder.linkToTargetMethod(java.lang.Object, int, java.lang.Object, java.lang.Object)'> (0x000000009714c0c8) 
thrown [s\src\hotspot\share\interpreter\linkResolver.cpp, line 784]
Event: 28.481 Thread 0x000001e846cd0030 Exception <a 'java/lang/NoSuchMethodError'{0x000000009662edc0}: 'java.lang.Object java.lang.invoke.DirectMethodHandle$Holder.invokeStatic(java.lang.Object, java.lang.Object, java.lang.Object, java.lang.Object, java.lang.Object, java.lang.Object, java.lang.Object, int, java.lang.Object, java.lang.Object)'> (0x000000009662edc0) 
thrown [s\src\hotspot\share\interpreter\linkResolver.cpp, line 784]
Event: 28.791 Thread 0x000001e846cd0030 Implicit null exception at 0x000001e8548ae3dd to 0x000001e8548ae494
Event: 28.791 Thread 0x000001e846cd0030 Implicit null exception at 0x000001e8543add60 to 0x000001e8543ade9d

ZGC Phase Switch (0 events):
No events

VM Operations (20 events):
Event: 28.285 Executing safepoint VM operation: ICBufferFull done
Event: 28.320 Executing non-safepoint VM operation: HandshakeAllThreads (Deoptimize)
Event: 28.320 Executing non-safepoint VM operation: HandshakeAllThreads (Deoptimize) done
Event: 28.364 Executing safepoint VM operation: ICBufferFull
Event: 28.365 Executing safepoint VM operation: ICBufferFull done
Event: 28.511 Executing safepoint VM operation: ICBufferFull
Event: 28.511 Executing safepoint VM operation: ICBufferFull done
Event: 28.756 Executing safepoint VM operation: ICBufferFull
Event: 28.756 Executing safepoint VM operation: ICBufferFull done
Event: 28.979 Executing safepoint VM operation: ICBufferFull
Event: 28.979 Executing safepoint VM operation: ICBufferFull done
Event: 29.208 Executing safepoint VM operation: ICBufferFull
Event: 29.208 Executing safepoint VM operation: ICBufferFull done
Event: 29.389 Executing safepoint VM operation: ICBufferFull
Event: 29.389 Executing safepoint VM operation: ICBufferFull done
Event: 29.762 Executing safepoint VM operation: G1TryInitiateConcMark (CodeCache GC Threshold)
Event: 29.777 Executing safepoint VM operation: G1TryInitiateConcMark (CodeCache GC Threshold) done
Event: 29.988 Executing safepoint VM operation: ICBufferFull
Event: 29.988 Executing safepoint VM operation: ICBufferFull done
Event: 30.231 Executing safepoint VM operation: G1PauseRemark

Memory protections (0 events):
No events

Nmethod flushes (20 events):
Event: 30.252 Thread 0x000001e85fdef720 flushing  nmethod 0x000001e84f1d8410
Event: 30.252 Thread 0x000001e85fdef720 flushing  nmethod 0x000001e84f1d9790
Event: 30.252 Thread 0x000001e85fdef720 flushing  nmethod 0x000001e84f1f0e90
Event: 30.252 Thread 0x000001e85fdef720 flushing  nmethod 0x000001e84f305490
Event: 30.252 Thread 0x000001e85fdef720 flushing  nmethod 0x000001e84f307390
Event: 30.252 Thread 0x000001e85fdef720 flushing  nmethod 0x000001e84f308f90
Event: 30.252 Thread 0x000001e85fdef720 flushing  nmethod 0x000001e84f30a710
Event: 30.252 Thread 0x000001e85fdef720 flushing  nmethod 0x000001e84f311d90
Event: 30.252 Thread 0x000001e85fdef720 flushing  nmethod 0x000001e84f313d10
Event: 30.252 Thread 0x000001e85fdef720 flushing  nmethod 0x000001e84f314810
Event: 30.252 Thread 0x000001e85fdef720 flushing  nmethod 0x000001e84f35ad90
Event: 30.252 Thread 0x000001e85fdef720 flushing  nmethod 0x000001e84f35cf10
Event: 30.252 Thread 0x000001e85fdef720 flushing  nmethod 0x000001e84f35f790
Event: 30.252 Thread 0x000001e85fdef720 flushing  nmethod 0x000001e84f418c90
Event: 30.252 Thread 0x000001e85fdef720 flushing  nmethod 0x000001e84f419c10
Event: 30.252 Thread 0x000001e85fdef720 flushing  nmethod 0x000001e84f41b390
Event: 30.252 Thread 0x000001e85fdef720 flushing  nmethod 0x000001e84f41cc10
Event: 30.252 Thread 0x000001e85fdef720 flushing  nmethod 0x000001e84f41e710
Event: 30.252 Thread 0x000001e85fdef720 flushing  nmethod 0x000001e84f421310
Event: 30.252 Thread 0x000001e85fdef720 flushing  nmethod 0x000001e84f5d0910

Events (18 events):
Event: 0.015 Thread 0x000001e846cd0030 Thread added: 0x000001e846cd0030
Event: 0.057 Thread 0x000001e846cd0030 Thread added: 0x000001e864046460
Event: 0.063 Thread 0x000001e846cd0030 Thread added: 0x000001e8640289f0
Event: 0.063 Thread 0x000001e846cd0030 Thread added: 0x000001e864029540
Event: 0.064 Thread 0x000001e846cd0030 Thread added: 0x000001e8640271a0
Event: 0.064 Thread 0x000001e846cd0030 Thread added: 0x000001e864082110
Event: 0.064 Thread 0x000001e846cd0030 Thread added: 0x000001e86408bb90
Event: 0.064 Thread 0x000001e846cd0030 Thread added: 0x000001e86408c5f0
Event: 0.065 Thread 0x000001e846cd0030 Thread added: 0x000001e864071050
Event: 0.065 Thread 0x000001e846cd0030 Thread added: 0x000001e86408cd90
Event: 0.111 Thread 0x000001e846cd0030 Thread added: 0x000001e8642263c0
Event: 0.122 Loaded shared library C:\Program Files\Android\Android Studio\jbr\bin\net.dll
Event: 0.124 Loaded shared library C:\Program Files\Android\Android Studio\jbr\bin\nio.dll
Event: 0.142 Thread 0x000001e864071050 Thread added: 0x000001e8642986d0
Event: 0.155 Loaded shared library C:\Program Files\Android\Android Studio\jbr\bin\zip.dll
Event: 0.190 Loaded shared library C:\Program Files\Android\Android Studio\jbr\bin\jimage.dll
Event: 2.131 Thread 0x000001e8642986d0 Thread exited: 0x000001e8642986d0
Event: 2.306 Thread 0x000001e86408cd90 Thread added: 0x000001e86678da00


Dynamic libraries:
0x00007ff79d980000 - 0x00007ff79d98a000 	C:\Program Files\Android\Android Studio\jbr\bin\java.exe
0x00007ffc5e3c0000 - 0x00007ffc5e626000 	C:\Windows\SYSTEM32\ntdll.dll
0x00007ffc5dc50000 - 0x00007ffc5dd19000 	C:\Windows\System32\KERNEL32.DLL
0x00007ffc5bae0000 - 0x00007ffc5bede000 	C:\Windows\System32\KERNELBASE.dll
0x00007ffc5b5e0000 - 0x00007ffc5b72c000 	C:\Windows\System32\ucrtbase.dll
0x00007ffc55940000 - 0x00007ffc5595b000 	C:\Program Files\Android\Android Studio\jbr\bin\VCRUNTIME140.dll
0x00007ffc4c8e0000 - 0x00007ffc4c8f8000 	C:\Program Files\Android\Android Studio\jbr\bin\jli.dll
0x00007ffc5d890000 - 0x00007ffc5da57000 	C:\Windows\System32\USER32.dll
0x00007ffc41810000 - 0x00007ffc41aa2000 	C:\Windows\WinSxS\amd64_microsoft.windows.common-controls_6595b64144ccf1df_6.0.26100.8875_none_3e0d5d42e32fe9dd\COMCTL32.dll
0x00007ffc5b740000 - 0x00007ffc5b767000 	C:\Windows\System32\win32u.dll
0x00007ffc5d5e0000 - 0x00007ffc5d689000 	C:\Windows\System32\msvcrt.dll
0x00007ffc5c900000 - 0x00007ffc5c92b000 	C:\Windows\System32\GDI32.dll
0x00007ffc5b770000 - 0x00007ffc5b89a000 	C:\Windows\System32\gdi32full.dll
0x00007ffc5c040000 - 0x00007ffc5c0e3000 	C:\Windows\System32\msvcp_win.dll
0x00007ffc5d570000 - 0x00007ffc5d5a2000 	C:\Windows\System32\IMM32.DLL
0x00007ffc558f0000 - 0x00007ffc558fc000 	C:\Program Files\Android\Android Studio\jbr\bin\vcruntime140_1.dll
0x00007ffc479c0000 - 0x00007ffc47a4d000 	C:\Program Files\Android\Android Studio\jbr\bin\msvcp140.dll
0x00007ffbd6eb0000 - 0x00007ffbd7b46000 	C:\Program Files\Android\Android Studio\jbr\bin\server\jvm.dll
0x00007ffc5d740000 - 0x00007ffc5d7f7000 	C:\Windows\System32\ADVAPI32.dll
0x00007ffc5d690000 - 0x00007ffc5d73a000 	C:\Windows\System32\sechost.dll
0x00007ffc5e030000 - 0x00007ffc5e148000 	C:\Windows\System32\RPCRT4.dll
0x00007ffc5e2f0000 - 0x00007ffc5e370000 	C:\Windows\System32\WS2_32.dll
0x00007ffc55c10000 - 0x00007ffc55c46000 	C:\Windows\SYSTEM32\WINMM.dll
0x00007ffc5b440000 - 0x00007ffc5b49e000 	C:\Windows\SYSTEM32\POWRPROF.dll
0x00007ffc4da30000 - 0x00007ffc4da3b000 	C:\Windows\SYSTEM32\VERSION.dll
0x00007ffc5b420000 - 0x00007ffc5b434000 	C:\Windows\SYSTEM32\UMPDC.dll
0x00007ffc5a2a0000 - 0x00007ffc5a2bb000 	C:\Windows\SYSTEM32\kernel.appcore.dll
0x00007ffc558e0000 - 0x00007ffc558ea000 	C:\Program Files\Android\Android Studio\jbr\bin\jimage.dll
0x00007ffc58a80000 - 0x00007ffc58cc2000 	C:\Windows\SYSTEM32\DBGHELP.DLL
0x00007ffc5d120000 - 0x00007ffc5d4a3000 	C:\Windows\System32\combase.dll
0x00007ffc5da60000 - 0x00007ffc5db39000 	C:\Windows\System32\OLEAUT32.dll
0x00007ffc55bd0000 - 0x00007ffc55c0b000 	C:\Windows\SYSTEM32\dbgcore.DLL
0x00007ffc5bef0000 - 0x00007ffc5bf9c000 	C:\Windows\System32\bcryptPrimitives.dll
0x00007ffc4dea0000 - 0x00007ffc4dec0000 	C:\Program Files\Android\Android Studio\jbr\bin\java.dll
0x00007ffc4de80000 - 0x00007ffc4de98000 	C:\Program Files\Android\Android Studio\jbr\bin\zip.dll
0x00007ffc5c930000 - 0x00007ffc5d0c2000 	C:\Windows\System32\SHELL32.dll
0x00007ffc59050000 - 0x00007ffc598e2000 	C:\Windows\SYSTEM32\windows.storage.dll
0x00007ffc5dd50000 - 0x00007ffc5de47000 	C:\Windows\System32\SHCORE.dll
0x00007ffc5c890000 - 0x00007ffc5c8f7000 	C:\Windows\System32\shlwapi.dll
0x00007ffc5b500000 - 0x00007ffc5b529000 	C:\Windows\SYSTEM32\profapi.dll
0x00007ffc558d0000 - 0x00007ffc558e0000 	C:\Program Files\Android\Android Studio\jbr\bin\net.dll
0x00007ffc4c620000 - 0x00007ffc4c747000 	C:\Windows\SYSTEM32\WINHTTP.dll
0x00007ffc5a870000 - 0x00007ffc5a8dc000 	C:\Windows\system32\mswsock.dll
0x00007ffc4de60000 - 0x00007ffc4de76000 	C:\Program Files\Android\Android Studio\jbr\bin\nio.dll
0x00007ffc4c970000 - 0x00007ffc4c980000 	C:\Program Files\Android\Android Studio\jbr\bin\verify.dll

JVMTI agents: none

dbghelp: loaded successfully - version: 4.0.5 - missing functions: none
symbol engine: initialized successfully - sym options: 0x614 - pdb path: .;C:\Program Files\Android\Android Studio\jbr\bin;C:\Windows\SYSTEM32;C:\Windows\WinSxS\amd64_microsoft.windows.common-controls_6595b64144ccf1df_6.0.26100.8875_none_3e0d5d42e32fe9dd;C:\Program Files\Android\Android Studio\jbr\bin\server

VM Arguments:
java_command: org.jetbrains.kotlin.cli.jvm.K2JVMCompiler @C:\Users\ak759\StudioProjects\Smart-Attendance-App\app\build\20260728_14707025831334643077.compiler.options
java_class_path (initial): C:\Users\ak759\.gradle\caches\modules-2\files-2.1\org.jetbrains.kotlin\kotlin-compiler-embeddable\2.0.21\79346ed53db48b18312a472602eb5c057070c54d\kotlin-compiler-embeddable-2.0.21.jar;C:\Users\ak759\.gradle\caches\modules-2\files-2.1\org.jetbrains.kotlin\kotlin-stdlib\2.0.21\618b539767b4899b4660a83006e052b63f1db551\kotlin-stdlib-2.0.21.jar;C:\Users\ak759\.gradle\caches\modules-2\files-2.1\org.jetbrains.kotlin\kotlin-script-runtime\2.0.21\c9b044380ad41f89aa89aa896c2d32a8c0b2129d\kotlin-script-runtime-2.0.21.jar;C:\Users\ak759\.gradle\caches\modules-2\files-2.1\org.jetbrains.kotlin\kotlin-reflect\1.6.10\1cbe9c92c12a94eea200d23c2bbaedaf3daf5132\kotlin-reflect-1.6.10.jar;C:\Users\ak759\.gradle\caches\modules-2\files-2.1\org.jetbrains.kotlin\kotlin-daemon-embeddable\2.0.21\c9e933b23287de9b5a17e2116b4657bb91aea72c\kotlin-daemon-embeddable-2.0.21.jar;C:\Users\ak759\.gradle\caches\modules-2\files-2.1\org.jetbrains.intellij.deps\trove4j\1.0.20200330\3afb14d5f9ceb459d724e907a21145e8ff394f02\trove4j-1.0.20200330.jar;C:\Users\ak759\.gradle\caches\modules-2\files-2.1\org.jetbrains.kotlinx\kotlinx-coroutines-core-jvm\1.6.4\2c997cd1c0ef33f3e751d3831929aeff1390cb30\kotlinx-coroutines-core-jvm-1.6.4.jar;C:\Users\ak759\.gradle\caches\modules-2\files-2.1\org.jetbrains\annotations\13.0\919f0dfe192fb4e063e7dacadee7f8bb9a2672a9\annotations-13.0.jar
Launcher Type: SUN_STANDARD

[Global flags]
     intx CICompilerCount                          = 3                                         {product} {ergonomic}
     uint ConcGCThreads                            = 1                                         {product} {ergonomic}
     uint G1ConcRefinementThreads                  = 4                                         {product} {ergonomic}
   size_t G1HeapRegionSize                         = 1048576                                   {product} {ergonomic}
    uintx GCDrainStackTargetSize                   = 64                                        {product} {ergonomic}
   size_t InitialHeapSize                          = 132120576                                 {product} {ergonomic}
   size_t MarkStackSize                            = 4194304                                   {product} {ergonomic}
   size_t MaxHeapSize                              = 2090860544                                {product} {ergonomic}
   size_t MaxNewSize                               = 1254096896                                {product} {ergonomic}
   size_t MinHeapDeltaBytes                        = 1048576                                   {product} {ergonomic}
   size_t MinHeapSize                              = 8388608                                   {product} {ergonomic}
    uintx NonNMethodCodeHeapSize                   = 5832780                                {pd product} {ergonomic}
    uintx NonProfiledCodeHeapSize                  = 122912730                              {pd product} {ergonomic}
    uintx ProfiledCodeHeapSize                     = 122912730                              {pd product} {ergonomic}
    uintx ReservedCodeCacheSize                    = 251658240                              {pd product} {ergonomic}
     bool SegmentedCodeCache                       = true                                      {product} {ergonomic}
   size_t SoftMaxHeapSize                          = 2090860544                             {manageable} {ergonomic}
     bool UseCompressedOops                        = true                           {product lp64_product} {ergonomic}
     bool UseG1GC                                  = true                                      {product} {ergonomic}
     bool UseLargePagesIndividualAllocation        = false                                  {pd product} {ergonomic}

Logging:
Log output configuration:
 #0: stdout all=warning uptime,level,tags foldmultilines=false
 #1: stderr all=off uptime,level,tags foldmultilines=false

Release file:
JAVA_VERSION="21.0.10" 
MODULES="java.base java.compiler java.datatransfer java.xml java.prefs java.desktop java.instrument java.logging java.management java.security.sasl java.naming java.rmi java.management.rmi java.net.http java.scripting java.security.jgss java.transaction.xa java.sql java.sql.rowset java.xml.crypto java.se java.smartcardio jdk.accessibility jdk.internal.jvmstat jdk.attach jdk.charsets jdk.internal.opt jdk.zipfs jdk.compiler jdk.crypto.ec jdk.crypto.cryptoki jdk.dynalink jdk.hotspot.agent jdk.httpserver jdk.internal.ed jdk.internal.le jdk.internal.vm.ci jdk.jartool jdk.javadoc jdk.jcmd jdk.jdeps jdk.jdwp.agent jdk.jdi jdk.jfr jdk.jlink jdk.jsobject jdk.localedata jdk.management jdk.management.agent jdk.management.jfr jdk.naming.dns jdk.naming.rmi jdk.net jdk.sctp jdk.security.auth jdk.security.jgss jdk.unsupported jdk.unsupported.desktop jdk.xml.dom" 
IMPLEMENTOR="JetBrains s.r.o." 
JAVA_RUNTIME_VERSION="21.0.10+-14961533-b1163.108" 
LIBC="default" 
OS_ARCH="x86_64" 
OS_NAME="Windows" 
SOURCE=".:git:1351622c2ff2" 

Environment Variables:
PATH=C:\Windows\system32;C:\Windows;C:\Windows\System32\Wbem;C:\Windows\System32\WindowsPowerShell\v1.0\;C:\Windows\System32\OpenSSH\;C:\Program Files\Git\cmd;C:\MinGW\bin;C:\Users\ak759\AppData\Local\Microsoft\WindowsApps;C:\Users\ak759\AppData\Local\Programs\Microsoft VS Code\bin;D:\Downloads\winlibs-x86_64-posix-seh-gcc-16.1.0-mingw-w64ucrt-14.0.0-r3\mingw64\bin;
USERNAME=ak759
OS=Windows_NT
PROCESSOR_IDENTIFIER=Intel64 Family 6 Model 140 Stepping 1, GenuineIntel
TMP=C:\Users\ak759\AppData\Local\Temp
TEMP=C:\Users\ak759\AppData\Local\Temp




Periodic native trim disabled

JNI global refs:
JNI global refs: 11, weak refs: 1

JNI global refs memory usage: 835, weak refs: 833

Process memory usage:
Resident Set Size: 664572K (8% of 8166712K total physical memory with 321204K free physical memory)

OOME stack traces (most recent first):
Classloader memory used:
Loader jdk.internal.loader.ClassLoaders$AppClassLoader                                 : 75308K
Loader bootstrap                                                                       : 11902K
Loader java.net.URLClassLoader                                                         : 2810K

---------------  S Y S T E M  ---------------

OS:
 Windows 11 , 64 bit Build 26100 (10.0.26100.8875)
OS uptime: 0 days 3:27 hours
Hyper-V role detected

CPU: total 4 (initial active 4) (2 cores per cpu, 2 threads per core) family 6 model 140 stepping 1 microcode 0x8a, cx8, cmov, fxsr, ht, mmx, 3dnowpref, sse, sse2, sse3, ssse3, sse4.1, sse4.2, popcnt, lzcnt, tsc, tscinvbit, avx, avx2, aes, erms, clmul, bmi1, bmi2, adx, avx512f, avx512dq, avx512cd, avx512bw, avx512vl, sha, fma, vzeroupper, avx512_vpopcntdq, avx512_vpclmulqdq, avx512_vaes, avx512_vnni, clflush, clflushopt, clwb, avx512_vbmi2, avx512_vbmi, hv, rdtscp, rdpid, fsrm, gfni, avx512_bitalg, f16c, cet_ibt, cet_ss, avx512_ifma
Processor Information for the first 4 processors :
  Max Mhz: 2995, Current Mhz: 2995, Mhz Limit: 2995

Memory: 4k page, system-wide physical 7975M (313M free)
TotalPageFile size 10813M (AvailPageFile size 29M)
current process WorkingSet (physical memory assigned to process): 648M, peak: 650M
current process commit charge ("private bytes"): 661M, peak: 707M

vm_info: OpenJDK 64-Bit Server VM (21.0.10+-14961533-b1163.108) for windows-amd64 JRE (21.0.10+-14961533-b1163.108), built on 2026-03-02T19:58:50Z by "builder" with MS VC++ 16.10 / 16.11 (VS2019)

END.
